2026-06-22 01:45:22,855 INFO Logging to /home/peytonli/26.6_wind/logs/train_20260622_014522.log
2026-06-22 01:45:22,855 INFO Config:
{
  "seed": 0,
  "paths": {
    "data_dir": "/home/peytonli/26.6_wind/data",
    "log_dir": "/home/peytonli/26.6_wind/logs",
    "splits_path": "/home/peytonli/26.6_wind/data/splits_70_15_15/split_indices.npz"
  },
  "model": {
    "img_size": 200,
    "embed_dim": 96,
    "depths": [
      4,
      4,
      4
    ],
    "num_heads": [
      6,
      6,
      6
    ],
    "window_size": 8,
    "mlp_ratio": 4.0,
    "head_init_std": 0.001,
    "chol_diag_init": 1.0
  },
  "training": {
    "batch_size": 4,
    "num_epochs": 100,
    "learning_rate": 0.001,
    "weight_decay": 0.0,
    "l1_weight": 1.0,
    "grad_clip_norm": 1.0,
    "num_workers": 2,
    "val_interval": 1,
    "lr_milestone_fractions": [
      0.5,
      0.75,
      0.9
    ],
    "lr_gamma": 0.5
  },
  "logging": {
    "log_every": 50
  }
}
2026-06-22 01:45:22,856 INFO Using device: cuda
2026-06-22 01:45:22,858 INFO Train samples: 4744, Val samples: 1013
2026-06-22 01:45:25,445 INFO Total parameters: 2102581
2026-06-22 01:45:25,446 INFO LR schedule: milestones (steps) = [59300, 88950, 106740] (of 118600 total), gamma = 0.500
2026-06-22 01:45:58,607 INFO Epoch 0 | Batch 50/1186 | Loss 6.91739 (NLL 4.95672, L1 1.96067) | LR 1.00e-03
2026-06-22 01:46:31,463 INFO Epoch 0 | Batch 100/1186 | Loss 6.43839 (NLL 4.56441, L1 1.87398) | LR 1.00e-03
2026-06-22 01:47:04,328 INFO Epoch 0 | Batch 150/1186 | Loss 6.43344 (NLL 4.54435, L1 1.88909) | LR 1.00e-03
2026-06-22 01:47:37,103 INFO Epoch 0 | Batch 200/1186 | Loss 6.59297 (NLL 4.61063, L1 1.98234) | LR 1.00e-03
2026-06-22 01:48:09,864 INFO Epoch 0 | Batch 250/1186 | Loss 6.64133 (NLL 4.65116, L1 1.99017) | LR 1.00e-03
2026-06-22 01:48:42,637 INFO Epoch 0 | Batch 300/1186 | Loss 6.26195 (NLL 4.43189, L1 1.83006) | LR 1.00e-03
2026-06-22 01:49:15,441 INFO Epoch 0 | Batch 350/1186 | Loss 6.49616 (NLL 4.52333, L1 1.97283) | LR 1.00e-03
2026-06-22 01:49:48,190 INFO Epoch 0 | Batch 400/1186 | Loss 6.27852 (NLL 4.43796, L1 1.84056) | LR 1.00e-03
2026-06-22 01:50:20,954 INFO Epoch 0 | Batch 450/1186 | Loss 6.48390 (NLL 4.52893, L1 1.95496) | LR 1.00e-03
2026-06-22 01:50:53,712 INFO Epoch 0 | Batch 500/1186 | Loss 6.43890 (NLL 4.49836, L1 1.94054) | LR 1.00e-03
2026-06-22 01:51:26,465 INFO Epoch 0 | Batch 550/1186 | Loss 6.40816 (NLL 4.49193, L1 1.91623) | LR 1.00e-03
2026-06-22 01:51:59,232 INFO Epoch 0 | Batch 600/1186 | Loss 6.39035 (NLL 4.47868, L1 1.91167) | LR 1.00e-03
2026-06-22 01:52:31,977 INFO Epoch 0 | Batch 650/1186 | Loss 6.39705 (NLL 4.47860, L1 1.91845) | LR 1.00e-03
2026-06-22 01:53:04,701 INFO Epoch 0 | Batch 700/1186 | Loss 6.43883 (NLL 4.49507, L1 1.94376) | LR 1.00e-03
2026-06-22 01:53:37,449 INFO Epoch 0 | Batch 750/1186 | Loss 6.33186 (NLL 4.45467, L1 1.87719) | LR 1.00e-03
2026-06-22 01:54:10,185 INFO Epoch 0 | Batch 800/1186 | Loss 6.37556 (NLL 4.47572, L1 1.89984) | LR 1.00e-03
2026-06-22 01:54:42,938 INFO Epoch 0 | Batch 850/1186 | Loss 6.45467 (NLL 4.50117, L1 1.95351) | LR 1.00e-03
2026-06-22 01:55:15,682 INFO Epoch 0 | Batch 900/1186 | Loss 6.45368 (NLL 4.49734, L1 1.95635) | LR 1.00e-03
2026-06-22 01:55:48,447 INFO Epoch 0 | Batch 950/1186 | Loss 6.30672 (NLL 4.42355, L1 1.88317) | LR 1.00e-03
2026-06-22 01:56:21,196 INFO Epoch 0 | Batch 1000/1186 | Loss 6.40396 (NLL 4.48680, L1 1.91716) | LR 1.00e-03
2026-06-22 01:56:53,957 INFO Epoch 0 | Batch 1050/1186 | Loss 6.42768 (NLL 4.52572, L1 1.90196) | LR 1.00e-03
2026-06-22 01:57:26,724 INFO Epoch 0 | Batch 1100/1186 | Loss 6.22828 (NLL 4.38505, L1 1.84323) | LR 1.00e-03
2026-06-22 01:57:59,491 INFO Epoch 0 | Batch 1150/1186 | Loss 6.32381 (NLL 4.42896, L1 1.89485) | LR 1.00e-03
2026-06-22 01:59:19,467 INFO Epoch 0 | Val Loss 6.22010
2026-06-22 01:59:19,770 INFO New best val loss: 6.22010 (saved checkpoints/best.pth)
2026-06-22 01:59:52,591 INFO Epoch 1 | Batch 50/1186 | Loss 6.37397 (NLL 4.46253, L1 1.91144) | LR 1.00e-03
2026-06-22 02:00:25,345 INFO Epoch 1 | Batch 100/1186 | Loss 6.41119 (NLL 4.48264, L1 1.92855) | LR 1.00e-03
2026-06-22 02:00:58,118 INFO Epoch 1 | Batch 150/1186 | Loss 6.30741 (NLL 4.42251, L1 1.88490) | LR 1.00e-03
2026-06-22 02:01:30,894 INFO Epoch 1 | Batch 200/1186 | Loss 6.45842 (NLL 4.49274, L1 1.96569) | LR 1.00e-03
2026-06-22 02:02:03,699 INFO Epoch 1 | Batch 250/1186 | Loss 6.27258 (NLL 4.40902, L1 1.86356) | LR 1.00e-03
2026-06-22 02:02:36,467 INFO Epoch 1 | Batch 300/1186 | Loss 6.47305 (NLL 4.52088, L1 1.95217) | LR 1.00e-03
2026-06-22 02:03:09,241 INFO Epoch 1 | Batch 350/1186 | Loss 6.30645 (NLL 4.42943, L1 1.87703) | LR 1.00e-03
2026-06-22 02:03:41,953 INFO Epoch 1 | Batch 400/1186 | Loss 6.35952 (NLL 4.45673, L1 1.90279) | LR 1.00e-03
2026-06-22 02:04:14,710 INFO Epoch 1 | Batch 450/1186 | Loss 6.29987 (NLL 4.42322, L1 1.87665) | LR 1.00e-03
2026-06-22 02:04:47,452 INFO Epoch 1 | Batch 500/1186 | Loss 6.23687 (NLL 4.37236, L1 1.86451) | LR 1.00e-03
2026-06-22 02:05:20,221 INFO Epoch 1 | Batch 550/1186 | Loss 6.37770 (NLL 4.45261, L1 1.92509) | LR 1.00e-03
2026-06-22 02:05:52,987 INFO Epoch 1 | Batch 600/1186 | Loss 6.33846 (NLL 4.45201, L1 1.88645) | LR 1.00e-03
2026-06-22 02:06:25,722 INFO Epoch 1 | Batch 650/1186 | Loss 6.41090 (NLL 4.47849, L1 1.93241) | LR 1.00e-03
2026-06-22 02:06:58,474 INFO Epoch 1 | Batch 700/1186 | Loss 6.37195 (NLL 4.44569, L1 1.92626) | LR 1.00e-03
2026-06-22 02:07:31,209 INFO Epoch 1 | Batch 750/1186 | Loss 6.39318 (NLL 4.46306, L1 1.93013) | LR 1.00e-03
2026-06-22 02:08:03,958 INFO Epoch 1 | Batch 800/1186 | Loss 6.40006 (NLL 4.47122, L1 1.92884) | LR 1.00e-03
2026-06-22 02:08:36,699 INFO Epoch 1 | Batch 850/1186 | Loss 6.28616 (NLL 4.40728, L1 1.87888) | LR 1.00e-03
2026-06-22 02:09:09,442 INFO Epoch 1 | Batch 900/1186 | Loss 6.31406 (NLL 4.40888, L1 1.90518) | LR 1.00e-03
2026-06-22 02:09:42,191 INFO Epoch 1 | Batch 950/1186 | Loss 6.41775 (NLL 4.47991, L1 1.93784) | LR 1.00e-03
2026-06-22 02:10:14,976 INFO Epoch 1 | Batch 1000/1186 | Loss 6.29567 (NLL 4.41258, L1 1.88309) | LR 1.00e-03
2026-06-22 02:10:47,726 INFO Epoch 1 | Batch 1050/1186 | Loss 6.42966 (NLL 4.46940, L1 1.96026) | LR 1.00e-03
2026-06-22 02:11:20,489 INFO Epoch 1 | Batch 1100/1186 | Loss 6.34494 (NLL 4.43889, L1 1.90605) | LR 1.00e-03
2026-06-22 02:11:53,231 INFO Epoch 1 | Batch 1150/1186 | Loss 6.41936 (NLL 4.47164, L1 1.94772) | LR 1.00e-03
2026-06-22 02:13:13,409 INFO Epoch 1 | Val Loss 6.25111
2026-06-22 02:13:46,362 INFO Epoch 2 | Batch 50/1186 | Loss 6.33223 (NLL 4.43475, L1 1.89748) | LR 1.00e-03
2026-06-22 02:14:19,107 INFO Epoch 2 | Batch 100/1186 | Loss 6.34159 (NLL 4.41906, L1 1.92253) | LR 1.00e-03
2026-06-22 02:14:51,871 INFO Epoch 2 | Batch 150/1186 | Loss 6.27238 (NLL 4.41074, L1 1.86165) | LR 1.00e-03
2026-06-22 02:15:24,592 INFO Epoch 2 | Batch 200/1186 | Loss 6.28410 (NLL 4.41173, L1 1.87238) | LR 1.00e-03
2026-06-22 02:15:57,333 INFO Epoch 2 | Batch 250/1186 | Loss 6.43133 (NLL 4.47084, L1 1.96049) | LR 1.00e-03
2026-06-22 02:16:30,058 INFO Epoch 2 | Batch 300/1186 | Loss 6.33825 (NLL 4.44145, L1 1.89680) | LR 1.00e-03
2026-06-22 02:17:02,795 INFO Epoch 2 | Batch 350/1186 | Loss 6.40970 (NLL 4.47336, L1 1.93634) | LR 1.00e-03
2026-06-22 02:17:35,524 INFO Epoch 2 | Batch 400/1186 | Loss 6.22065 (NLL 4.37232, L1 1.84832) | LR 1.00e-03
2026-06-22 02:18:08,279 INFO Epoch 2 | Batch 450/1186 | Loss 6.32030 (NLL 4.41273, L1 1.90757) | LR 1.00e-03
2026-06-22 02:18:41,030 INFO Epoch 2 | Batch 500/1186 | Loss 6.53201 (NLL 4.54524, L1 1.98677) | LR 1.00e-03
2026-06-22 02:19:13,782 INFO Epoch 2 | Batch 550/1186 | Loss 6.39754 (NLL 4.44563, L1 1.95191) | LR 1.00e-03
2026-06-22 02:19:46,538 INFO Epoch 2 | Batch 600/1186 | Loss 6.24720 (NLL 4.38990, L1 1.85730) | LR 1.00e-03
2026-06-22 02:20:19,274 INFO Epoch 2 | Batch 650/1186 | Loss 6.24874 (NLL 4.38842, L1 1.86032) | LR 1.00e-03
2026-06-22 02:20:52,014 INFO Epoch 2 | Batch 700/1186 | Loss 6.36235 (NLL 4.43764, L1 1.92471) | LR 1.00e-03
2026-06-22 02:21:24,742 INFO Epoch 2 | Batch 750/1186 | Loss 6.37454 (NLL 4.44692, L1 1.92762) | LR 1.00e-03
2026-06-22 02:21:57,504 INFO Epoch 2 | Batch 800/1186 | Loss 6.28790 (NLL 4.42507, L1 1.86284) | LR 1.00e-03
2026-06-22 02:22:30,253 INFO Epoch 2 | Batch 850/1186 | Loss 6.34440 (NLL 4.43791, L1 1.90650) | LR 1.00e-03
2026-06-22 02:23:02,984 INFO Epoch 2 | Batch 900/1186 | Loss 6.33802 (NLL 4.44081, L1 1.89721) | LR 1.00e-03
2026-06-22 02:23:35,719 INFO Epoch 2 | Batch 950/1186 | Loss 6.41457 (NLL 4.47973, L1 1.93484) | LR 1.00e-03
2026-06-22 02:24:08,464 INFO Epoch 2 | Batch 1000/1186 | Loss 6.41046 (NLL 4.46785, L1 1.94261) | LR 1.00e-03
2026-06-22 02:24:41,228 INFO Epoch 2 | Batch 1050/1186 | Loss 6.40808 (NLL 4.47136, L1 1.93672) | LR 1.00e-03
2026-06-22 02:25:13,949 INFO Epoch 2 | Batch 1100/1186 | Loss 6.34392 (NLL 4.44245, L1 1.90147) | LR 1.00e-03
2026-06-22 02:25:46,698 INFO Epoch 2 | Batch 1150/1186 | Loss 6.41937 (NLL 4.46826, L1 1.95111) | LR 1.00e-03
2026-06-22 02:27:06,734 INFO Epoch 2 | Val Loss 6.19902
2026-06-22 02:27:07,069 INFO New best val loss: 6.19902 (saved checkpoints/best.pth)
2026-06-22 02:27:39,911 INFO Epoch 3 | Batch 50/1186 | Loss 6.28265 (NLL 4.40379, L1 1.87886) | LR 1.00e-03
2026-06-22 02:28:12,671 INFO Epoch 3 | Batch 100/1186 | Loss 6.26851 (NLL 4.38740, L1 1.88110) | LR 1.00e-03
2026-06-22 02:28:45,400 INFO Epoch 3 | Batch 150/1186 | Loss 6.33140 (NLL 4.43917, L1 1.89223) | LR 1.00e-03
2026-06-22 02:29:18,150 INFO Epoch 3 | Batch 200/1186 | Loss 6.30781 (NLL 4.41635, L1 1.89147) | LR 1.00e-03
2026-06-22 02:29:50,885 INFO Epoch 3 | Batch 250/1186 | Loss 6.33252 (NLL 4.43513, L1 1.89740) | LR 1.00e-03
2026-06-22 02:30:23,631 INFO Epoch 3 | Batch 300/1186 | Loss 6.28586 (NLL 4.41452, L1 1.87134) | LR 1.00e-03
2026-06-22 02:30:56,353 INFO Epoch 3 | Batch 350/1186 | Loss 6.45579 (NLL 4.48787, L1 1.96792) | LR 1.00e-03
2026-06-22 02:31:29,092 INFO Epoch 3 | Batch 400/1186 | Loss 6.36305 (NLL 4.44619, L1 1.91686) | LR 1.00e-03
2026-06-22 02:32:01,817 INFO Epoch 3 | Batch 450/1186 | Loss 6.38997 (NLL 4.45241, L1 1.93756) | LR 1.00e-03
2026-06-22 02:32:34,562 INFO Epoch 3 | Batch 500/1186 | Loss 6.48776 (NLL 4.49363, L1 1.99413) | LR 1.00e-03
2026-06-22 02:33:07,298 INFO Epoch 3 | Batch 550/1186 | Loss 6.33864 (NLL 4.44365, L1 1.89499) | LR 1.00e-03
2026-06-22 02:33:40,023 INFO Epoch 3 | Batch 600/1186 | Loss 6.16537 (NLL 4.35462, L1 1.81075) | LR 1.00e-03
2026-06-22 02:34:12,753 INFO Epoch 3 | Batch 650/1186 | Loss 6.37721 (NLL 4.44839, L1 1.92882) | LR 1.00e-03
2026-06-22 02:34:45,483 INFO Epoch 3 | Batch 700/1186 | Loss 6.33786 (NLL 4.42542, L1 1.91245) | LR 1.00e-03
2026-06-22 02:35:18,225 INFO Epoch 3 | Batch 750/1186 | Loss 6.38994 (NLL 4.46217, L1 1.92777) | LR 1.00e-03
2026-06-22 02:35:50,962 INFO Epoch 3 | Batch 800/1186 | Loss 6.27021 (NLL 4.39490, L1 1.87531) | LR 1.00e-03
2026-06-22 02:36:23,715 INFO Epoch 3 | Batch 850/1186 | Loss 6.38541 (NLL 4.46151, L1 1.92390) | LR 1.00e-03
2026-06-22 02:36:56,454 INFO Epoch 3 | Batch 900/1186 | Loss 6.43151 (NLL 4.46121, L1 1.97031) | LR 1.00e-03
2026-06-22 02:37:29,208 INFO Epoch 3 | Batch 950/1186 | Loss 6.35530 (NLL 4.44765, L1 1.90765) | LR 1.00e-03
2026-06-22 02:38:01,980 INFO Epoch 3 | Batch 1000/1186 | Loss 6.35697 (NLL 4.42766, L1 1.92931) | LR 1.00e-03
2026-06-22 02:38:34,725 INFO Epoch 3 | Batch 1050/1186 | Loss 6.32995 (NLL 4.42357, L1 1.90638) | LR 1.00e-03
2026-06-22 02:39:07,465 INFO Epoch 3 | Batch 1100/1186 | Loss 6.35141 (NLL 4.44045, L1 1.91096) | LR 1.00e-03
2026-06-22 02:39:40,188 INFO Epoch 3 | Batch 1150/1186 | Loss 6.29197 (NLL 4.40392, L1 1.88805) | LR 1.00e-03
2026-06-22 02:41:00,201 INFO Epoch 3 | Val Loss 6.19702
2026-06-22 02:41:00,557 INFO New best val loss: 6.19702 (saved checkpoints/best.pth)
2026-06-22 02:41:33,350 INFO Epoch 4 | Batch 50/1186 | Loss 6.39557 (NLL 4.47710, L1 1.91847) | LR 1.00e-03
2026-06-22 02:42:06,110 INFO Epoch 4 | Batch 100/1186 | Loss 6.33373 (NLL 4.42918, L1 1.90455) | LR 1.00e-03
2026-06-22 02:42:38,849 INFO Epoch 4 | Batch 150/1186 | Loss 6.41589 (NLL 4.46723, L1 1.94866) | LR 1.00e-03
2026-06-22 02:43:11,625 INFO Epoch 4 | Batch 200/1186 | Loss 6.35074 (NLL 4.43052, L1 1.92022) | LR 1.00e-03
2026-06-22 02:43:44,378 INFO Epoch 4 | Batch 250/1186 | Loss 6.32971 (NLL 4.42816, L1 1.90155) | LR 1.00e-03
2026-06-22 02:44:17,149 INFO Epoch 4 | Batch 300/1186 | Loss 6.17829 (NLL 4.35140, L1 1.82688) | LR 1.00e-03
2026-06-22 02:44:49,899 INFO Epoch 4 | Batch 350/1186 | Loss 6.23119 (NLL 4.37985, L1 1.85133) | LR 1.00e-03
2026-06-22 02:45:22,733 INFO Epoch 4 | Batch 400/1186 | Loss 6.36198 (NLL 4.43933, L1 1.92265) | LR 1.00e-03
2026-06-22 02:45:55,626 INFO Epoch 4 | Batch 450/1186 | Loss 6.34212 (NLL 4.43282, L1 1.90931) | LR 1.00e-03
2026-06-22 02:46:28,477 INFO Epoch 4 | Batch 500/1186 | Loss 6.42547 (NLL 4.46326, L1 1.96221) | LR 1.00e-03
2026-06-22 02:47:01,215 INFO Epoch 4 | Batch 550/1186 | Loss 6.42896 (NLL 4.46640, L1 1.96256) | LR 1.00e-03
2026-06-22 02:47:35,054 INFO Epoch 4 | Batch 600/1186 | Loss 6.28577 (NLL 4.40033, L1 1.88544) | LR 1.00e-03
2026-06-22 02:48:07,805 INFO Epoch 4 | Batch 650/1186 | Loss 6.27362 (NLL 4.40052, L1 1.87310) | LR 1.00e-03
2026-06-22 02:48:40,526 INFO Epoch 4 | Batch 700/1186 | Loss 6.31135 (NLL 4.41813, L1 1.89322) | LR 1.00e-03
2026-06-22 02:49:13,272 INFO Epoch 4 | Batch 750/1186 | Loss 6.28240 (NLL 4.41396, L1 1.86844) | LR 1.00e-03
2026-06-22 02:49:45,999 INFO Epoch 4 | Batch 800/1186 | Loss 6.38957 (NLL 4.45886, L1 1.93070) | LR 1.00e-03
2026-06-22 02:50:18,747 INFO Epoch 4 | Batch 850/1186 | Loss 6.27816 (NLL 4.39169, L1 1.88647) | LR 1.00e-03
2026-06-22 02:50:51,477 INFO Epoch 4 | Batch 900/1186 | Loss 6.33928 (NLL 4.43350, L1 1.90578) | LR 1.00e-03
2026-06-22 02:51:24,215 INFO Epoch 4 | Batch 950/1186 | Loss 6.17547 (NLL 4.34743, L1 1.82804) | LR 1.00e-03
2026-06-22 02:51:56,953 INFO Epoch 4 | Batch 1000/1186 | Loss 6.23273 (NLL 4.37680, L1 1.85593) | LR 1.00e-03
2026-06-22 02:52:29,674 INFO Epoch 4 | Batch 1050/1186 | Loss 6.25643 (NLL 4.39729, L1 1.85915) | LR 1.00e-03
2026-06-22 02:53:02,427 INFO Epoch 4 | Batch 1100/1186 | Loss 6.44611 (NLL 4.47221, L1 1.97390) | LR 1.00e-03
2026-06-22 02:53:35,176 INFO Epoch 4 | Batch 1150/1186 | Loss 6.37858 (NLL 4.44475, L1 1.93383) | LR 1.00e-03
2026-06-22 02:54:55,159 INFO Epoch 4 | Val Loss 6.18686
2026-06-22 02:54:55,494 INFO New best val loss: 6.18686 (saved checkpoints/best.pth)
2026-06-22 02:55:28,289 INFO Epoch 5 | Batch 50/1186 | Loss 6.26446 (NLL 4.37809, L1 1.88638) | LR 1.00e-03
2026-06-22 02:56:01,025 INFO Epoch 5 | Batch 100/1186 | Loss 6.41064 (NLL 4.46586, L1 1.94478) | LR 1.00e-03
2026-06-22 02:56:33,757 INFO Epoch 5 | Batch 150/1186 | Loss 6.40140 (NLL 4.46207, L1 1.93933) | LR 1.00e-03
2026-06-22 02:57:06,503 INFO Epoch 5 | Batch 200/1186 | Loss 6.24127 (NLL 4.38661, L1 1.85467) | LR 1.00e-03
2026-06-22 02:57:39,243 INFO Epoch 5 | Batch 250/1186 | Loss 6.19055 (NLL 4.35903, L1 1.83152) | LR 1.00e-03
2026-06-22 02:58:11,990 INFO Epoch 5 | Batch 300/1186 | Loss 6.38882 (NLL 4.44998, L1 1.93883) | LR 1.00e-03
2026-06-22 02:58:44,729 INFO Epoch 5 | Batch 350/1186 | Loss 6.44541 (NLL 4.48929, L1 1.95612) | LR 1.00e-03
2026-06-22 02:59:17,484 INFO Epoch 5 | Batch 400/1186 | Loss 6.18381 (NLL 4.35099, L1 1.83283) | LR 1.00e-03
2026-06-22 02:59:50,259 INFO Epoch 5 | Batch 450/1186 | Loss 6.24590 (NLL 4.37376, L1 1.87214) | LR 1.00e-03
2026-06-22 03:00:23,022 INFO Epoch 5 | Batch 500/1186 | Loss 6.33914 (NLL 4.43101, L1 1.90813) | LR 1.00e-03
2026-06-22 03:00:55,752 INFO Epoch 5 | Batch 550/1186 | Loss 6.22900 (NLL 4.36756, L1 1.86144) | LR 1.00e-03
2026-06-22 03:01:28,493 INFO Epoch 5 | Batch 600/1186 | Loss 6.22444 (NLL 4.36678, L1 1.85766) | LR 1.00e-03
2026-06-22 03:02:01,213 INFO Epoch 5 | Batch 650/1186 | Loss 6.36565 (NLL 4.45601, L1 1.90964) | LR 1.00e-03
2026-06-22 03:02:33,941 INFO Epoch 5 | Batch 700/1186 | Loss 6.37364 (NLL 4.43963, L1 1.93401) | LR 1.00e-03
2026-06-22 03:03:06,671 INFO Epoch 5 | Batch 750/1186 | Loss 6.26371 (NLL 4.38534, L1 1.87838) | LR 1.00e-03
2026-06-22 03:03:39,430 INFO Epoch 5 | Batch 800/1186 | Loss 6.24789 (NLL 4.38688, L1 1.86101) | LR 1.00e-03
2026-06-22 03:04:12,190 INFO Epoch 5 | Batch 850/1186 | Loss 6.32571 (NLL 4.41703, L1 1.90868) | LR 1.00e-03
2026-06-22 03:04:44,908 INFO Epoch 5 | Batch 900/1186 | Loss 6.27698 (NLL 4.39404, L1 1.88293) | LR 1.00e-03
2026-06-22 03:05:17,651 INFO Epoch 5 | Batch 950/1186 | Loss 6.26905 (NLL 4.39687, L1 1.87219) | LR 1.00e-03
2026-06-22 03:05:50,381 INFO Epoch 5 | Batch 1000/1186 | Loss 6.44993 (NLL 4.50182, L1 1.94811) | LR 1.00e-03
2026-06-22 03:06:23,086 INFO Epoch 5 | Batch 1050/1186 | Loss 6.38205 (NLL 4.43857, L1 1.94348) | LR 1.00e-03
2026-06-22 03:06:55,802 INFO Epoch 5 | Batch 1100/1186 | Loss 6.30711 (NLL 4.40346, L1 1.90365) | LR 1.00e-03
2026-06-22 03:07:28,540 INFO Epoch 5 | Batch 1150/1186 | Loss 6.29108 (NLL 4.39817, L1 1.89291) | LR 1.00e-03
2026-06-22 03:08:48,518 INFO Epoch 5 | Val Loss 6.18574
2026-06-22 03:08:48,851 INFO New best val loss: 6.18574 (saved checkpoints/best.pth)
2026-06-22 03:09:21,654 INFO Epoch 6 | Batch 50/1186 | Loss 6.37495 (NLL 4.44962, L1 1.92534) | LR 1.00e-03
2026-06-22 03:09:54,401 INFO Epoch 6 | Batch 100/1186 | Loss 6.24520 (NLL 4.36574, L1 1.87946) | LR 1.00e-03
2026-06-22 03:10:27,156 INFO Epoch 6 | Batch 150/1186 | Loss 6.21695 (NLL 4.35172, L1 1.86524) | LR 1.00e-03
2026-06-22 03:10:59,897 INFO Epoch 6 | Batch 200/1186 | Loss 6.29016 (NLL 4.40503, L1 1.88513) | LR 1.00e-03
2026-06-22 03:11:32,643 INFO Epoch 6 | Batch 250/1186 | Loss 6.29797 (NLL 4.40082, L1 1.89715) | LR 1.00e-03
2026-06-22 03:12:05,387 INFO Epoch 6 | Batch 300/1186 | Loss 6.22189 (NLL 4.37451, L1 1.84738) | LR 1.00e-03
2026-06-22 03:12:38,137 INFO Epoch 6 | Batch 350/1186 | Loss 6.34053 (NLL 4.43129, L1 1.90925) | LR 1.00e-03
2026-06-22 03:13:10,877 INFO Epoch 6 | Batch 400/1186 | Loss 6.27180 (NLL 4.39214, L1 1.87967) | LR 1.00e-03
2026-06-22 03:13:43,620 INFO Epoch 6 | Batch 450/1186 | Loss 6.25198 (NLL 4.38827, L1 1.86371) | LR 1.00e-03
2026-06-22 03:14:16,345 INFO Epoch 6 | Batch 500/1186 | Loss 6.30148 (NLL 4.40916, L1 1.89231) | LR 1.00e-03
2026-06-22 03:14:49,078 INFO Epoch 6 | Batch 550/1186 | Loss 6.38821 (NLL 4.45846, L1 1.92975) | LR 1.00e-03
2026-06-22 03:15:21,839 INFO Epoch 6 | Batch 600/1186 | Loss 6.29547 (NLL 4.41075, L1 1.88472) | LR 1.00e-03
2026-06-22 03:15:54,568 INFO Epoch 6 | Batch 650/1186 | Loss 6.14342 (NLL 4.33453, L1 1.80889) | LR 1.00e-03
2026-06-22 03:16:27,289 INFO Epoch 6 | Batch 700/1186 | Loss 6.31412 (NLL 4.39853, L1 1.91559) | LR 1.00e-03
2026-06-22 03:17:00,015 INFO Epoch 6 | Batch 750/1186 | Loss 6.18529 (NLL 4.34598, L1 1.83931) | LR 1.00e-03
2026-06-22 03:17:32,744 INFO Epoch 6 | Batch 800/1186 | Loss 6.29819 (NLL 4.40779, L1 1.89040) | LR 1.00e-03
2026-06-22 03:18:05,447 INFO Epoch 6 | Batch 850/1186 | Loss 6.45594 (NLL 4.50351, L1 1.95243) | LR 1.00e-03
2026-06-22 03:18:38,172 INFO Epoch 6 | Batch 900/1186 | Loss 6.31007 (NLL 4.42247, L1 1.88760) | LR 1.00e-03
2026-06-22 03:19:10,923 INFO Epoch 6 | Batch 950/1186 | Loss 6.41273 (NLL 4.47237, L1 1.94037) | LR 1.00e-03
2026-06-22 03:19:43,651 INFO Epoch 6 | Batch 1000/1186 | Loss 6.25756 (NLL 4.38926, L1 1.86831) | LR 1.00e-03
2026-06-22 03:20:16,394 INFO Epoch 6 | Batch 1050/1186 | Loss 6.31242 (NLL 4.40399, L1 1.90843) | LR 1.00e-03
2026-06-22 03:20:49,119 INFO Epoch 6 | Batch 1100/1186 | Loss 6.32482 (NLL 4.41489, L1 1.90993) | LR 1.00e-03
2026-06-22 03:21:21,835 INFO Epoch 6 | Batch 1150/1186 | Loss 6.27439 (NLL 4.38508, L1 1.88931) | LR 1.00e-03
2026-06-22 03:22:41,690 INFO Epoch 6 | Val Loss 6.18644
2026-06-22 03:23:14,619 INFO Epoch 7 | Batch 50/1186 | Loss 6.39378 (NLL 4.46196, L1 1.93182) | LR 1.00e-03
2026-06-22 03:23:47,342 INFO Epoch 7 | Batch 100/1186 | Loss 6.35496 (NLL 4.42610, L1 1.92887) | LR 1.00e-03
2026-06-22 03:24:20,063 INFO Epoch 7 | Batch 150/1186 | Loss 6.26462 (NLL 4.37485, L1 1.88977) | LR 1.00e-03
2026-06-22 03:24:52,787 INFO Epoch 7 | Batch 200/1186 | Loss 6.31134 (NLL 4.41234, L1 1.89900) | LR 1.00e-03
2026-06-22 03:25:25,516 INFO Epoch 7 | Batch 250/1186 | Loss 6.30157 (NLL 4.40529, L1 1.89628) | LR 1.00e-03
2026-06-22 03:25:58,241 INFO Epoch 7 | Batch 300/1186 | Loss 6.19291 (NLL 4.36155, L1 1.83135) | LR 1.00e-03
2026-06-22 03:26:30,963 INFO Epoch 7 | Batch 350/1186 | Loss 6.28645 (NLL 4.40419, L1 1.88227) | LR 1.00e-03
2026-06-22 03:27:03,662 INFO Epoch 7 | Batch 400/1186 | Loss 6.29826 (NLL 4.39466, L1 1.90360) | LR 1.00e-03
2026-06-22 03:27:36,386 INFO Epoch 7 | Batch 450/1186 | Loss 6.35521 (NLL 4.43720, L1 1.91801) | LR 1.00e-03
2026-06-22 03:28:09,108 INFO Epoch 7 | Batch 500/1186 | Loss 6.39979 (NLL 4.46171, L1 1.93807) | LR 1.00e-03
2026-06-22 03:28:41,824 INFO Epoch 7 | Batch 550/1186 | Loss 6.20674 (NLL 4.36549, L1 1.84125) | LR 1.00e-03
2026-06-22 03:29:14,549 INFO Epoch 7 | Batch 600/1186 | Loss 6.26681 (NLL 4.38954, L1 1.87727) | LR 1.00e-03
2026-06-22 03:29:47,266 INFO Epoch 7 | Batch 650/1186 | Loss 6.25089 (NLL 4.38036, L1 1.87053) | LR 1.00e-03
2026-06-22 03:30:19,991 INFO Epoch 7 | Batch 700/1186 | Loss 6.34303 (NLL 4.42734, L1 1.91568) | LR 1.00e-03
2026-06-22 03:30:52,701 INFO Epoch 7 | Batch 750/1186 | Loss 6.25681 (NLL 4.39396, L1 1.86284) | LR 1.00e-03
2026-06-22 03:31:25,403 INFO Epoch 7 | Batch 800/1186 | Loss 6.29707 (NLL 4.42265, L1 1.87442) | LR 1.00e-03
2026-06-22 03:31:58,108 INFO Epoch 7 | Batch 850/1186 | Loss 6.28220 (NLL 4.39704, L1 1.88515) | LR 1.00e-03
2026-06-22 03:32:30,814 INFO Epoch 7 | Batch 900/1186 | Loss 6.23168 (NLL 4.36094, L1 1.87074) | LR 1.00e-03
2026-06-22 03:33:03,511 INFO Epoch 7 | Batch 950/1186 | Loss 6.14243 (NLL 4.32495, L1 1.81748) | LR 1.00e-03
2026-06-22 03:33:36,212 INFO Epoch 7 | Batch 1000/1186 | Loss 6.36418 (NLL 4.43345, L1 1.93073) | LR 1.00e-03
2026-06-22 03:34:08,915 INFO Epoch 7 | Batch 1050/1186 | Loss 6.31283 (NLL 4.42979, L1 1.88304) | LR 1.00e-03
2026-06-22 03:34:41,621 INFO Epoch 7 | Batch 1100/1186 | Loss 6.31189 (NLL 4.40666, L1 1.90523) | LR 1.00e-03
2026-06-22 03:35:14,301 INFO Epoch 7 | Batch 1150/1186 | Loss 6.21379 (NLL 4.36038, L1 1.85341) | LR 1.00e-03
2026-06-22 03:36:34,289 INFO Epoch 7 | Val Loss 6.15903
2026-06-22 03:36:34,620 INFO New best val loss: 6.15903 (saved checkpoints/best.pth)
2026-06-22 03:37:07,382 INFO Epoch 8 | Batch 50/1186 | Loss 6.33820 (NLL 4.43246, L1 1.90574) | LR 1.00e-03
2026-06-22 03:37:40,101 INFO Epoch 8 | Batch 100/1186 | Loss 6.33988 (NLL 4.40991, L1 1.92997) | LR 1.00e-03
2026-06-22 03:38:12,799 INFO Epoch 8 | Batch 150/1186 | Loss 6.24887 (NLL 4.37548, L1 1.87340) | LR 1.00e-03
2026-06-22 03:38:45,494 INFO Epoch 8 | Batch 200/1186 | Loss 6.26712 (NLL 4.40906, L1 1.85806) | LR 1.00e-03
2026-06-22 03:39:18,199 INFO Epoch 8 | Batch 250/1186 | Loss 6.30568 (NLL 4.41198, L1 1.89370) | LR 1.00e-03
2026-06-22 03:39:50,896 INFO Epoch 8 | Batch 300/1186 | Loss 6.30381 (NLL 4.43071, L1 1.87310) | LR 1.00e-03
2026-06-22 03:40:23,596 INFO Epoch 8 | Batch 350/1186 | Loss 6.26924 (NLL 4.39644, L1 1.87280) | LR 1.00e-03
2026-06-22 03:40:56,270 INFO Epoch 8 | Batch 400/1186 | Loss 6.38642 (NLL 4.46201, L1 1.92442) | LR 1.00e-03
2026-06-22 03:41:28,974 INFO Epoch 8 | Batch 450/1186 | Loss 6.23154 (NLL 4.36560, L1 1.86594) | LR 1.00e-03
2026-06-22 03:42:01,669 INFO Epoch 8 | Batch 500/1186 | Loss 6.22279 (NLL 4.36112, L1 1.86167) | LR 1.00e-03
2026-06-22 03:42:34,375 INFO Epoch 8 | Batch 550/1186 | Loss 6.26858 (NLL 4.38842, L1 1.88017) | LR 1.00e-03
2026-06-22 03:43:07,069 INFO Epoch 8 | Batch 600/1186 | Loss 6.27837 (NLL 4.38452, L1 1.89385) | LR 1.00e-03
2026-06-22 03:43:39,767 INFO Epoch 8 | Batch 650/1186 | Loss 6.36118 (NLL 4.43240, L1 1.92879) | LR 1.00e-03
2026-06-22 03:44:12,489 INFO Epoch 8 | Batch 700/1186 | Loss 6.36537 (NLL 4.43394, L1 1.93143) | LR 1.00e-03
2026-06-22 03:44:45,207 INFO Epoch 8 | Batch 750/1186 | Loss 6.24987 (NLL 4.37500, L1 1.87487) | LR 1.00e-03
2026-06-22 03:45:17,919 INFO Epoch 8 | Batch 800/1186 | Loss 6.30385 (NLL 4.41051, L1 1.89334) | LR 1.00e-03
2026-06-22 03:45:50,626 INFO Epoch 8 | Batch 850/1186 | Loss 6.21543 (NLL 4.36193, L1 1.85350) | LR 1.00e-03
2026-06-22 03:46:23,340 INFO Epoch 8 | Batch 900/1186 | Loss 6.37010 (NLL 4.45413, L1 1.91597) | LR 1.00e-03
2026-06-22 03:46:56,037 INFO Epoch 8 | Batch 950/1186 | Loss 6.32821 (NLL 4.43102, L1 1.89719) | LR 1.00e-03
2026-06-22 03:47:28,740 INFO Epoch 8 | Batch 1000/1186 | Loss 6.31939 (NLL 4.41072, L1 1.90866) | LR 1.00e-03
2026-06-22 03:48:01,425 INFO Epoch 8 | Batch 1050/1186 | Loss 6.24826 (NLL 4.37760, L1 1.87066) | LR 1.00e-03
2026-06-22 03:48:34,130 INFO Epoch 8 | Batch 1100/1186 | Loss 6.26689 (NLL 4.40439, L1 1.86251) | LR 1.00e-03
2026-06-22 03:49:06,820 INFO Epoch 8 | Batch 1150/1186 | Loss 6.21939 (NLL 4.34200, L1 1.87739) | LR 1.00e-03
2026-06-22 03:50:26,746 INFO Epoch 8 | Val Loss 6.19665
2026-06-22 03:50:59,681 INFO Epoch 9 | Batch 50/1186 | Loss 6.37403 (NLL 4.45364, L1 1.92039) | LR 1.00e-03
2026-06-22 03:51:32,388 INFO Epoch 9 | Batch 100/1186 | Loss 6.30152 (NLL 4.41627, L1 1.88525) | LR 1.00e-03
2026-06-22 03:52:05,077 INFO Epoch 9 | Batch 150/1186 | Loss 6.24386 (NLL 4.37342, L1 1.87044) | LR 1.00e-03
2026-06-22 03:52:37,804 INFO Epoch 9 | Batch 200/1186 | Loss 6.26811 (NLL 4.39675, L1 1.87136) | LR 1.00e-03
2026-06-22 03:53:10,526 INFO Epoch 9 | Batch 250/1186 | Loss 6.42336 (NLL 4.47760, L1 1.94576) | LR 1.00e-03
2026-06-22 03:53:43,241 INFO Epoch 9 | Batch 300/1186 | Loss 6.18148 (NLL 4.34643, L1 1.83505) | LR 1.00e-03
2026-06-22 03:54:15,970 INFO Epoch 9 | Batch 350/1186 | Loss 6.30430 (NLL 4.39936, L1 1.90494) | LR 1.00e-03
2026-06-22 03:54:48,697 INFO Epoch 9 | Batch 400/1186 | Loss 6.31836 (NLL 4.44256, L1 1.87580) | LR 1.00e-03
2026-06-22 03:55:21,427 INFO Epoch 9 | Batch 450/1186 | Loss 6.22940 (NLL 4.37514, L1 1.85426) | LR 1.00e-03
2026-06-22 03:55:54,145 INFO Epoch 9 | Batch 500/1186 | Loss 6.24338 (NLL 4.37259, L1 1.87079) | LR 1.00e-03
2026-06-22 03:56:26,845 INFO Epoch 9 | Batch 550/1186 | Loss 6.32037 (NLL 4.41259, L1 1.90778) | LR 1.00e-03
2026-06-22 03:56:59,555 INFO Epoch 9 | Batch 600/1186 | Loss 6.36234 (NLL 4.44639, L1 1.91595) | LR 1.00e-03
2026-06-22 03:57:32,262 INFO Epoch 9 | Batch 650/1186 | Loss 6.30198 (NLL 4.39621, L1 1.90577) | LR 1.00e-03
2026-06-22 03:58:04,975 INFO Epoch 9 | Batch 700/1186 | Loss 6.41897 (NLL 4.47385, L1 1.94512) | LR 1.00e-03
2026-06-22 03:58:37,685 INFO Epoch 9 | Batch 750/1186 | Loss 6.30751 (NLL 4.39354, L1 1.91396) | LR 1.00e-03
2026-06-22 03:59:10,374 INFO Epoch 9 | Batch 800/1186 | Loss 6.25475 (NLL 4.39950, L1 1.85526) | LR 1.00e-03
2026-06-22 03:59:43,058 INFO Epoch 9 | Batch 850/1186 | Loss 6.22914 (NLL 4.37269, L1 1.85645) | LR 1.00e-03
2026-06-22 04:00:15,762 INFO Epoch 9 | Batch 900/1186 | Loss 6.22280 (NLL 4.37534, L1 1.84747) | LR 1.00e-03
2026-06-22 04:00:48,466 INFO Epoch 9 | Batch 950/1186 | Loss 6.26194 (NLL 4.38554, L1 1.87640) | LR 1.00e-03
2026-06-22 04:01:21,169 INFO Epoch 9 | Batch 1000/1186 | Loss 6.30307 (NLL 4.41253, L1 1.89054) | LR 1.00e-03
2026-06-22 04:01:53,878 INFO Epoch 9 | Batch 1050/1186 | Loss 6.27028 (NLL 4.37191, L1 1.89837) | LR 1.00e-03
2026-06-22 04:02:26,577 INFO Epoch 9 | Batch 1100/1186 | Loss 6.33298 (NLL 4.40456, L1 1.92842) | LR 1.00e-03
2026-06-22 04:02:59,272 INFO Epoch 9 | Batch 1150/1186 | Loss 6.20770 (NLL 4.35074, L1 1.85695) | LR 1.00e-03
2026-06-22 04:04:19,213 INFO Epoch 9 | Val Loss 6.16753
2026-06-22 04:04:52,126 INFO Epoch 10 | Batch 50/1186 | Loss 6.15911 (NLL 4.33978, L1 1.81933) | LR 1.00e-03
2026-06-22 04:05:24,817 INFO Epoch 10 | Batch 100/1186 | Loss 6.19535 (NLL 4.34750, L1 1.84785) | LR 1.00e-03
2026-06-22 04:05:57,492 INFO Epoch 10 | Batch 150/1186 | Loss 6.31082 (NLL 4.39701, L1 1.91381) | LR 1.00e-03
2026-06-22 04:06:30,210 INFO Epoch 10 | Batch 200/1186 | Loss 6.28054 (NLL 4.39533, L1 1.88521) | LR 1.00e-03
2026-06-22 04:07:02,913 INFO Epoch 10 | Batch 250/1186 | Loss 6.29288 (NLL 4.42062, L1 1.87227) | LR 1.00e-03
2026-06-22 04:07:35,615 INFO Epoch 10 | Batch 300/1186 | Loss 6.35728 (NLL 4.45838, L1 1.89890) | LR 1.00e-03
2026-06-22 04:08:08,297 INFO Epoch 10 | Batch 350/1186 | Loss 6.40415 (NLL 4.44940, L1 1.95475) | LR 1.00e-03
2026-06-22 04:08:40,981 INFO Epoch 10 | Batch 400/1186 | Loss 6.16913 (NLL 4.32584, L1 1.84329) | LR 1.00e-03
2026-06-22 04:09:13,707 INFO Epoch 10 | Batch 450/1186 | Loss 6.24829 (NLL 4.37752, L1 1.87077) | LR 1.00e-03
2026-06-22 04:09:46,405 INFO Epoch 10 | Batch 500/1186 | Loss 6.42466 (NLL 4.46524, L1 1.95942) | LR 1.00e-03
2026-06-22 04:10:19,117 INFO Epoch 10 | Batch 550/1186 | Loss 6.24013 (NLL 4.37017, L1 1.86995) | LR 1.00e-03
2026-06-22 04:10:51,829 INFO Epoch 10 | Batch 600/1186 | Loss 6.27549 (NLL 4.40773, L1 1.86777) | LR 1.00e-03
2026-06-22 04:11:24,545 INFO Epoch 10 | Batch 650/1186 | Loss 6.21381 (NLL 4.37002, L1 1.84379) | LR 1.00e-03
2026-06-22 04:11:57,252 INFO Epoch 10 | Batch 700/1186 | Loss 6.33367 (NLL 4.42445, L1 1.90922) | LR 1.00e-03
2026-06-22 04:12:29,972 INFO Epoch 10 | Batch 750/1186 | Loss 6.36098 (NLL 4.44282, L1 1.91816) | LR 1.00e-03
2026-06-22 04:13:02,685 INFO Epoch 10 | Batch 800/1186 | Loss 6.38607 (NLL 4.45038, L1 1.93570) | LR 1.00e-03
2026-06-22 04:13:35,391 INFO Epoch 10 | Batch 850/1186 | Loss 6.32396 (NLL 4.41488, L1 1.90908) | LR 1.00e-03
2026-06-22 04:14:08,083 INFO Epoch 10 | Batch 900/1186 | Loss 6.35929 (NLL 4.43910, L1 1.92019) | LR 1.00e-03
2026-06-22 04:14:40,782 INFO Epoch 10 | Batch 950/1186 | Loss 6.29700 (NLL 4.40401, L1 1.89299) | LR 1.00e-03
2026-06-22 04:15:13,469 INFO Epoch 10 | Batch 1000/1186 | Loss 6.20772 (NLL 4.36164, L1 1.84608) | LR 1.00e-03
2026-06-22 04:15:46,166 INFO Epoch 10 | Batch 1050/1186 | Loss 6.19141 (NLL 4.35718, L1 1.83424) | LR 1.00e-03
2026-06-22 04:16:18,847 INFO Epoch 10 | Batch 1100/1186 | Loss 6.40115 (NLL 4.46078, L1 1.94037) | LR 1.00e-03
2026-06-22 04:16:51,554 INFO Epoch 10 | Batch 1150/1186 | Loss 6.26811 (NLL 4.38584, L1 1.88226) | LR 1.00e-03
2026-06-22 04:18:11,477 INFO Epoch 10 | Val Loss 6.23375
2026-06-22 04:18:44,385 INFO Epoch 11 | Batch 50/1186 | Loss 6.34128 (NLL 4.42223, L1 1.91905) | LR 1.00e-03
2026-06-22 04:19:17,064 INFO Epoch 11 | Batch 100/1186 | Loss 6.21995 (NLL 4.34977, L1 1.87018) | LR 1.00e-03
2026-06-22 04:19:49,768 INFO Epoch 11 | Batch 150/1186 | Loss 6.19847 (NLL 4.35270, L1 1.84576) | LR 1.00e-03
2026-06-22 04:20:22,493 INFO Epoch 11 | Batch 200/1186 | Loss 6.30192 (NLL 4.39745, L1 1.90447) | LR 1.00e-03
2026-06-22 04:20:55,204 INFO Epoch 11 | Batch 250/1186 | Loss 6.26830 (NLL 4.39792, L1 1.87038) | LR 1.00e-03
2026-06-22 04:21:27,912 INFO Epoch 11 | Batch 300/1186 | Loss 6.35756 (NLL 4.44704, L1 1.91051) | LR 1.00e-03
2026-06-22 04:22:00,616 INFO Epoch 11 | Batch 350/1186 | Loss 6.18488 (NLL 4.35215, L1 1.83273) | LR 1.00e-03
2026-06-22 04:22:33,326 INFO Epoch 11 | Batch 400/1186 | Loss 6.39973 (NLL 4.45401, L1 1.94573) | LR 1.00e-03
2026-06-22 04:23:06,025 INFO Epoch 11 | Batch 450/1186 | Loss 6.27975 (NLL 4.38813, L1 1.89162) | LR 1.00e-03
2026-06-22 04:23:38,738 INFO Epoch 11 | Batch 500/1186 | Loss 6.35338 (NLL 4.42650, L1 1.92688) | LR 1.00e-03
2026-06-22 04:24:11,435 INFO Epoch 11 | Batch 550/1186 | Loss 6.30923 (NLL 4.39721, L1 1.91202) | LR 1.00e-03
2026-06-22 04:24:44,146 INFO Epoch 11 | Batch 600/1186 | Loss 6.29228 (NLL 4.41106, L1 1.88122) | LR 1.00e-03
2026-06-22 04:25:16,848 INFO Epoch 11 | Batch 650/1186 | Loss 6.20677 (NLL 4.35994, L1 1.84682) | LR 1.00e-03
2026-06-22 04:25:49,552 INFO Epoch 11 | Batch 700/1186 | Loss 6.29738 (NLL 4.40750, L1 1.88989) | LR 1.00e-03
2026-06-22 04:26:22,256 INFO Epoch 11 | Batch 750/1186 | Loss 6.15912 (NLL 4.33499, L1 1.82412) | LR 1.00e-03
2026-06-22 04:26:54,953 INFO Epoch 11 | Batch 800/1186 | Loss 6.26929 (NLL 4.39972, L1 1.86957) | LR 1.00e-03
2026-06-22 04:27:27,654 INFO Epoch 11 | Batch 850/1186 | Loss 6.39928 (NLL 4.44688, L1 1.95240) | LR 1.00e-03
2026-06-22 04:28:00,350 INFO Epoch 11 | Batch 900/1186 | Loss 6.28542 (NLL 4.39233, L1 1.89308) | LR 1.00e-03
2026-06-22 04:28:33,060 INFO Epoch 11 | Batch 950/1186 | Loss 6.39182 (NLL 4.45769, L1 1.93413) | LR 1.00e-03
2026-06-22 04:29:05,774 INFO Epoch 11 | Batch 1000/1186 | Loss 6.19374 (NLL 4.36161, L1 1.83213) | LR 1.00e-03
2026-06-22 04:29:38,514 INFO Epoch 11 | Batch 1050/1186 | Loss 6.19906 (NLL 4.34727, L1 1.85179) | LR 1.00e-03
2026-06-22 04:30:11,236 INFO Epoch 11 | Batch 1100/1186 | Loss 6.27566 (NLL 4.40672, L1 1.86894) | LR 1.00e-03
2026-06-22 04:30:43,920 INFO Epoch 11 | Batch 1150/1186 | Loss 6.31945 (NLL 4.42098, L1 1.89847) | LR 1.00e-03
2026-06-22 04:32:03,930 INFO Epoch 11 | Val Loss 6.17325
2026-06-22 04:32:36,871 INFO Epoch 12 | Batch 50/1186 | Loss 6.28287 (NLL 4.39036, L1 1.89251) | LR 1.00e-03
2026-06-22 04:33:09,587 INFO Epoch 12 | Batch 100/1186 | Loss 6.24699 (NLL 4.36164, L1 1.88535) | LR 1.00e-03
2026-06-22 04:33:42,266 INFO Epoch 12 | Batch 150/1186 | Loss 6.36124 (NLL 4.43626, L1 1.92498) | LR 1.00e-03
2026-06-22 04:34:14,969 INFO Epoch 12 | Batch 200/1186 | Loss 6.23893 (NLL 4.38878, L1 1.85015) | LR 1.00e-03
2026-06-22 04:34:47,677 INFO Epoch 12 | Batch 250/1186 | Loss 6.23428 (NLL 4.36115, L1 1.87314) | LR 1.00e-03
2026-06-22 04:35:20,384 INFO Epoch 12 | Batch 300/1186 | Loss 6.21438 (NLL 4.36958, L1 1.84480) | LR 1.00e-03
2026-06-22 04:35:53,092 INFO Epoch 12 | Batch 350/1186 | Loss 6.40316 (NLL 4.46081, L1 1.94234) | LR 1.00e-03
2026-06-22 04:36:25,812 INFO Epoch 12 | Batch 400/1186 | Loss 6.29605 (NLL 4.39414, L1 1.90190) | LR 1.00e-03
2026-06-22 04:36:58,534 INFO Epoch 12 | Batch 450/1186 | Loss 6.26817 (NLL 4.40340, L1 1.86477) | LR 1.00e-03
2026-06-22 04:37:31,239 INFO Epoch 12 | Batch 500/1186 | Loss 6.29782 (NLL 4.41480, L1 1.88302) | LR 1.00e-03
2026-06-22 04:38:03,974 INFO Epoch 12 | Batch 550/1186 | Loss 6.37144 (NLL 4.43740, L1 1.93404) | LR 1.00e-03
2026-06-22 04:38:36,696 INFO Epoch 12 | Batch 600/1186 | Loss 6.29622 (NLL 4.40940, L1 1.88683) | LR 1.00e-03
2026-06-22 04:39:09,411 INFO Epoch 12 | Batch 650/1186 | Loss 6.33649 (NLL 4.42036, L1 1.91612) | LR 1.00e-03
2026-06-22 04:39:42,123 INFO Epoch 12 | Batch 700/1186 | Loss 6.24163 (NLL 4.37304, L1 1.86858) | LR 1.00e-03
2026-06-22 04:40:14,838 INFO Epoch 12 | Batch 750/1186 | Loss 6.20956 (NLL 4.36217, L1 1.84740) | LR 1.00e-03
2026-06-22 04:40:47,541 INFO Epoch 12 | Batch 800/1186 | Loss 6.34087 (NLL 4.41494, L1 1.92593) | LR 1.00e-03
2026-06-22 04:41:20,251 INFO Epoch 12 | Batch 850/1186 | Loss 6.28772 (NLL 4.40296, L1 1.88476) | LR 1.00e-03
2026-06-22 04:41:52,959 INFO Epoch 12 | Batch 900/1186 | Loss 6.34564 (NLL 4.44169, L1 1.90396) | LR 1.00e-03
2026-06-22 04:42:25,649 INFO Epoch 12 | Batch 950/1186 | Loss 6.27987 (NLL 4.40362, L1 1.87625) | LR 1.00e-03
2026-06-22 04:42:58,366 INFO Epoch 12 | Batch 1000/1186 | Loss 6.26706 (NLL 4.39485, L1 1.87221) | LR 1.00e-03
2026-06-22 04:43:31,068 INFO Epoch 12 | Batch 1050/1186 | Loss 6.31694 (NLL 4.41880, L1 1.89814) | LR 1.00e-03
2026-06-22 04:44:03,762 INFO Epoch 12 | Batch 1100/1186 | Loss 6.18715 (NLL 4.33943, L1 1.84772) | LR 1.00e-03
2026-06-22 04:44:36,455 INFO Epoch 12 | Batch 1150/1186 | Loss 6.26118 (NLL 4.38745, L1 1.87373) | LR 1.00e-03
2026-06-22 04:45:55,868 INFO Epoch 12 | Val Loss 6.16327
2026-06-22 04:46:28,804 INFO Epoch 13 | Batch 50/1186 | Loss 6.29126 (NLL 4.39332, L1 1.89794) | LR 1.00e-03
2026-06-22 04:47:01,498 INFO Epoch 13 | Batch 100/1186 | Loss 6.17286 (NLL 4.34818, L1 1.82469) | LR 1.00e-03
2026-06-22 04:47:34,202 INFO Epoch 13 | Batch 150/1186 | Loss 6.33789 (NLL 4.43410, L1 1.90379) | LR 1.00e-03
2026-06-22 04:48:06,912 INFO Epoch 13 | Batch 200/1186 | Loss 6.39099 (NLL 4.45381, L1 1.93718) | LR 1.00e-03
2026-06-22 04:48:39,600 INFO Epoch 13 | Batch 250/1186 | Loss 6.38862 (NLL 4.45398, L1 1.93464) | LR 1.00e-03
2026-06-22 04:49:12,308 INFO Epoch 13 | Batch 300/1186 | Loss 6.34089 (NLL 4.42215, L1 1.91874) | LR 1.00e-03
2026-06-22 04:49:45,018 INFO Epoch 13 | Batch 350/1186 | Loss 6.26778 (NLL 4.39423, L1 1.87355) | LR 1.00e-03
2026-06-22 04:50:17,751 INFO Epoch 13 | Batch 400/1186 | Loss 6.21192 (NLL 4.35422, L1 1.85770) | LR 1.00e-03
2026-06-22 04:50:50,443 INFO Epoch 13 | Batch 450/1186 | Loss 6.29080 (NLL 4.39204, L1 1.89876) | LR 1.00e-03
2026-06-22 04:51:23,130 INFO Epoch 13 | Batch 500/1186 | Loss 6.20432 (NLL 4.36311, L1 1.84121) | LR 1.00e-03
2026-06-22 04:51:55,833 INFO Epoch 13 | Batch 550/1186 | Loss 6.42202 (NLL 4.47220, L1 1.94982) | LR 1.00e-03
2026-06-22 04:52:28,541 INFO Epoch 13 | Batch 600/1186 | Loss 6.40494 (NLL 4.47277, L1 1.93217) | LR 1.00e-03
2026-06-22 04:53:01,268 INFO Epoch 13 | Batch 650/1186 | Loss 6.27040 (NLL 4.38996, L1 1.88044) | LR 1.00e-03
2026-06-22 04:53:33,996 INFO Epoch 13 | Batch 700/1186 | Loss 6.21191 (NLL 4.35021, L1 1.86170) | LR 1.00e-03
2026-06-22 04:54:06,717 INFO Epoch 13 | Batch 750/1186 | Loss 6.26495 (NLL 4.38862, L1 1.87633) | LR 1.00e-03
2026-06-22 04:54:39,407 INFO Epoch 13 | Batch 800/1186 | Loss 6.24637 (NLL 4.35914, L1 1.88723) | LR 1.00e-03
2026-06-22 04:55:12,103 INFO Epoch 13 | Batch 850/1186 | Loss 6.26357 (NLL 4.39975, L1 1.86383) | LR 1.00e-03
2026-06-22 04:55:44,818 INFO Epoch 13 | Batch 900/1186 | Loss 6.34754 (NLL 4.44597, L1 1.90157) | LR 1.00e-03
2026-06-22 04:56:17,544 INFO Epoch 13 | Batch 950/1186 | Loss 6.17832 (NLL 4.32985, L1 1.84847) | LR 1.00e-03
2026-06-22 04:56:50,245 INFO Epoch 13 | Batch 1000/1186 | Loss 6.25793 (NLL 4.39323, L1 1.86469) | LR 1.00e-03
2026-06-22 04:57:22,954 INFO Epoch 13 | Batch 1050/1186 | Loss 6.23929 (NLL 4.37837, L1 1.86093) | LR 1.00e-03
2026-06-22 04:57:55,657 INFO Epoch 13 | Batch 1100/1186 | Loss 6.35426 (NLL 4.42508, L1 1.92918) | LR 1.00e-03
2026-06-22 04:58:28,344 INFO Epoch 13 | Batch 1150/1186 | Loss 6.18605 (NLL 4.35836, L1 1.82769) | LR 1.00e-03
2026-06-22 04:59:48,745 INFO Epoch 13 | Val Loss 6.19115
2026-06-22 05:00:21,678 INFO Epoch 14 | Batch 50/1186 | Loss 6.19684 (NLL 4.34636, L1 1.85048) | LR 1.00e-03
2026-06-22 05:00:54,400 INFO Epoch 14 | Batch 100/1186 | Loss 6.32493 (NLL 4.41978, L1 1.90515) | LR 1.00e-03
2026-06-22 05:01:27,101 INFO Epoch 14 | Batch 150/1186 | Loss 6.19790 (NLL 4.34602, L1 1.85189) | LR 1.00e-03
2026-06-22 05:01:59,812 INFO Epoch 14 | Batch 200/1186 | Loss 6.27172 (NLL 4.37524, L1 1.89647) | LR 1.00e-03
2026-06-22 05:02:32,526 INFO Epoch 14 | Batch 250/1186 | Loss 6.30105 (NLL 4.41104, L1 1.89001) | LR 1.00e-03
2026-06-22 05:03:05,241 INFO Epoch 14 | Batch 300/1186 | Loss 6.18168 (NLL 4.33022, L1 1.85146) | LR 1.00e-03
2026-06-22 05:03:37,964 INFO Epoch 14 | Batch 350/1186 | Loss 6.20062 (NLL 4.35556, L1 1.84506) | LR 1.00e-03
2026-06-22 05:04:10,676 INFO Epoch 14 | Batch 400/1186 | Loss 6.30694 (NLL 4.41560, L1 1.89134) | LR 1.00e-03
2026-06-22 05:04:43,386 INFO Epoch 14 | Batch 450/1186 | Loss 6.14772 (NLL 4.31727, L1 1.83045) | LR 1.00e-03
2026-06-22 05:05:16,109 INFO Epoch 14 | Batch 500/1186 | Loss 6.16313 (NLL 4.32739, L1 1.83574) | LR 1.00e-03
2026-06-22 05:05:48,824 INFO Epoch 14 | Batch 550/1186 | Loss 6.35114 (NLL 4.42886, L1 1.92228) | LR 1.00e-03
2026-06-22 05:06:21,520 INFO Epoch 14 | Batch 600/1186 | Loss 6.25883 (NLL 4.37271, L1 1.88611) | LR 1.00e-03
2026-06-22 05:06:54,212 INFO Epoch 14 | Batch 650/1186 | Loss 6.20678 (NLL 4.36165, L1 1.84513) | LR 1.00e-03
2026-06-22 05:07:26,892 INFO Epoch 14 | Batch 700/1186 | Loss 6.42007 (NLL 4.48073, L1 1.93934) | LR 1.00e-03
2026-06-22 05:07:59,579 INFO Epoch 14 | Batch 750/1186 | Loss 6.32386 (NLL 4.42278, L1 1.90108) | LR 1.00e-03
2026-06-22 05:08:32,276 INFO Epoch 14 | Batch 800/1186 | Loss 6.40361 (NLL 4.45938, L1 1.94423) | LR 1.00e-03
2026-06-22 05:09:04,957 INFO Epoch 14 | Batch 850/1186 | Loss 6.30264 (NLL 4.41358, L1 1.88905) | LR 1.00e-03
2026-06-22 05:09:37,641 INFO Epoch 14 | Batch 900/1186 | Loss 6.28880 (NLL 4.39686, L1 1.89194) | LR 1.00e-03
2026-06-22 05:10:10,330 INFO Epoch 14 | Batch 950/1186 | Loss 6.38003 (NLL 4.46494, L1 1.91509) | LR 1.00e-03
2026-06-22 05:10:43,036 INFO Epoch 14 | Batch 1000/1186 | Loss 6.35935 (NLL 4.45019, L1 1.90916) | LR 1.00e-03
2026-06-22 05:11:15,740 INFO Epoch 14 | Batch 1050/1186 | Loss 6.21500 (NLL 4.36297, L1 1.85203) | LR 1.00e-03
2026-06-22 05:11:48,416 INFO Epoch 14 | Batch 1100/1186 | Loss 6.29445 (NLL 4.40631, L1 1.88814) | LR 1.00e-03
2026-06-22 05:12:21,122 INFO Epoch 14 | Batch 1150/1186 | Loss 6.31971 (NLL 4.41264, L1 1.90708) | LR 1.00e-03
2026-06-22 05:13:40,535 INFO Epoch 14 | Val Loss 6.18853
2026-06-22 05:14:13,482 INFO Epoch 15 | Batch 50/1186 | Loss 6.29820 (NLL 4.38910, L1 1.90910) | LR 1.00e-03
2026-06-22 05:14:46,174 INFO Epoch 15 | Batch 100/1186 | Loss 6.32390 (NLL 4.42061, L1 1.90329) | LR 1.00e-03
2026-06-22 05:15:18,871 INFO Epoch 15 | Batch 150/1186 | Loss 6.37061 (NLL 4.44869, L1 1.92192) | LR 1.00e-03
2026-06-22 05:15:51,569 INFO Epoch 15 | Batch 200/1186 | Loss 6.20087 (NLL 4.35564, L1 1.84524) | LR 1.00e-03
2026-06-22 05:16:24,283 INFO Epoch 15 | Batch 250/1186 | Loss 6.27074 (NLL 4.38666, L1 1.88408) | LR 1.00e-03
2026-06-22 05:16:56,966 INFO Epoch 15 | Batch 300/1186 | Loss 6.18568 (NLL 4.35352, L1 1.83217) | LR 1.00e-03
2026-06-22 05:17:29,673 INFO Epoch 15 | Batch 350/1186 | Loss 6.23750 (NLL 4.38983, L1 1.84768) | LR 1.00e-03
2026-06-22 05:18:02,354 INFO Epoch 15 | Batch 400/1186 | Loss 6.25330 (NLL 4.38134, L1 1.87196) | LR 1.00e-03
2026-06-22 05:18:35,050 INFO Epoch 15 | Batch 450/1186 | Loss 6.33607 (NLL 4.40822, L1 1.92786) | LR 1.00e-03
2026-06-22 05:19:07,739 INFO Epoch 15 | Batch 500/1186 | Loss 6.27157 (NLL 4.39094, L1 1.88062) | LR 1.00e-03
2026-06-22 05:19:40,422 INFO Epoch 15 | Batch 550/1186 | Loss 6.24667 (NLL 4.38322, L1 1.86345) | LR 1.00e-03
2026-06-22 05:20:13,106 INFO Epoch 15 | Batch 600/1186 | Loss 6.19803 (NLL 4.35586, L1 1.84217) | LR 1.00e-03
2026-06-22 05:20:45,816 INFO Epoch 15 | Batch 650/1186 | Loss 6.29958 (NLL 4.39413, L1 1.90546) | LR 1.00e-03
2026-06-22 05:21:18,532 INFO Epoch 15 | Batch 700/1186 | Loss 6.17284 (NLL 4.33380, L1 1.83904) | LR 1.00e-03
2026-06-22 05:21:51,247 INFO Epoch 15 | Batch 750/1186 | Loss 6.27071 (NLL 4.38555, L1 1.88516) | LR 1.00e-03
2026-06-22 05:22:23,956 INFO Epoch 15 | Batch 800/1186 | Loss 6.34287 (NLL 4.43153, L1 1.91134) | LR 1.00e-03
2026-06-22 05:22:56,664 INFO Epoch 15 | Batch 850/1186 | Loss 6.26677 (NLL 4.38490, L1 1.88187) | LR 1.00e-03
2026-06-22 05:23:29,398 INFO Epoch 15 | Batch 900/1186 | Loss 6.21817 (NLL 4.35086, L1 1.86730) | LR 1.00e-03
2026-06-22 05:24:02,128 INFO Epoch 15 | Batch 950/1186 | Loss 6.22219 (NLL 4.36744, L1 1.85475) | LR 1.00e-03
2026-06-22 05:24:34,832 INFO Epoch 15 | Batch 1000/1186 | Loss 6.27659 (NLL 4.39273, L1 1.88386) | LR 1.00e-03
2026-06-22 05:25:07,540 INFO Epoch 15 | Batch 1050/1186 | Loss 6.36036 (NLL 4.43156, L1 1.92879) | LR 1.00e-03
2026-06-22 05:25:40,241 INFO Epoch 15 | Batch 1100/1186 | Loss 6.21854 (NLL 4.37492, L1 1.84362) | LR 1.00e-03
2026-06-22 05:26:12,957 INFO Epoch 15 | Batch 1150/1186 | Loss 6.35508 (NLL 4.43672, L1 1.91836) | LR 1.00e-03
2026-06-22 05:27:32,937 INFO Epoch 15 | Val Loss 6.14703
2026-06-22 05:27:33,272 INFO New best val loss: 6.14703 (saved checkpoints/best.pth)
2026-06-22 05:28:06,041 INFO Epoch 16 | Batch 50/1186 | Loss 6.27310 (NLL 4.39606, L1 1.87704) | LR 1.00e-03
2026-06-22 05:28:38,846 INFO Epoch 16 | Batch 100/1186 | Loss 6.40136 (NLL 4.47043, L1 1.93093) | LR 1.00e-03
2026-06-22 05:29:11,563 INFO Epoch 16 | Batch 150/1186 | Loss 6.34554 (NLL 4.43214, L1 1.91340) | LR 1.00e-03
2026-06-22 05:29:44,279 INFO Epoch 16 | Batch 200/1186 | Loss 6.33626 (NLL 4.43526, L1 1.90100) | LR 1.00e-03
2026-06-22 05:30:16,981 INFO Epoch 16 | Batch 250/1186 | Loss 6.31837 (NLL 4.39875, L1 1.91963) | LR 1.00e-03
2026-06-22 05:30:49,705 INFO Epoch 16 | Batch 300/1186 | Loss 6.25414 (NLL 4.37872, L1 1.87542) | LR 1.00e-03
2026-06-22 05:31:22,400 INFO Epoch 16 | Batch 350/1186 | Loss 6.33592 (NLL 4.43831, L1 1.89761) | LR 1.00e-03
2026-06-22 05:31:55,085 INFO Epoch 16 | Batch 400/1186 | Loss 6.28311 (NLL 4.40669, L1 1.87642) | LR 1.00e-03
2026-06-22 05:32:27,778 INFO Epoch 16 | Batch 450/1186 | Loss 6.35144 (NLL 4.41182, L1 1.93963) | LR 1.00e-03
2026-06-22 05:33:00,491 INFO Epoch 16 | Batch 500/1186 | Loss 6.30438 (NLL 4.40795, L1 1.89642) | LR 1.00e-03
2026-06-22 05:33:33,198 INFO Epoch 16 | Batch 550/1186 | Loss 6.26914 (NLL 4.38670, L1 1.88245) | LR 1.00e-03
2026-06-22 05:34:05,903 INFO Epoch 16 | Batch 600/1186 | Loss 6.20354 (NLL 4.37111, L1 1.83243) | LR 1.00e-03
2026-06-22 05:34:38,597 INFO Epoch 16 | Batch 650/1186 | Loss 6.36722 (NLL 4.43167, L1 1.93555) | LR 1.00e-03
2026-06-22 05:35:11,301 INFO Epoch 16 | Batch 700/1186 | Loss 6.23259 (NLL 4.37120, L1 1.86138) | LR 1.00e-03
2026-06-22 05:35:44,006 INFO Epoch 16 | Batch 750/1186 | Loss 6.22838 (NLL 4.37006, L1 1.85832) | LR 1.00e-03
2026-06-22 05:36:16,700 INFO Epoch 16 | Batch 800/1186 | Loss 6.10903 (NLL 4.32133, L1 1.78769) | LR 1.00e-03
2026-06-22 05:36:49,382 INFO Epoch 16 | Batch 850/1186 | Loss 6.20960 (NLL 4.35422, L1 1.85539) | LR 1.00e-03
2026-06-22 05:37:22,086 INFO Epoch 16 | Batch 900/1186 | Loss 6.20527 (NLL 4.34930, L1 1.85597) | LR 1.00e-03
2026-06-22 05:37:54,776 INFO Epoch 16 | Batch 950/1186 | Loss 6.23945 (NLL 4.36947, L1 1.86998) | LR 1.00e-03
2026-06-22 05:38:27,483 INFO Epoch 16 | Batch 1000/1186 | Loss 6.13861 (NLL 4.31230, L1 1.82631) | LR 1.00e-03
2026-06-22 05:39:00,193 INFO Epoch 16 | Batch 1050/1186 | Loss 6.23987 (NLL 4.37463, L1 1.86524) | LR 1.00e-03
2026-06-22 05:39:32,898 INFO Epoch 16 | Batch 1100/1186 | Loss 6.37296 (NLL 4.45576, L1 1.91721) | LR 1.00e-03
2026-06-22 05:40:05,619 INFO Epoch 16 | Batch 1150/1186 | Loss 6.26982 (NLL 4.37779, L1 1.89203) | LR 1.00e-03
2026-06-22 05:41:26,143 INFO Epoch 16 | Val Loss 6.17303
2026-06-22 05:41:59,075 INFO Epoch 17 | Batch 50/1186 | Loss 6.31674 (NLL 4.40284, L1 1.91390) | LR 1.00e-03
2026-06-22 05:42:31,795 INFO Epoch 17 | Batch 100/1186 | Loss 6.39542 (NLL 4.45336, L1 1.94207) | LR 1.00e-03
2026-06-22 05:43:04,510 INFO Epoch 17 | Batch 150/1186 | Loss 6.39491 (NLL 4.45071, L1 1.94420) | LR 1.00e-03
2026-06-22 05:43:37,218 INFO Epoch 17 | Batch 200/1186 | Loss 6.26946 (NLL 4.39608, L1 1.87338) | LR 1.00e-03
2026-06-22 05:44:09,920 INFO Epoch 17 | Batch 250/1186 | Loss 6.31165 (NLL 4.41756, L1 1.89409) | LR 1.00e-03
2026-06-22 05:44:42,629 INFO Epoch 17 | Batch 300/1186 | Loss 6.30912 (NLL 4.41461, L1 1.89451) | LR 1.00e-03
2026-06-22 05:45:15,340 INFO Epoch 17 | Batch 350/1186 | Loss 6.17333 (NLL 4.35186, L1 1.82148) | LR 1.00e-03
2026-06-22 05:45:48,064 INFO Epoch 17 | Batch 400/1186 | Loss 6.19757 (NLL 4.35014, L1 1.84742) | LR 1.00e-03
2026-06-22 05:46:20,760 INFO Epoch 17 | Batch 450/1186 | Loss 6.21048 (NLL 4.34079, L1 1.86968) | LR 1.00e-03
2026-06-22 05:46:53,479 INFO Epoch 17 | Batch 500/1186 | Loss 6.32611 (NLL 4.41956, L1 1.90655) | LR 1.00e-03
2026-06-22 05:47:26,173 INFO Epoch 17 | Batch 550/1186 | Loss 6.26786 (NLL 4.38779, L1 1.88007) | LR 1.00e-03
2026-06-22 05:47:58,879 INFO Epoch 17 | Batch 600/1186 | Loss 6.34354 (NLL 4.41921, L1 1.92433) | LR 1.00e-03
2026-06-22 05:48:31,580 INFO Epoch 17 | Batch 650/1186 | Loss 6.16598 (NLL 4.32789, L1 1.83809) | LR 1.00e-03
2026-06-22 05:49:04,308 INFO Epoch 17 | Batch 700/1186 | Loss 6.26679 (NLL 4.38110, L1 1.88569) | LR 1.00e-03
2026-06-22 05:49:37,026 INFO Epoch 17 | Batch 750/1186 | Loss 6.24897 (NLL 4.38689, L1 1.86208) | LR 1.00e-03
2026-06-22 05:50:09,733 INFO Epoch 17 | Batch 800/1186 | Loss 6.20726 (NLL 4.34571, L1 1.86155) | LR 1.00e-03
2026-06-22 05:50:42,455 INFO Epoch 17 | Batch 850/1186 | Loss 6.27803 (NLL 4.40692, L1 1.87111) | LR 1.00e-03
2026-06-22 05:51:15,156 INFO Epoch 17 | Batch 900/1186 | Loss 6.27134 (NLL 4.41051, L1 1.86083) | LR 1.00e-03
2026-06-22 05:51:47,869 INFO Epoch 17 | Batch 950/1186 | Loss 6.21705 (NLL 4.36137, L1 1.85568) | LR 1.00e-03
2026-06-22 05:52:20,569 INFO Epoch 17 | Batch 1000/1186 | Loss 6.29882 (NLL 4.39999, L1 1.89883) | LR 1.00e-03
2026-06-22 05:52:53,269 INFO Epoch 17 | Batch 1050/1186 | Loss 6.15898 (NLL 4.32734, L1 1.83164) | LR 1.00e-03
2026-06-22 05:53:25,999 INFO Epoch 17 | Batch 1100/1186 | Loss 6.23886 (NLL 4.37024, L1 1.86862) | LR 1.00e-03
2026-06-22 05:53:58,730 INFO Epoch 17 | Batch 1150/1186 | Loss 6.32718 (NLL 4.41159, L1 1.91558) | LR 1.00e-03
2026-06-22 05:55:18,689 INFO Epoch 17 | Val Loss 6.14763
2026-06-22 05:55:51,682 INFO Epoch 18 | Batch 50/1186 | Loss 6.27498 (NLL 4.39680, L1 1.87818) | LR 1.00e-03
2026-06-22 05:56:24,386 INFO Epoch 18 | Batch 100/1186 | Loss 6.39977 (NLL 4.44942, L1 1.95035) | LR 1.00e-03
2026-06-22 05:56:57,109 INFO Epoch 18 | Batch 150/1186 | Loss 6.27133 (NLL 4.39063, L1 1.88070) | LR 1.00e-03
2026-06-22 05:57:29,820 INFO Epoch 18 | Batch 200/1186 | Loss 6.35619 (NLL 4.42520, L1 1.93099) | LR 1.00e-03
2026-06-22 05:58:02,529 INFO Epoch 18 | Batch 250/1186 | Loss 6.29611 (NLL 4.39914, L1 1.89696) | LR 1.00e-03
2026-06-22 05:58:35,248 INFO Epoch 18 | Batch 300/1186 | Loss 6.29036 (NLL 4.40417, L1 1.88619) | LR 1.00e-03
2026-06-22 05:59:07,957 INFO Epoch 18 | Batch 350/1186 | Loss 6.31930 (NLL 4.42034, L1 1.89896) | LR 1.00e-03
2026-06-22 05:59:40,692 INFO Epoch 18 | Batch 400/1186 | Loss 6.17963 (NLL 4.34298, L1 1.83665) | LR 1.00e-03
2026-06-22 06:00:13,428 INFO Epoch 18 | Batch 450/1186 | Loss 6.31002 (NLL 4.42658, L1 1.88343) | LR 1.00e-03
2026-06-22 06:00:46,157 INFO Epoch 18 | Batch 500/1186 | Loss 6.22105 (NLL 4.37881, L1 1.84224) | LR 1.00e-03
2026-06-22 06:01:18,887 INFO Epoch 18 | Batch 550/1186 | Loss 6.18023 (NLL 4.33999, L1 1.84024) | LR 1.00e-03
2026-06-22 06:01:51,603 INFO Epoch 18 | Batch 600/1186 | Loss 6.14696 (NLL 4.32332, L1 1.82363) | LR 1.00e-03
2026-06-22 06:02:24,345 INFO Epoch 18 | Batch 650/1186 | Loss 6.32539 (NLL 4.42733, L1 1.89807) | LR 1.00e-03
2026-06-22 06:02:57,061 INFO Epoch 18 | Batch 700/1186 | Loss 6.31055 (NLL 4.40876, L1 1.90178) | LR 1.00e-03
2026-06-22 06:03:29,796 INFO Epoch 18 | Batch 750/1186 | Loss 6.23962 (NLL 4.36315, L1 1.87647) | LR 1.00e-03
2026-06-22 06:04:02,503 INFO Epoch 18 | Batch 800/1186 | Loss 6.32029 (NLL 4.41275, L1 1.90754) | LR 1.00e-03
2026-06-22 06:04:35,200 INFO Epoch 18 | Batch 850/1186 | Loss 6.23729 (NLL 4.36587, L1 1.87142) | LR 1.00e-03
2026-06-22 06:05:07,912 INFO Epoch 18 | Batch 900/1186 | Loss 6.29958 (NLL 4.41116, L1 1.88842) | LR 1.00e-03
2026-06-22 06:05:40,631 INFO Epoch 18 | Batch 950/1186 | Loss 6.28652 (NLL 4.40375, L1 1.88277) | LR 1.00e-03
2026-06-22 06:06:13,345 INFO Epoch 18 | Batch 1000/1186 | Loss 6.19955 (NLL 4.35240, L1 1.84715) | LR 1.00e-03
2026-06-22 06:06:46,058 INFO Epoch 18 | Batch 1050/1186 | Loss 6.16557 (NLL 4.33001, L1 1.83557) | LR 1.00e-03
2026-06-22 06:07:18,774 INFO Epoch 18 | Batch 1100/1186 | Loss 6.35448 (NLL 4.43284, L1 1.92164) | LR 1.00e-03
2026-06-22 06:07:51,480 INFO Epoch 18 | Batch 1150/1186 | Loss 6.26952 (NLL 4.39903, L1 1.87050) | LR 1.00e-03
2026-06-22 06:09:11,506 INFO Epoch 18 | Val Loss 6.15418
2026-06-22 06:09:44,731 INFO Epoch 19 | Batch 50/1186 | Loss 6.21296 (NLL 4.35949, L1 1.85347) | LR 1.00e-03
2026-06-22 06:10:17,426 INFO Epoch 19 | Batch 100/1186 | Loss 6.29644 (NLL 4.40069, L1 1.89575) | LR 1.00e-03
2026-06-22 06:10:50,121 INFO Epoch 19 | Batch 150/1186 | Loss 6.35316 (NLL 4.42559, L1 1.92757) | LR 1.00e-03
2026-06-22 06:11:22,819 INFO Epoch 19 | Batch 200/1186 | Loss 6.23526 (NLL 4.35756, L1 1.87770) | LR 1.00e-03
2026-06-22 06:11:55,514 INFO Epoch 19 | Batch 250/1186 | Loss 6.29044 (NLL 4.39838, L1 1.89206) | LR 1.00e-03
2026-06-22 06:12:28,214 INFO Epoch 19 | Batch 300/1186 | Loss 6.32778 (NLL 4.42205, L1 1.90573) | LR 1.00e-03
2026-06-22 06:13:00,911 INFO Epoch 19 | Batch 350/1186 | Loss 6.20163 (NLL 4.35000, L1 1.85163) | LR 1.00e-03
2026-06-22 06:13:33,591 INFO Epoch 19 | Batch 400/1186 | Loss 6.21622 (NLL 4.37230, L1 1.84392) | LR 1.00e-03
2026-06-22 06:14:06,294 INFO Epoch 19 | Batch 450/1186 | Loss 6.22638 (NLL 4.37368, L1 1.85270) | LR 1.00e-03
2026-06-22 06:14:38,962 INFO Epoch 19 | Batch 500/1186 | Loss 6.30148 (NLL 4.41894, L1 1.88254) | LR 1.00e-03
2026-06-22 06:15:11,652 INFO Epoch 19 | Batch 550/1186 | Loss 6.27862 (NLL 4.39824, L1 1.88038) | LR 1.00e-03
2026-06-22 06:15:44,342 INFO Epoch 19 | Batch 600/1186 | Loss 6.37487 (NLL 4.45032, L1 1.92455) | LR 1.00e-03
2026-06-22 06:16:17,023 INFO Epoch 19 | Batch 650/1186 | Loss 6.18754 (NLL 4.34590, L1 1.84164) | LR 1.00e-03
2026-06-22 06:16:49,714 INFO Epoch 19 | Batch 700/1186 | Loss 6.27942 (NLL 4.38696, L1 1.89246) | LR 1.00e-03
2026-06-22 06:17:22,376 INFO Epoch 19 | Batch 750/1186 | Loss 6.34546 (NLL 4.43176, L1 1.91371) | LR 1.00e-03
2026-06-22 06:17:55,077 INFO Epoch 19 | Batch 800/1186 | Loss 6.29969 (NLL 4.40809, L1 1.89160) | LR 1.00e-03
2026-06-22 06:18:27,727 INFO Epoch 19 | Batch 850/1186 | Loss 6.14651 (NLL 4.32363, L1 1.82288) | LR 1.00e-03
2026-06-22 06:19:00,405 INFO Epoch 19 | Batch 900/1186 | Loss 6.31132 (NLL 4.42026, L1 1.89107) | LR 1.00e-03
2026-06-22 06:19:33,072 INFO Epoch 19 | Batch 950/1186 | Loss 6.26850 (NLL 4.38473, L1 1.88377) | LR 1.00e-03
2026-06-22 06:20:05,765 INFO Epoch 19 | Batch 1000/1186 | Loss 6.25706 (NLL 4.38271, L1 1.87435) | LR 1.00e-03
2026-06-22 06:20:38,456 INFO Epoch 19 | Batch 1050/1186 | Loss 6.26520 (NLL 4.38333, L1 1.88187) | LR 1.00e-03
2026-06-22 06:21:11,153 INFO Epoch 19 | Batch 1100/1186 | Loss 6.28059 (NLL 4.39371, L1 1.88689) | LR 1.00e-03
2026-06-22 06:21:43,830 INFO Epoch 19 | Batch 1150/1186 | Loss 6.30469 (NLL 4.40665, L1 1.89804) | LR 1.00e-03
2026-06-22 06:23:03,813 INFO Epoch 19 | Val Loss 6.17185
2026-06-22 06:23:36,827 INFO Epoch 20 | Batch 50/1186 | Loss 6.29808 (NLL 4.39556, L1 1.90252) | LR 1.00e-03
2026-06-22 06:24:09,522 INFO Epoch 20 | Batch 100/1186 | Loss 6.17284 (NLL 4.34430, L1 1.82854) | LR 1.00e-03
2026-06-22 06:24:42,203 INFO Epoch 20 | Batch 150/1186 | Loss 6.28065 (NLL 4.38570, L1 1.89496) | LR 1.00e-03
2026-06-22 06:25:14,913 INFO Epoch 20 | Batch 200/1186 | Loss 6.35377 (NLL 4.42467, L1 1.92910) | LR 1.00e-03
2026-06-22 06:25:47,627 INFO Epoch 20 | Batch 250/1186 | Loss 6.37865 (NLL 4.44379, L1 1.93486) | LR 1.00e-03
2026-06-22 06:26:20,305 INFO Epoch 20 | Batch 300/1186 | Loss 6.25959 (NLL 4.36566, L1 1.89393) | LR 1.00e-03
2026-06-22 06:26:53,013 INFO Epoch 20 | Batch 350/1186 | Loss 6.18993 (NLL 4.33620, L1 1.85373) | LR 1.00e-03
2026-06-22 06:27:25,719 INFO Epoch 20 | Batch 400/1186 | Loss 6.09949 (NLL 4.31158, L1 1.78791) | LR 1.00e-03
2026-06-22 06:27:58,427 INFO Epoch 20 | Batch 450/1186 | Loss 6.24686 (NLL 4.38222, L1 1.86463) | LR 1.00e-03
2026-06-22 06:28:31,136 INFO Epoch 20 | Batch 500/1186 | Loss 6.36705 (NLL 4.42791, L1 1.93914) | LR 1.00e-03
2026-06-22 06:29:03,843 INFO Epoch 20 | Batch 550/1186 | Loss 6.24446 (NLL 4.38266, L1 1.86180) | LR 1.00e-03
2026-06-22 06:29:36,559 INFO Epoch 20 | Batch 600/1186 | Loss 6.26909 (NLL 4.39320, L1 1.87589) | LR 1.00e-03
2026-06-22 06:30:09,267 INFO Epoch 20 | Batch 650/1186 | Loss 6.29161 (NLL 4.39359, L1 1.89802) | LR 1.00e-03
2026-06-22 06:30:41,984 INFO Epoch 20 | Batch 700/1186 | Loss 6.19699 (NLL 4.36869, L1 1.82829) | LR 1.00e-03
2026-06-22 06:31:14,685 INFO Epoch 20 | Batch 750/1186 | Loss 6.31463 (NLL 4.41914, L1 1.89548) | LR 1.00e-03
2026-06-22 06:31:47,371 INFO Epoch 20 | Batch 800/1186 | Loss 6.33377 (NLL 4.43079, L1 1.90298) | LR 1.00e-03
2026-06-22 06:32:20,067 INFO Epoch 20 | Batch 850/1186 | Loss 6.29837 (NLL 4.39306, L1 1.90531) | LR 1.00e-03
2026-06-22 06:32:52,779 INFO Epoch 20 | Batch 900/1186 | Loss 6.22624 (NLL 4.35129, L1 1.87496) | LR 1.00e-03
2026-06-22 06:33:25,468 INFO Epoch 20 | Batch 950/1186 | Loss 6.18813 (NLL 4.36197, L1 1.82617) | LR 1.00e-03
2026-06-22 06:33:58,179 INFO Epoch 20 | Batch 1000/1186 | Loss 6.26948 (NLL 4.39757, L1 1.87191) | LR 1.00e-03
2026-06-22 06:34:30,869 INFO Epoch 20 | Batch 1050/1186 | Loss 6.21520 (NLL 4.37025, L1 1.84495) | LR 1.00e-03
2026-06-22 06:35:03,574 INFO Epoch 20 | Batch 1100/1186 | Loss 6.37570 (NLL 4.44545, L1 1.93025) | LR 1.00e-03
2026-06-22 06:35:36,268 INFO Epoch 20 | Batch 1150/1186 | Loss 6.36612 (NLL 4.43359, L1 1.93253) | LR 1.00e-03
2026-06-22 06:36:56,238 INFO Epoch 20 | Val Loss 6.16368
2026-06-22 06:37:29,270 INFO Epoch 21 | Batch 50/1186 | Loss 6.48293 (NLL 4.49708, L1 1.98586) | LR 1.00e-03
2026-06-22 06:38:01,981 INFO Epoch 21 | Batch 100/1186 | Loss 6.16558 (NLL 4.33432, L1 1.83126) | LR 1.00e-03
2026-06-22 06:38:34,676 INFO Epoch 21 | Batch 150/1186 | Loss 6.31769 (NLL 4.41896, L1 1.89874) | LR 1.00e-03
2026-06-22 06:39:07,374 INFO Epoch 21 | Batch 200/1186 | Loss 6.34450 (NLL 4.42323, L1 1.92127) | LR 1.00e-03
2026-06-22 06:39:40,079 INFO Epoch 21 | Batch 250/1186 | Loss 6.31548 (NLL 4.39880, L1 1.91668) | LR 1.00e-03
2026-06-22 06:40:12,781 INFO Epoch 21 | Batch 300/1186 | Loss 6.20352 (NLL 4.35656, L1 1.84697) | LR 1.00e-03
2026-06-22 06:40:45,480 INFO Epoch 21 | Batch 350/1186 | Loss 6.20628 (NLL 4.34984, L1 1.85644) | LR 1.00e-03
2026-06-22 06:41:18,177 INFO Epoch 21 | Batch 400/1186 | Loss 6.37577 (NLL 4.44372, L1 1.93206) | LR 1.00e-03
2026-06-22 06:41:50,878 INFO Epoch 21 | Batch 450/1186 | Loss 6.31915 (NLL 4.40718, L1 1.91197) | LR 1.00e-03
2026-06-22 06:42:23,578 INFO Epoch 21 | Batch 500/1186 | Loss 6.31360 (NLL 4.41138, L1 1.90222) | LR 1.00e-03
2026-06-22 06:42:56,285 INFO Epoch 21 | Batch 550/1186 | Loss 6.04219 (NLL 4.28305, L1 1.75915) | LR 1.00e-03
2026-06-22 06:43:28,976 INFO Epoch 21 | Batch 600/1186 | Loss 6.28809 (NLL 4.39964, L1 1.88845) | LR 1.00e-03
2026-06-22 06:44:01,655 INFO Epoch 21 | Batch 650/1186 | Loss 6.28360 (NLL 4.41051, L1 1.87309) | LR 1.00e-03
2026-06-22 06:44:34,364 INFO Epoch 21 | Batch 700/1186 | Loss 6.20302 (NLL 4.34690, L1 1.85612) | LR 1.00e-03
2026-06-22 06:45:07,080 INFO Epoch 21 | Batch 750/1186 | Loss 6.27235 (NLL 4.38229, L1 1.89006) | LR 1.00e-03
2026-06-22 06:45:39,790 INFO Epoch 21 | Batch 800/1186 | Loss 6.15360 (NLL 4.33278, L1 1.82082) | LR 1.00e-03
2026-06-22 06:46:12,493 INFO Epoch 21 | Batch 850/1186 | Loss 6.37109 (NLL 4.45856, L1 1.91252) | LR 1.00e-03
2026-06-22 06:46:45,221 INFO Epoch 21 | Batch 900/1186 | Loss 6.20003 (NLL 4.35487, L1 1.84516) | LR 1.00e-03
2026-06-22 06:47:17,927 INFO Epoch 21 | Batch 950/1186 | Loss 6.21221 (NLL 4.35708, L1 1.85512) | LR 1.00e-03
2026-06-22 06:47:50,646 INFO Epoch 21 | Batch 1000/1186 | Loss 6.23343 (NLL 4.36715, L1 1.86629) | LR 1.00e-03
2026-06-22 06:48:23,339 INFO Epoch 21 | Batch 1050/1186 | Loss 6.20032 (NLL 4.36422, L1 1.83609) | LR 1.00e-03
2026-06-22 06:48:56,051 INFO Epoch 21 | Batch 1100/1186 | Loss 6.22328 (NLL 4.36779, L1 1.85549) | LR 1.00e-03
2026-06-22 06:49:28,753 INFO Epoch 21 | Batch 1150/1186 | Loss 6.39673 (NLL 4.44193, L1 1.95480) | LR 1.00e-03
2026-06-22 06:50:49,103 INFO Epoch 21 | Val Loss 6.15585
2026-06-22 06:51:22,091 INFO Epoch 22 | Batch 50/1186 | Loss 6.30358 (NLL 4.39392, L1 1.90966) | LR 1.00e-03
2026-06-22 06:51:54,830 INFO Epoch 22 | Batch 100/1186 | Loss 6.25462 (NLL 4.38647, L1 1.86815) | LR 1.00e-03
2026-06-22 06:52:27,518 INFO Epoch 22 | Batch 150/1186 | Loss 6.30635 (NLL 4.40324, L1 1.90311) | LR 1.00e-03
2026-06-22 06:53:00,224 INFO Epoch 22 | Batch 200/1186 | Loss 6.17739 (NLL 4.35098, L1 1.82641) | LR 1.00e-03
2026-06-22 06:53:32,926 INFO Epoch 22 | Batch 250/1186 | Loss 6.26461 (NLL 4.39287, L1 1.87174) | LR 1.00e-03
2026-06-22 06:54:05,624 INFO Epoch 22 | Batch 300/1186 | Loss 6.24870 (NLL 4.37857, L1 1.87013) | LR 1.00e-03
2026-06-22 06:54:38,335 INFO Epoch 22 | Batch 350/1186 | Loss 6.26810 (NLL 4.39928, L1 1.86882) | LR 1.00e-03
2026-06-22 06:55:11,049 INFO Epoch 22 | Batch 400/1186 | Loss 6.24178 (NLL 4.37366, L1 1.86812) | LR 1.00e-03
2026-06-22 06:55:43,782 INFO Epoch 22 | Batch 450/1186 | Loss 6.24471 (NLL 4.37922, L1 1.86548) | LR 1.00e-03
2026-06-22 06:56:16,500 INFO Epoch 22 | Batch 500/1186 | Loss 6.28362 (NLL 4.39763, L1 1.88598) | LR 1.00e-03
2026-06-22 06:56:49,196 INFO Epoch 22 | Batch 550/1186 | Loss 6.28930 (NLL 4.41459, L1 1.87471) | LR 1.00e-03
2026-06-22 06:57:21,892 INFO Epoch 22 | Batch 600/1186 | Loss 6.19725 (NLL 4.37559, L1 1.82165) | LR 1.00e-03
2026-06-22 06:57:54,585 INFO Epoch 22 | Batch 650/1186 | Loss 6.25940 (NLL 4.39099, L1 1.86841) | LR 1.00e-03
2026-06-22 06:58:27,311 INFO Epoch 22 | Batch 700/1186 | Loss 6.24006 (NLL 4.35766, L1 1.88240) | LR 1.00e-03
2026-06-22 06:59:00,038 INFO Epoch 22 | Batch 750/1186 | Loss 6.30998 (NLL 4.40603, L1 1.90395) | LR 1.00e-03
2026-06-22 06:59:32,731 INFO Epoch 22 | Batch 800/1186 | Loss 6.36664 (NLL 4.42518, L1 1.94146) | LR 1.00e-03
2026-06-22 07:00:05,438 INFO Epoch 22 | Batch 850/1186 | Loss 6.28295 (NLL 4.38030, L1 1.90264) | LR 1.00e-03
2026-06-22 07:00:38,151 INFO Epoch 22 | Batch 900/1186 | Loss 6.26446 (NLL 4.37363, L1 1.89083) | LR 1.00e-03
2026-06-22 07:01:10,853 INFO Epoch 22 | Batch 950/1186 | Loss 6.15152 (NLL 4.32798, L1 1.82353) | LR 1.00e-03
2026-06-22 07:01:43,552 INFO Epoch 22 | Batch 1000/1186 | Loss 6.22622 (NLL 4.35744, L1 1.86878) | LR 1.00e-03
2026-06-22 07:02:16,280 INFO Epoch 22 | Batch 1050/1186 | Loss 6.39258 (NLL 4.45487, L1 1.93771) | LR 1.00e-03
2026-06-22 07:02:48,989 INFO Epoch 22 | Batch 1100/1186 | Loss 6.17888 (NLL 4.33615, L1 1.84274) | LR 1.00e-03
2026-06-22 07:03:21,713 INFO Epoch 22 | Batch 1150/1186 | Loss 6.32728 (NLL 4.42097, L1 1.90631) | LR 1.00e-03
2026-06-22 07:04:41,676 INFO Epoch 22 | Val Loss 6.13311
2026-06-22 07:04:42,213 INFO New best val loss: 6.13311 (saved checkpoints/best.pth)
2026-06-22 07:05:15,004 INFO Epoch 23 | Batch 50/1186 | Loss 6.26701 (NLL 4.37176, L1 1.89525) | LR 1.00e-03
2026-06-22 07:05:47,694 INFO Epoch 23 | Batch 100/1186 | Loss 6.24049 (NLL 4.37267, L1 1.86782) | LR 1.00e-03
2026-06-22 07:06:20,390 INFO Epoch 23 | Batch 150/1186 | Loss 6.29794 (NLL 4.39417, L1 1.90377) | LR 1.00e-03
2026-06-22 07:06:53,117 INFO Epoch 23 | Batch 200/1186 | Loss 6.25429 (NLL 4.40793, L1 1.84637) | LR 1.00e-03
2026-06-22 07:07:25,817 INFO Epoch 23 | Batch 250/1186 | Loss 6.32791 (NLL 4.42558, L1 1.90233) | LR 1.00e-03
2026-06-22 07:07:58,526 INFO Epoch 23 | Batch 300/1186 | Loss 6.23958 (NLL 4.36339, L1 1.87619) | LR 1.00e-03
2026-06-22 07:08:31,236 INFO Epoch 23 | Batch 350/1186 | Loss 6.22603 (NLL 4.37322, L1 1.85281) | LR 1.00e-03
2026-06-22 07:09:03,938 INFO Epoch 23 | Batch 400/1186 | Loss 6.32096 (NLL 4.43040, L1 1.89056) | LR 1.00e-03
2026-06-22 07:09:36,650 INFO Epoch 23 | Batch 450/1186 | Loss 6.32210 (NLL 4.41414, L1 1.90796) | LR 1.00e-03
2026-06-22 07:10:09,358 INFO Epoch 23 | Batch 500/1186 | Loss 6.40196 (NLL 4.45790, L1 1.94406) | LR 1.00e-03
2026-06-22 07:10:42,092 INFO Epoch 23 | Batch 550/1186 | Loss 6.30707 (NLL 4.40087, L1 1.90621) | LR 1.00e-03
2026-06-22 07:11:14,796 INFO Epoch 23 | Batch 600/1186 | Loss 6.15444 (NLL 4.33306, L1 1.82138) | LR 1.00e-03
2026-06-22 07:11:47,505 INFO Epoch 23 | Batch 650/1186 | Loss 6.35509 (NLL 4.44082, L1 1.91427) | LR 1.00e-03
2026-06-22 07:12:20,213 INFO Epoch 23 | Batch 700/1186 | Loss 6.22779 (NLL 4.36002, L1 1.86777) | LR 1.00e-03
2026-06-22 07:12:52,910 INFO Epoch 23 | Batch 750/1186 | Loss 6.26801 (NLL 4.39622, L1 1.87178) | LR 1.00e-03
2026-06-22 07:13:25,622 INFO Epoch 23 | Batch 800/1186 | Loss 6.20612 (NLL 4.34257, L1 1.86355) | LR 1.00e-03
2026-06-22 07:13:58,341 INFO Epoch 23 | Batch 850/1186 | Loss 6.21113 (NLL 4.34825, L1 1.86288) | LR 1.00e-03
2026-06-22 07:14:31,046 INFO Epoch 23 | Batch 900/1186 | Loss 6.18816 (NLL 4.34796, L1 1.84020) | LR 1.00e-03
2026-06-22 07:15:03,736 INFO Epoch 23 | Batch 950/1186 | Loss 6.18041 (NLL 4.34670, L1 1.83371) | LR 1.00e-03
2026-06-22 07:15:36,460 INFO Epoch 23 | Batch 1000/1186 | Loss 6.23560 (NLL 4.36596, L1 1.86964) | LR 1.00e-03
2026-06-22 07:16:09,182 INFO Epoch 23 | Batch 1050/1186 | Loss 6.24304 (NLL 4.38010, L1 1.86294) | LR 1.00e-03
2026-06-22 07:16:41,884 INFO Epoch 23 | Batch 1100/1186 | Loss 6.31201 (NLL 4.41316, L1 1.89885) | LR 1.00e-03
2026-06-22 07:17:14,595 INFO Epoch 23 | Batch 1150/1186 | Loss 6.40628 (NLL 4.46350, L1 1.94278) | LR 1.00e-03
2026-06-22 07:18:34,587 INFO Epoch 23 | Val Loss 6.16439
2026-06-22 07:19:07,635 INFO Epoch 24 | Batch 50/1186 | Loss 6.25823 (NLL 4.37805, L1 1.88018) | LR 1.00e-03
2026-06-22 07:19:40,355 INFO Epoch 24 | Batch 100/1186 | Loss 6.24193 (NLL 4.36176, L1 1.88017) | LR 1.00e-03
2026-06-22 07:20:13,051 INFO Epoch 24 | Batch 150/1186 | Loss 6.24584 (NLL 4.38377, L1 1.86207) | LR 1.00e-03
2026-06-22 07:20:45,757 INFO Epoch 24 | Batch 200/1186 | Loss 6.31427 (NLL 4.40798, L1 1.90629) | LR 1.00e-03
2026-06-22 07:21:18,469 INFO Epoch 24 | Batch 250/1186 | Loss 6.28744 (NLL 4.39191, L1 1.89553) | LR 1.00e-03
2026-06-22 07:21:51,193 INFO Epoch 24 | Batch 300/1186 | Loss 6.29499 (NLL 4.40001, L1 1.89498) | LR 1.00e-03
2026-06-22 07:22:23,907 INFO Epoch 24 | Batch 350/1186 | Loss 6.35721 (NLL 4.43188, L1 1.92534) | LR 1.00e-03
2026-06-22 07:22:56,624 INFO Epoch 24 | Batch 400/1186 | Loss 6.18566 (NLL 4.35280, L1 1.83286) | LR 1.00e-03
2026-06-22 07:23:29,344 INFO Epoch 24 | Batch 450/1186 | Loss 6.21415 (NLL 4.35964, L1 1.85451) | LR 1.00e-03
2026-06-22 07:24:02,047 INFO Epoch 24 | Batch 500/1186 | Loss 6.26090 (NLL 4.38470, L1 1.87620) | LR 1.00e-03
2026-06-22 07:24:34,762 INFO Epoch 24 | Batch 550/1186 | Loss 6.31023 (NLL 4.39877, L1 1.91146) | LR 1.00e-03
2026-06-22 07:25:07,482 INFO Epoch 24 | Batch 600/1186 | Loss 6.13808 (NLL 4.34266, L1 1.79542) | LR 1.00e-03
2026-06-22 07:25:40,189 INFO Epoch 24 | Batch 650/1186 | Loss 6.46724 (NLL 4.48023, L1 1.98700) | LR 1.00e-03
2026-06-22 07:26:12,917 INFO Epoch 24 | Batch 700/1186 | Loss 6.38823 (NLL 4.44414, L1 1.94409) | LR 1.00e-03
2026-06-22 07:26:45,635 INFO Epoch 24 | Batch 750/1186 | Loss 6.15128 (NLL 4.33160, L1 1.81968) | LR 1.00e-03
2026-06-22 07:27:18,347 INFO Epoch 24 | Batch 800/1186 | Loss 6.17148 (NLL 4.34877, L1 1.82271) | LR 1.00e-03
2026-06-22 07:27:51,075 INFO Epoch 24 | Batch 850/1186 | Loss 6.24694 (NLL 4.37966, L1 1.86728) | LR 1.00e-03
2026-06-22 07:28:23,800 INFO Epoch 24 | Batch 900/1186 | Loss 6.10397 (NLL 4.28777, L1 1.81620) | LR 1.00e-03
2026-06-22 07:28:56,527 INFO Epoch 24 | Batch 950/1186 | Loss 6.32721 (NLL 4.42842, L1 1.89880) | LR 1.00e-03
2026-06-22 07:29:29,222 INFO Epoch 24 | Batch 1000/1186 | Loss 6.32300 (NLL 4.40688, L1 1.91612) | LR 1.00e-03
2026-06-22 07:30:01,922 INFO Epoch 24 | Batch 1050/1186 | Loss 6.24690 (NLL 4.37294, L1 1.87397) | LR 1.00e-03
2026-06-22 07:30:34,618 INFO Epoch 24 | Batch 1100/1186 | Loss 6.25467 (NLL 4.37810, L1 1.87657) | LR 1.00e-03
2026-06-22 07:31:07,331 INFO Epoch 24 | Batch 1150/1186 | Loss 6.25232 (NLL 4.38442, L1 1.86790) | LR 1.00e-03
2026-06-22 07:32:27,335 INFO Epoch 24 | Val Loss 6.12745
2026-06-22 07:32:27,801 INFO New best val loss: 6.12745 (saved checkpoints/best.pth)
2026-06-22 07:33:00,566 INFO Epoch 25 | Batch 50/1186 | Loss 6.26586 (NLL 4.39159, L1 1.87427) | LR 1.00e-03
2026-06-22 07:33:33,297 INFO Epoch 25 | Batch 100/1186 | Loss 6.29771 (NLL 4.41806, L1 1.87965) | LR 1.00e-03
2026-06-22 07:34:06,034 INFO Epoch 25 | Batch 150/1186 | Loss 6.36679 (NLL 4.43711, L1 1.92968) | LR 1.00e-03
2026-06-22 07:34:38,776 INFO Epoch 25 | Batch 200/1186 | Loss 6.27867 (NLL 4.39249, L1 1.88618) | LR 1.00e-03
2026-06-22 07:35:11,519 INFO Epoch 25 | Batch 250/1186 | Loss 6.33903 (NLL 4.42014, L1 1.91888) | LR 1.00e-03
2026-06-22 07:35:44,267 INFO Epoch 25 | Batch 300/1186 | Loss 6.16352 (NLL 4.33798, L1 1.82554) | LR 1.00e-03
2026-06-22 07:36:17,017 INFO Epoch 25 | Batch 350/1186 | Loss 6.18894 (NLL 4.33561, L1 1.85333) | LR 1.00e-03
2026-06-22 07:36:49,722 INFO Epoch 25 | Batch 400/1186 | Loss 6.19143 (NLL 4.33654, L1 1.85489) | LR 1.00e-03
2026-06-22 07:37:22,452 INFO Epoch 25 | Batch 450/1186 | Loss 6.27438 (NLL 4.38886, L1 1.88552) | LR 1.00e-03
2026-06-22 07:37:55,170 INFO Epoch 25 | Batch 500/1186 | Loss 6.16843 (NLL 4.33143, L1 1.83701) | LR 1.00e-03
2026-06-22 07:38:27,884 INFO Epoch 25 | Batch 550/1186 | Loss 6.26474 (NLL 4.40177, L1 1.86297) | LR 1.00e-03
2026-06-22 07:39:00,596 INFO Epoch 25 | Batch 600/1186 | Loss 6.19903 (NLL 4.34015, L1 1.85888) | LR 1.00e-03
2026-06-22 07:39:33,306 INFO Epoch 25 | Batch 650/1186 | Loss 6.20480 (NLL 4.37777, L1 1.82703) | LR 1.00e-03
2026-06-22 07:40:06,031 INFO Epoch 25 | Batch 700/1186 | Loss 6.30001 (NLL 4.41344, L1 1.88657) | LR 1.00e-03
2026-06-22 07:40:38,746 INFO Epoch 25 | Batch 750/1186 | Loss 6.29035 (NLL 4.39975, L1 1.89060) | LR 1.00e-03
2026-06-22 07:41:11,476 INFO Epoch 25 | Batch 800/1186 | Loss 6.34327 (NLL 4.42562, L1 1.91765) | LR 1.00e-03
2026-06-22 07:41:44,192 INFO Epoch 25 | Batch 850/1186 | Loss 6.34454 (NLL 4.43035, L1 1.91420) | LR 1.00e-03
2026-06-22 07:42:16,922 INFO Epoch 25 | Batch 900/1186 | Loss 6.25138 (NLL 4.37261, L1 1.87878) | LR 1.00e-03
2026-06-22 07:42:49,646 INFO Epoch 25 | Batch 950/1186 | Loss 6.24732 (NLL 4.38254, L1 1.86478) | LR 1.00e-03
2026-06-22 07:43:22,402 INFO Epoch 25 | Batch 1000/1186 | Loss 6.22722 (NLL 4.36855, L1 1.85867) | LR 1.00e-03
2026-06-22 07:43:55,129 INFO Epoch 25 | Batch 1050/1186 | Loss 6.34862 (NLL 4.44368, L1 1.90494) | LR 1.00e-03
2026-06-22 07:44:27,857 INFO Epoch 25 | Batch 1100/1186 | Loss 6.19167 (NLL 4.34018, L1 1.85149) | LR 1.00e-03
2026-06-22 07:45:00,579 INFO Epoch 25 | Batch 1150/1186 | Loss 6.21270 (NLL 4.35110, L1 1.86160) | LR 1.00e-03
2026-06-22 07:46:20,672 INFO Epoch 25 | Val Loss 6.17698
2026-06-22 07:46:53,710 INFO Epoch 26 | Batch 50/1186 | Loss 6.25749 (NLL 4.37767, L1 1.87981) | LR 1.00e-03
2026-06-22 07:47:26,418 INFO Epoch 26 | Batch 100/1186 | Loss 6.32133 (NLL 4.40867, L1 1.91266) | LR 1.00e-03
2026-06-22 07:47:59,149 INFO Epoch 26 | Batch 150/1186 | Loss 6.30243 (NLL 4.40550, L1 1.89693) | LR 1.00e-03
2026-06-22 07:48:31,875 INFO Epoch 26 | Batch 200/1186 | Loss 6.15102 (NLL 4.33263, L1 1.81839) | LR 1.00e-03
2026-06-22 07:49:04,614 INFO Epoch 26 | Batch 250/1186 | Loss 6.23667 (NLL 4.36972, L1 1.86695) | LR 1.00e-03
2026-06-22 07:49:37,312 INFO Epoch 26 | Batch 300/1186 | Loss 6.19776 (NLL 4.36205, L1 1.83571) | LR 1.00e-03
2026-06-22 07:50:10,034 INFO Epoch 26 | Batch 350/1186 | Loss 6.29477 (NLL 4.40605, L1 1.88872) | LR 1.00e-03
2026-06-22 07:50:42,746 INFO Epoch 26 | Batch 400/1186 | Loss 6.33223 (NLL 4.41089, L1 1.92134) | LR 1.00e-03
2026-06-22 07:51:15,478 INFO Epoch 26 | Batch 450/1186 | Loss 6.27907 (NLL 4.38418, L1 1.89488) | LR 1.00e-03
2026-06-22 07:51:48,205 INFO Epoch 26 | Batch 500/1186 | Loss 6.26825 (NLL 4.38762, L1 1.88063) | LR 1.00e-03
2026-06-22 07:52:20,931 INFO Epoch 26 | Batch 550/1186 | Loss 6.21905 (NLL 4.36040, L1 1.85865) | LR 1.00e-03
2026-06-22 07:52:53,630 INFO Epoch 26 | Batch 600/1186 | Loss 6.33393 (NLL 4.41884, L1 1.91510) | LR 1.00e-03
2026-06-22 07:53:26,342 INFO Epoch 26 | Batch 650/1186 | Loss 6.23587 (NLL 4.36265, L1 1.87322) | LR 1.00e-03
2026-06-22 07:53:59,072 INFO Epoch 26 | Batch 700/1186 | Loss 6.21903 (NLL 4.36360, L1 1.85543) | LR 1.00e-03
2026-06-22 07:54:31,802 INFO Epoch 26 | Batch 750/1186 | Loss 6.25109 (NLL 4.36844, L1 1.88265) | LR 1.00e-03
2026-06-22 07:55:04,523 INFO Epoch 26 | Batch 800/1186 | Loss 6.26608 (NLL 4.39118, L1 1.87490) | LR 1.00e-03
2026-06-22 07:55:37,276 INFO Epoch 26 | Batch 850/1186 | Loss 6.32023 (NLL 4.41515, L1 1.90508) | LR 1.00e-03
2026-06-22 07:56:10,014 INFO Epoch 26 | Batch 900/1186 | Loss 6.24505 (NLL 4.37585, L1 1.86920) | LR 1.00e-03
2026-06-22 07:56:42,736 INFO Epoch 26 | Batch 950/1186 | Loss 6.19037 (NLL 4.34577, L1 1.84460) | LR 1.00e-03
2026-06-22 07:57:15,476 INFO Epoch 26 | Batch 1000/1186 | Loss 6.29285 (NLL 4.40144, L1 1.89142) | LR 1.00e-03
2026-06-22 07:57:48,215 INFO Epoch 26 | Batch 1050/1186 | Loss 6.29362 (NLL 4.40537, L1 1.88825) | LR 1.00e-03
2026-06-22 07:58:20,949 INFO Epoch 26 | Batch 1100/1186 | Loss 6.25373 (NLL 4.39833, L1 1.85540) | LR 1.00e-03
2026-06-22 07:58:53,672 INFO Epoch 26 | Batch 1150/1186 | Loss 6.29195 (NLL 4.39795, L1 1.89400) | LR 1.00e-03
2026-06-22 08:00:13,770 INFO Epoch 26 | Val Loss 6.15484
2026-06-22 08:00:46,793 INFO Epoch 27 | Batch 50/1186 | Loss 6.26467 (NLL 4.37221, L1 1.89246) | LR 1.00e-03
2026-06-22 08:01:19,520 INFO Epoch 27 | Batch 100/1186 | Loss 6.30398 (NLL 4.38733, L1 1.91666) | LR 1.00e-03
2026-06-22 08:01:52,250 INFO Epoch 27 | Batch 150/1186 | Loss 6.16427 (NLL 4.33159, L1 1.83269) | LR 1.00e-03
2026-06-22 08:02:24,987 INFO Epoch 27 | Batch 200/1186 | Loss 6.34275 (NLL 4.42309, L1 1.91966) | LR 1.00e-03
2026-06-22 08:02:57,738 INFO Epoch 27 | Batch 250/1186 | Loss 6.27178 (NLL 4.38302, L1 1.88876) | LR 1.00e-03
2026-06-22 08:03:30,472 INFO Epoch 27 | Batch 300/1186 | Loss 6.24602 (NLL 4.37058, L1 1.87544) | LR 1.00e-03
2026-06-22 08:04:03,191 INFO Epoch 27 | Batch 350/1186 | Loss 6.28785 (NLL 4.38695, L1 1.90090) | LR 1.00e-03
2026-06-22 08:04:35,912 INFO Epoch 27 | Batch 400/1186 | Loss 6.16013 (NLL 4.33367, L1 1.82646) | LR 1.00e-03
2026-06-22 08:05:08,625 INFO Epoch 27 | Batch 450/1186 | Loss 6.15646 (NLL 4.33491, L1 1.82155) | LR 1.00e-03
2026-06-22 08:05:41,342 INFO Epoch 27 | Batch 500/1186 | Loss 6.24147 (NLL 4.36738, L1 1.87409) | LR 1.00e-03
2026-06-22 08:06:14,065 INFO Epoch 27 | Batch 550/1186 | Loss 6.22362 (NLL 4.36468, L1 1.85894) | LR 1.00e-03
2026-06-22 08:06:46,780 INFO Epoch 27 | Batch 600/1186 | Loss 6.26909 (NLL 4.39529, L1 1.87380) | LR 1.00e-03
2026-06-22 08:07:19,507 INFO Epoch 27 | Batch 650/1186 | Loss 6.29788 (NLL 4.39358, L1 1.90430) | LR 1.00e-03
2026-06-22 08:07:52,245 INFO Epoch 27 | Batch 700/1186 | Loss 6.35203 (NLL 4.45768, L1 1.89435) | LR 1.00e-03
2026-06-22 08:08:24,971 INFO Epoch 27 | Batch 750/1186 | Loss 6.22464 (NLL 4.38122, L1 1.84342) | LR 1.00e-03
2026-06-22 08:08:57,709 INFO Epoch 27 | Batch 800/1186 | Loss 6.29612 (NLL 4.40060, L1 1.89552) | LR 1.00e-03
2026-06-22 08:09:30,438 INFO Epoch 27 | Batch 850/1186 | Loss 6.28169 (NLL 4.39098, L1 1.89071) | LR 1.00e-03
2026-06-22 08:10:03,148 INFO Epoch 27 | Batch 900/1186 | Loss 6.28973 (NLL 4.40066, L1 1.88907) | LR 1.00e-03
2026-06-22 08:10:35,880 INFO Epoch 27 | Batch 950/1186 | Loss 6.36986 (NLL 4.44478, L1 1.92508) | LR 1.00e-03
2026-06-22 08:11:08,602 INFO Epoch 27 | Batch 1000/1186 | Loss 6.32569 (NLL 4.42409, L1 1.90160) | LR 1.00e-03
2026-06-22 08:11:41,337 INFO Epoch 27 | Batch 1050/1186 | Loss 6.21664 (NLL 4.35722, L1 1.85942) | LR 1.00e-03
2026-06-22 08:12:14,057 INFO Epoch 27 | Batch 1100/1186 | Loss 6.20953 (NLL 4.35352, L1 1.85601) | LR 1.00e-03
2026-06-22 08:12:46,794 INFO Epoch 27 | Batch 1150/1186 | Loss 6.25632 (NLL 4.39292, L1 1.86340) | LR 1.00e-03
2026-06-22 08:14:06,872 INFO Epoch 27 | Val Loss 6.13908
2026-06-22 08:14:39,853 INFO Epoch 28 | Batch 50/1186 | Loss 6.15448 (NLL 4.32890, L1 1.82558) | LR 1.00e-03
2026-06-22 08:15:12,574 INFO Epoch 28 | Batch 100/1186 | Loss 6.33151 (NLL 4.43121, L1 1.90030) | LR 1.00e-03
2026-06-22 08:15:45,291 INFO Epoch 28 | Batch 150/1186 | Loss 6.22628 (NLL 4.36225, L1 1.86403) | LR 1.00e-03
2026-06-22 08:16:18,012 INFO Epoch 28 | Batch 200/1186 | Loss 6.29340 (NLL 4.40362, L1 1.88978) | LR 1.00e-03
2026-06-22 08:16:50,730 INFO Epoch 28 | Batch 250/1186 | Loss 6.28002 (NLL 4.39914, L1 1.88087) | LR 1.00e-03
2026-06-22 08:17:23,431 INFO Epoch 28 | Batch 300/1186 | Loss 6.25559 (NLL 4.37506, L1 1.88053) | LR 1.00e-03
2026-06-22 08:17:56,121 INFO Epoch 28 | Batch 350/1186 | Loss 6.24880 (NLL 4.37202, L1 1.87678) | LR 1.00e-03
2026-06-22 08:18:28,825 INFO Epoch 28 | Batch 400/1186 | Loss 6.22705 (NLL 4.36576, L1 1.86129) | LR 1.00e-03
2026-06-22 08:19:01,552 INFO Epoch 28 | Batch 450/1186 | Loss 6.23195 (NLL 4.37293, L1 1.85902) | LR 1.00e-03
2026-06-22 08:19:34,270 INFO Epoch 28 | Batch 500/1186 | Loss 6.23509 (NLL 4.36727, L1 1.86782) | LR 1.00e-03
2026-06-22 08:20:06,989 INFO Epoch 28 | Batch 550/1186 | Loss 6.26422 (NLL 4.36737, L1 1.89685) | LR 1.00e-03
2026-06-22 08:20:39,713 INFO Epoch 28 | Batch 600/1186 | Loss 6.37869 (NLL 4.44117, L1 1.93752) | LR 1.00e-03
2026-06-22 08:21:12,433 INFO Epoch 28 | Batch 650/1186 | Loss 6.23586 (NLL 4.36175, L1 1.87412) | LR 1.00e-03
2026-06-22 08:21:45,138 INFO Epoch 28 | Batch 700/1186 | Loss 6.29888 (NLL 4.39397, L1 1.90491) | LR 1.00e-03
2026-06-22 08:22:17,864 INFO Epoch 28 | Batch 750/1186 | Loss 6.19570 (NLL 4.35880, L1 1.83689) | LR 1.00e-03
2026-06-22 08:22:50,586 INFO Epoch 28 | Batch 800/1186 | Loss 6.29014 (NLL 4.39603, L1 1.89411) | LR 1.00e-03
2026-06-22 08:23:23,304 INFO Epoch 28 | Batch 850/1186 | Loss 6.18641 (NLL 4.35386, L1 1.83255) | LR 1.00e-03
2026-06-22 08:23:56,045 INFO Epoch 28 | Batch 900/1186 | Loss 6.27896 (NLL 4.38992, L1 1.88904) | LR 1.00e-03
2026-06-22 08:24:28,757 INFO Epoch 28 | Batch 950/1186 | Loss 6.33903 (NLL 4.41190, L1 1.92712) | LR 1.00e-03
2026-06-22 08:25:01,459 INFO Epoch 28 | Batch 1000/1186 | Loss 6.40641 (NLL 4.45715, L1 1.94926) | LR 1.00e-03
2026-06-22 08:25:34,188 INFO Epoch 28 | Batch 1050/1186 | Loss 6.20735 (NLL 4.36250, L1 1.84485) | LR 1.00e-03
2026-06-22 08:26:06,923 INFO Epoch 28 | Batch 1100/1186 | Loss 6.23976 (NLL 4.38160, L1 1.85816) | LR 1.00e-03
2026-06-22 08:26:39,651 INFO Epoch 28 | Batch 1150/1186 | Loss 6.18232 (NLL 4.34164, L1 1.84068) | LR 1.00e-03
2026-06-22 08:27:59,170 INFO Epoch 28 | Val Loss 6.13856
2026-06-22 08:28:32,193 INFO Epoch 29 | Batch 50/1186 | Loss 6.36068 (NLL 4.42249, L1 1.93818) | LR 1.00e-03
2026-06-22 08:29:04,901 INFO Epoch 29 | Batch 100/1186 | Loss 6.29490 (NLL 4.39024, L1 1.90465) | LR 1.00e-03
2026-06-22 08:29:37,619 INFO Epoch 29 | Batch 150/1186 | Loss 6.26779 (NLL 4.39299, L1 1.87480) | LR 1.00e-03
2026-06-22 08:30:10,332 INFO Epoch 29 | Batch 200/1186 | Loss 6.22118 (NLL 4.36918, L1 1.85200) | LR 1.00e-03
2026-06-22 08:30:43,045 INFO Epoch 29 | Batch 250/1186 | Loss 6.25018 (NLL 4.37278, L1 1.87740) | LR 1.00e-03
2026-06-22 08:31:15,750 INFO Epoch 29 | Batch 300/1186 | Loss 6.36090 (NLL 4.43327, L1 1.92763) | LR 1.00e-03
2026-06-22 08:31:48,455 INFO Epoch 29 | Batch 350/1186 | Loss 6.20572 (NLL 4.35531, L1 1.85041) | LR 1.00e-03
2026-06-22 08:32:21,155 INFO Epoch 29 | Batch 400/1186 | Loss 6.28541 (NLL 4.39580, L1 1.88961) | LR 1.00e-03
2026-06-22 08:32:53,867 INFO Epoch 29 | Batch 450/1186 | Loss 6.17669 (NLL 4.34164, L1 1.83505) | LR 1.00e-03
2026-06-22 08:33:26,583 INFO Epoch 29 | Batch 500/1186 | Loss 6.35943 (NLL 4.43347, L1 1.92596) | LR 1.00e-03
2026-06-22 08:33:59,295 INFO Epoch 29 | Batch 550/1186 | Loss 6.36512 (NLL 4.44271, L1 1.92240) | LR 1.00e-03
2026-06-22 08:34:32,006 INFO Epoch 29 | Batch 600/1186 | Loss 6.25567 (NLL 4.38691, L1 1.86877) | LR 1.00e-03
2026-06-22 08:35:04,733 INFO Epoch 29 | Batch 650/1186 | Loss 6.20697 (NLL 4.34487, L1 1.86210) | LR 1.00e-03
2026-06-22 08:35:37,457 INFO Epoch 29 | Batch 700/1186 | Loss 6.21931 (NLL 4.33544, L1 1.88387) | LR 1.00e-03
2026-06-22 08:36:10,169 INFO Epoch 29 | Batch 750/1186 | Loss 6.23206 (NLL 4.37811, L1 1.85395) | LR 1.00e-03
2026-06-22 08:36:42,889 INFO Epoch 29 | Batch 800/1186 | Loss 6.22607 (NLL 4.37659, L1 1.84948) | LR 1.00e-03
2026-06-22 08:37:15,600 INFO Epoch 29 | Batch 850/1186 | Loss 6.22590 (NLL 4.38219, L1 1.84370) | LR 1.00e-03
2026-06-22 08:37:48,307 INFO Epoch 29 | Batch 900/1186 | Loss 6.35485 (NLL 4.43991, L1 1.91494) | LR 1.00e-03
2026-06-22 08:38:20,995 INFO Epoch 29 | Batch 950/1186 | Loss 6.29738 (NLL 4.39881, L1 1.89857) | LR 1.00e-03
2026-06-22 08:38:53,725 INFO Epoch 29 | Batch 1000/1186 | Loss 6.17244 (NLL 4.34380, L1 1.82864) | LR 1.00e-03
2026-06-22 08:39:26,442 INFO Epoch 29 | Batch 1050/1186 | Loss 6.19588 (NLL 4.36130, L1 1.83458) | LR 1.00e-03
2026-06-22 08:39:59,165 INFO Epoch 29 | Batch 1100/1186 | Loss 6.23395 (NLL 4.36458, L1 1.86937) | LR 1.00e-03
2026-06-22 08:40:31,869 INFO Epoch 29 | Batch 1150/1186 | Loss 6.27465 (NLL 4.39416, L1 1.88049) | LR 1.00e-03
2026-06-22 08:41:51,947 INFO Epoch 29 | Val Loss 6.13436
2026-06-22 08:42:24,953 INFO Epoch 30 | Batch 50/1186 | Loss 6.27558 (NLL 4.38064, L1 1.89494) | LR 1.00e-03
2026-06-22 08:42:57,660 INFO Epoch 30 | Batch 100/1186 | Loss 6.25806 (NLL 4.37634, L1 1.88173) | LR 1.00e-03
2026-06-22 08:43:30,380 INFO Epoch 30 | Batch 150/1186 | Loss 6.32168 (NLL 4.41137, L1 1.91031) | LR 1.00e-03
2026-06-22 08:44:03,074 INFO Epoch 30 | Batch 200/1186 | Loss 6.30819 (NLL 4.41869, L1 1.88950) | LR 1.00e-03
2026-06-22 08:44:35,796 INFO Epoch 30 | Batch 250/1186 | Loss 6.18644 (NLL 4.34133, L1 1.84511) | LR 1.00e-03
2026-06-22 08:45:08,510 INFO Epoch 30 | Batch 300/1186 | Loss 6.40751 (NLL 4.44743, L1 1.96009) | LR 1.00e-03
2026-06-22 08:45:41,208 INFO Epoch 30 | Batch 350/1186 | Loss 6.38048 (NLL 4.44335, L1 1.93713) | LR 1.00e-03
2026-06-22 08:46:13,919 INFO Epoch 30 | Batch 400/1186 | Loss 6.14432 (NLL 4.32153, L1 1.82279) | LR 1.00e-03
2026-06-22 08:46:46,652 INFO Epoch 30 | Batch 450/1186 | Loss 6.30218 (NLL 4.42254, L1 1.87964) | LR 1.00e-03
2026-06-22 08:47:19,367 INFO Epoch 30 | Batch 500/1186 | Loss 6.16329 (NLL 4.34445, L1 1.81884) | LR 1.00e-03
2026-06-22 08:47:52,070 INFO Epoch 30 | Batch 550/1186 | Loss 6.13910 (NLL 4.30632, L1 1.83278) | LR 1.00e-03
2026-06-22 08:48:24,801 INFO Epoch 30 | Batch 600/1186 | Loss 6.30712 (NLL 4.40688, L1 1.90024) | LR 1.00e-03
2026-06-22 08:48:57,537 INFO Epoch 30 | Batch 650/1186 | Loss 6.14789 (NLL 4.33479, L1 1.81310) | LR 1.00e-03
2026-06-22 08:49:30,245 INFO Epoch 30 | Batch 700/1186 | Loss 6.20456 (NLL 4.34547, L1 1.85909) | LR 1.00e-03
2026-06-22 08:50:02,969 INFO Epoch 30 | Batch 750/1186 | Loss 6.31662 (NLL 4.40799, L1 1.90864) | LR 1.00e-03
2026-06-22 08:50:35,675 INFO Epoch 30 | Batch 800/1186 | Loss 6.25209 (NLL 4.38873, L1 1.86336) | LR 1.00e-03
2026-06-22 08:51:08,393 INFO Epoch 30 | Batch 850/1186 | Loss 6.30077 (NLL 4.40320, L1 1.89757) | LR 1.00e-03
2026-06-22 08:51:41,110 INFO Epoch 30 | Batch 900/1186 | Loss 6.21107 (NLL 4.37013, L1 1.84095) | LR 1.00e-03
2026-06-22 08:52:13,832 INFO Epoch 30 | Batch 950/1186 | Loss 6.34850 (NLL 4.44408, L1 1.90441) | LR 1.00e-03
2026-06-22 08:52:46,566 INFO Epoch 30 | Batch 1000/1186 | Loss 6.28828 (NLL 4.38774, L1 1.90054) | LR 1.00e-03
2026-06-22 08:53:19,273 INFO Epoch 30 | Batch 1050/1186 | Loss 6.37274 (NLL 4.43034, L1 1.94240) | LR 1.00e-03
2026-06-22 08:53:51,997 INFO Epoch 30 | Batch 1100/1186 | Loss 6.18706 (NLL 4.34704, L1 1.84002) | LR 1.00e-03
2026-06-22 08:54:24,702 INFO Epoch 30 | Batch 1150/1186 | Loss 6.21577 (NLL 4.35841, L1 1.85735) | LR 1.00e-03
2026-06-22 08:55:44,807 INFO Epoch 30 | Val Loss 6.17644
2026-06-22 08:56:17,822 INFO Epoch 31 | Batch 50/1186 | Loss 6.36325 (NLL 4.41940, L1 1.94385) | LR 1.00e-03
2026-06-22 08:56:50,554 INFO Epoch 31 | Batch 100/1186 | Loss 6.17744 (NLL 4.35727, L1 1.82016) | LR 1.00e-03
2026-06-22 08:57:23,276 INFO Epoch 31 | Batch 150/1186 | Loss 6.19709 (NLL 4.35961, L1 1.83748) | LR 1.00e-03
2026-06-22 08:57:55,983 INFO Epoch 31 | Batch 200/1186 | Loss 6.37294 (NLL 4.44660, L1 1.92634) | LR 1.00e-03
2026-06-22 08:58:28,702 INFO Epoch 31 | Batch 250/1186 | Loss 6.28510 (NLL 4.38625, L1 1.89885) | LR 1.00e-03
2026-06-22 08:59:01,416 INFO Epoch 31 | Batch 300/1186 | Loss 6.42862 (NLL 4.45616, L1 1.97246) | LR 1.00e-03
2026-06-22 08:59:34,124 INFO Epoch 31 | Batch 350/1186 | Loss 6.22755 (NLL 4.36653, L1 1.86102) | LR 1.00e-03
2026-06-22 09:00:06,848 INFO Epoch 31 | Batch 400/1186 | Loss 6.31101 (NLL 4.41758, L1 1.89343) | LR 1.00e-03
2026-06-22 09:00:39,560 INFO Epoch 31 | Batch 450/1186 | Loss 6.18865 (NLL 4.33319, L1 1.85545) | LR 1.00e-03
2026-06-22 09:01:12,278 INFO Epoch 31 | Batch 500/1186 | Loss 6.33051 (NLL 4.42981, L1 1.90070) | LR 1.00e-03
2026-06-22 09:01:44,983 INFO Epoch 31 | Batch 550/1186 | Loss 6.21785 (NLL 4.34011, L1 1.87774) | LR 1.00e-03
2026-06-22 09:02:17,694 INFO Epoch 31 | Batch 600/1186 | Loss 6.25417 (NLL 4.37210, L1 1.88207) | LR 1.00e-03
2026-06-22 09:02:50,391 INFO Epoch 31 | Batch 650/1186 | Loss 6.26700 (NLL 4.37592, L1 1.89108) | LR 1.00e-03
2026-06-22 09:03:23,111 INFO Epoch 31 | Batch 700/1186 | Loss 6.15409 (NLL 4.32107, L1 1.83303) | LR 1.00e-03
2026-06-22 09:03:55,818 INFO Epoch 31 | Batch 750/1186 | Loss 6.25944 (NLL 4.39057, L1 1.86888) | LR 1.00e-03
2026-06-22 09:04:28,527 INFO Epoch 31 | Batch 800/1186 | Loss 6.18637 (NLL 4.35792, L1 1.82846) | LR 1.00e-03
2026-06-22 09:05:01,224 INFO Epoch 31 | Batch 850/1186 | Loss 6.26850 (NLL 4.39263, L1 1.87587) | LR 1.00e-03
2026-06-22 09:05:33,934 INFO Epoch 31 | Batch 900/1186 | Loss 6.28382 (NLL 4.38626, L1 1.89756) | LR 1.00e-03
2026-06-22 09:06:06,658 INFO Epoch 31 | Batch 950/1186 | Loss 6.28592 (NLL 4.41499, L1 1.87094) | LR 1.00e-03
2026-06-22 09:06:39,385 INFO Epoch 31 | Batch 1000/1186 | Loss 6.17875 (NLL 4.34337, L1 1.83538) | LR 1.00e-03
2026-06-22 09:07:12,103 INFO Epoch 31 | Batch 1050/1186 | Loss 6.17899 (NLL 4.34041, L1 1.83858) | LR 1.00e-03
2026-06-22 09:07:44,828 INFO Epoch 31 | Batch 1100/1186 | Loss 6.31754 (NLL 4.41652, L1 1.90102) | LR 1.00e-03
2026-06-22 09:08:17,542 INFO Epoch 31 | Batch 1150/1186 | Loss 6.25799 (NLL 4.38014, L1 1.87785) | LR 1.00e-03
2026-06-22 09:09:37,457 INFO Epoch 31 | Val Loss 6.16886
2026-06-22 09:10:10,479 INFO Epoch 32 | Batch 50/1186 | Loss 6.15197 (NLL 4.31879, L1 1.83318) | LR 1.00e-03
2026-06-22 09:10:43,181 INFO Epoch 32 | Batch 100/1186 | Loss 6.15890 (NLL 4.34311, L1 1.81579) | LR 1.00e-03
2026-06-22 09:11:15,901 INFO Epoch 32 | Batch 150/1186 | Loss 6.25759 (NLL 4.38027, L1 1.87732) | LR 1.00e-03
2026-06-22 09:11:48,603 INFO Epoch 32 | Batch 200/1186 | Loss 6.24694 (NLL 4.37453, L1 1.87242) | LR 1.00e-03
2026-06-22 09:12:21,300 INFO Epoch 32 | Batch 250/1186 | Loss 6.31620 (NLL 4.40873, L1 1.90747) | LR 1.00e-03
2026-06-22 09:12:54,022 INFO Epoch 32 | Batch 300/1186 | Loss 6.35931 (NLL 4.43870, L1 1.92061) | LR 1.00e-03
2026-06-22 09:13:26,742 INFO Epoch 32 | Batch 350/1186 | Loss 6.30679 (NLL 4.40889, L1 1.89789) | LR 1.00e-03
2026-06-22 09:13:59,433 INFO Epoch 32 | Batch 400/1186 | Loss 6.30214 (NLL 4.40720, L1 1.89494) | LR 1.00e-03
2026-06-22 09:14:32,153 INFO Epoch 32 | Batch 450/1186 | Loss 6.27531 (NLL 4.38229, L1 1.89303) | LR 1.00e-03
2026-06-22 09:15:04,890 INFO Epoch 32 | Batch 500/1186 | Loss 6.20217 (NLL 4.35494, L1 1.84723) | LR 1.00e-03
2026-06-22 09:15:37,608 INFO Epoch 32 | Batch 550/1186 | Loss 6.34322 (NLL 4.42467, L1 1.91855) | LR 1.00e-03
2026-06-22 09:16:10,331 INFO Epoch 32 | Batch 600/1186 | Loss 6.17956 (NLL 4.34762, L1 1.83194) | LR 1.00e-03
2026-06-22 09:16:43,029 INFO Epoch 32 | Batch 650/1186 | Loss 6.19546 (NLL 4.34469, L1 1.85077) | LR 1.00e-03
2026-06-22 09:17:15,845 INFO Epoch 32 | Batch 700/1186 | Loss 6.39654 (NLL 4.45540, L1 1.94115) | LR 1.00e-03
2026-06-22 09:17:48,572 INFO Epoch 32 | Batch 750/1186 | Loss 6.22499 (NLL 4.36048, L1 1.86450) | LR 1.00e-03
2026-06-22 09:18:21,280 INFO Epoch 32 | Batch 800/1186 | Loss 6.31463 (NLL 4.40791, L1 1.90672) | LR 1.00e-03
2026-06-22 09:18:53,977 INFO Epoch 32 | Batch 850/1186 | Loss 6.29730 (NLL 4.40271, L1 1.89459) | LR 1.00e-03
2026-06-22 09:19:26,692 INFO Epoch 32 | Batch 900/1186 | Loss 6.23859 (NLL 4.36198, L1 1.87661) | LR 1.00e-03
2026-06-22 09:19:59,408 INFO Epoch 32 | Batch 950/1186 | Loss 6.17137 (NLL 4.33382, L1 1.83755) | LR 1.00e-03
2026-06-22 09:20:32,137 INFO Epoch 32 | Batch 1000/1186 | Loss 6.29704 (NLL 4.41199, L1 1.88505) | LR 1.00e-03
2026-06-22 09:21:04,861 INFO Epoch 32 | Batch 1050/1186 | Loss 6.28803 (NLL 4.38415, L1 1.90389) | LR 1.00e-03
2026-06-22 09:21:37,564 INFO Epoch 32 | Batch 1100/1186 | Loss 6.19984 (NLL 4.34924, L1 1.85060) | LR 1.00e-03
2026-06-22 09:22:10,306 INFO Epoch 32 | Batch 1150/1186 | Loss 6.26262 (NLL 4.38850, L1 1.87412) | LR 1.00e-03
2026-06-22 09:23:30,390 INFO Epoch 32 | Val Loss 6.13300
2026-06-22 09:24:03,402 INFO Epoch 33 | Batch 50/1186 | Loss 6.30662 (NLL 4.39660, L1 1.91002) | LR 1.00e-03
2026-06-22 09:24:36,109 INFO Epoch 33 | Batch 100/1186 | Loss 6.31173 (NLL 4.41161, L1 1.90011) | LR 1.00e-03
2026-06-22 09:25:08,811 INFO Epoch 33 | Batch 150/1186 | Loss 6.33777 (NLL 4.41181, L1 1.92596) | LR 1.00e-03
2026-06-22 09:25:41,532 INFO Epoch 33 | Batch 200/1186 | Loss 6.20605 (NLL 4.35428, L1 1.85178) | LR 1.00e-03
2026-06-22 09:26:14,272 INFO Epoch 33 | Batch 250/1186 | Loss 6.37003 (NLL 4.43326, L1 1.93677) | LR 1.00e-03
2026-06-22 09:26:46,980 INFO Epoch 33 | Batch 300/1186 | Loss 6.18171 (NLL 4.34202, L1 1.83970) | LR 1.00e-03
2026-06-22 09:27:19,706 INFO Epoch 33 | Batch 350/1186 | Loss 5.99048 (NLL 4.25112, L1 1.73937) | LR 1.00e-03
2026-06-22 09:27:52,411 INFO Epoch 33 | Batch 400/1186 | Loss 6.25818 (NLL 4.38821, L1 1.86997) | LR 1.00e-03
2026-06-22 09:28:25,155 INFO Epoch 33 | Batch 450/1186 | Loss 6.27521 (NLL 4.39603, L1 1.87918) | LR 1.00e-03
2026-06-22 09:28:57,879 INFO Epoch 33 | Batch 500/1186 | Loss 6.14815 (NLL 4.32135, L1 1.82680) | LR 1.00e-03
2026-06-22 09:29:30,594 INFO Epoch 33 | Batch 550/1186 | Loss 6.24237 (NLL 4.37536, L1 1.86702) | LR 1.00e-03
2026-06-22 09:30:03,319 INFO Epoch 33 | Batch 600/1186 | Loss 6.25777 (NLL 4.37120, L1 1.88657) | LR 1.00e-03
2026-06-22 09:30:36,040 INFO Epoch 33 | Batch 650/1186 | Loss 6.33850 (NLL 4.42711, L1 1.91138) | LR 1.00e-03
2026-06-22 09:31:08,748 INFO Epoch 33 | Batch 700/1186 | Loss 6.21050 (NLL 4.36466, L1 1.84583) | LR 1.00e-03
2026-06-22 09:31:41,480 INFO Epoch 33 | Batch 750/1186 | Loss 6.30762 (NLL 4.40068, L1 1.90694) | LR 1.00e-03
2026-06-22 09:32:14,193 INFO Epoch 33 | Batch 800/1186 | Loss 6.25154 (NLL 4.38698, L1 1.86456) | LR 1.00e-03
2026-06-22 09:32:46,926 INFO Epoch 33 | Batch 850/1186 | Loss 6.20727 (NLL 4.34994, L1 1.85734) | LR 1.00e-03
2026-06-22 09:33:19,656 INFO Epoch 33 | Batch 900/1186 | Loss 6.27499 (NLL 4.38400, L1 1.89098) | LR 1.00e-03
2026-06-22 09:33:52,410 INFO Epoch 33 | Batch 950/1186 | Loss 6.30867 (NLL 4.40788, L1 1.90079) | LR 1.00e-03
2026-06-22 09:34:25,134 INFO Epoch 33 | Batch 1000/1186 | Loss 6.20961 (NLL 4.34228, L1 1.86733) | LR 1.00e-03
2026-06-22 09:34:57,899 INFO Epoch 33 | Batch 1050/1186 | Loss 6.26062 (NLL 4.37844, L1 1.88218) | LR 1.00e-03
2026-06-22 09:35:31,726 INFO Epoch 33 | Batch 1100/1186 | Loss 6.26547 (NLL 4.38426, L1 1.88121) | LR 1.00e-03
2026-06-22 09:36:04,465 INFO Epoch 33 | Batch 1150/1186 | Loss 6.30424 (NLL 4.39036, L1 1.91388) | LR 1.00e-03
2026-06-22 09:37:24,519 INFO Epoch 33 | Val Loss 6.15429
2026-06-22 09:37:57,467 INFO Epoch 34 | Batch 50/1186 | Loss 6.28926 (NLL 4.38937, L1 1.89990) | LR 1.00e-03
2026-06-22 09:38:30,175 INFO Epoch 34 | Batch 100/1186 | Loss 6.27784 (NLL 4.38191, L1 1.89593) | LR 1.00e-03
2026-06-22 09:39:02,913 INFO Epoch 34 | Batch 150/1186 | Loss 6.27888 (NLL 4.40544, L1 1.87344) | LR 1.00e-03
2026-06-22 09:39:35,631 INFO Epoch 34 | Batch 200/1186 | Loss 6.13899 (NLL 4.31166, L1 1.82733) | LR 1.00e-03
2026-06-22 09:40:08,348 INFO Epoch 34 | Batch 250/1186 | Loss 6.29354 (NLL 4.38973, L1 1.90381) | LR 1.00e-03
2026-06-22 09:40:41,059 INFO Epoch 34 | Batch 300/1186 | Loss 6.18953 (NLL 4.34909, L1 1.84044) | LR 1.00e-03
2026-06-22 09:41:13,759 INFO Epoch 34 | Batch 350/1186 | Loss 6.22243 (NLL 4.35663, L1 1.86579) | LR 1.00e-03
2026-06-22 09:41:46,469 INFO Epoch 34 | Batch 400/1186 | Loss 6.21015 (NLL 4.34688, L1 1.86327) | LR 1.00e-03
2026-06-22 09:42:19,208 INFO Epoch 34 | Batch 450/1186 | Loss 6.27668 (NLL 4.39537, L1 1.88131) | LR 1.00e-03
2026-06-22 09:42:51,937 INFO Epoch 34 | Batch 500/1186 | Loss 6.25595 (NLL 4.38282, L1 1.87313) | LR 1.00e-03
2026-06-22 09:43:24,632 INFO Epoch 34 | Batch 550/1186 | Loss 6.14027 (NLL 4.32038, L1 1.81989) | LR 1.00e-03
2026-06-22 09:43:57,340 INFO Epoch 34 | Batch 600/1186 | Loss 6.26601 (NLL 4.38088, L1 1.88513) | LR 1.00e-03
2026-06-22 09:44:30,063 INFO Epoch 34 | Batch 650/1186 | Loss 6.23367 (NLL 4.36932, L1 1.86435) | LR 1.00e-03
2026-06-22 09:45:02,759 INFO Epoch 34 | Batch 700/1186 | Loss 6.28500 (NLL 4.38930, L1 1.89570) | LR 1.00e-03
2026-06-22 09:45:35,486 INFO Epoch 34 | Batch 750/1186 | Loss 6.16839 (NLL 4.34130, L1 1.82710) | LR 1.00e-03
2026-06-22 09:46:08,196 INFO Epoch 34 | Batch 800/1186 | Loss 6.21162 (NLL 4.36260, L1 1.84903) | LR 1.00e-03
2026-06-22 09:46:40,924 INFO Epoch 34 | Batch 850/1186 | Loss 6.30595 (NLL 4.41226, L1 1.89369) | LR 1.00e-03
2026-06-22 09:47:13,644 INFO Epoch 34 | Batch 900/1186 | Loss 6.25706 (NLL 4.38299, L1 1.87407) | LR 1.00e-03
2026-06-22 09:47:46,363 INFO Epoch 34 | Batch 950/1186 | Loss 6.25509 (NLL 4.38246, L1 1.87262) | LR 1.00e-03
2026-06-22 09:48:19,093 INFO Epoch 34 | Batch 1000/1186 | Loss 6.34332 (NLL 4.42705, L1 1.91627) | LR 1.00e-03
2026-06-22 09:48:51,802 INFO Epoch 34 | Batch 1050/1186 | Loss 6.31232 (NLL 4.41217, L1 1.90016) | LR 1.00e-03
2026-06-22 09:49:24,517 INFO Epoch 34 | Batch 1100/1186 | Loss 6.35568 (NLL 4.42997, L1 1.92571) | LR 1.00e-03
2026-06-22 09:49:57,753 INFO Epoch 34 | Batch 1150/1186 | Loss 6.27379 (NLL 4.40075, L1 1.87303) | LR 1.00e-03
2026-06-22 09:51:18,763 INFO Epoch 34 | Val Loss 6.16207
2026-06-22 09:51:52,652 INFO Epoch 35 | Batch 50/1186 | Loss 6.20219 (NLL 4.35738, L1 1.84481) | LR 1.00e-03
2026-06-22 09:52:25,452 INFO Epoch 35 | Batch 100/1186 | Loss 6.19437 (NLL 4.35692, L1 1.83744) | LR 1.00e-03
2026-06-22 09:52:58,339 INFO Epoch 35 | Batch 150/1186 | Loss 6.12105 (NLL 4.30733, L1 1.81372) | LR 1.00e-03
2026-06-22 09:53:31,244 INFO Epoch 35 | Batch 200/1186 | Loss 6.26855 (NLL 4.38412, L1 1.88443) | LR 1.00e-03
2026-06-22 09:54:04,044 INFO Epoch 35 | Batch 250/1186 | Loss 6.16133 (NLL 4.33025, L1 1.83108) | LR 1.00e-03
2026-06-22 09:54:36,791 INFO Epoch 35 | Batch 300/1186 | Loss 6.36241 (NLL 4.43003, L1 1.93237) | LR 1.00e-03
2026-06-22 09:55:09,515 INFO Epoch 35 | Batch 350/1186 | Loss 6.20072 (NLL 4.34708, L1 1.85364) | LR 1.00e-03
2026-06-22 09:55:42,493 INFO Epoch 35 | Batch 400/1186 | Loss 6.23249 (NLL 4.36821, L1 1.86428) | LR 1.00e-03
2026-06-22 09:56:15,346 INFO Epoch 35 | Batch 450/1186 | Loss 6.28794 (NLL 4.39707, L1 1.89088) | LR 1.00e-03
2026-06-22 09:56:48,238 INFO Epoch 35 | Batch 500/1186 | Loss 6.35419 (NLL 4.42982, L1 1.92437) | LR 1.00e-03
2026-06-22 09:57:21,117 INFO Epoch 35 | Batch 550/1186 | Loss 6.22710 (NLL 4.36771, L1 1.85939) | LR 1.00e-03
2026-06-22 09:57:54,094 INFO Epoch 35 | Batch 600/1186 | Loss 6.28492 (NLL 4.37781, L1 1.90711) | LR 1.00e-03
2026-06-22 09:58:27,102 INFO Epoch 35 | Batch 650/1186 | Loss 6.33837 (NLL 4.40556, L1 1.93281) | LR 1.00e-03
2026-06-22 09:58:59,841 INFO Epoch 35 | Batch 700/1186 | Loss 6.33216 (NLL 4.41832, L1 1.91385) | LR 1.00e-03
2026-06-22 09:59:32,575 INFO Epoch 35 | Batch 750/1186 | Loss 6.26607 (NLL 4.38631, L1 1.87976) | LR 1.00e-03
2026-06-22 10:00:05,318 INFO Epoch 35 | Batch 800/1186 | Loss 6.20118 (NLL 4.35816, L1 1.84302) | LR 1.00e-03
2026-06-22 10:00:38,054 INFO Epoch 35 | Batch 850/1186 | Loss 6.39450 (NLL 4.45673, L1 1.93776) | LR 1.00e-03
2026-06-22 10:01:10,791 INFO Epoch 35 | Batch 900/1186 | Loss 6.15364 (NLL 4.32256, L1 1.83108) | LR 1.00e-03
2026-06-22 10:01:43,554 INFO Epoch 35 | Batch 950/1186 | Loss 6.29872 (NLL 4.42777, L1 1.87095) | LR 1.00e-03
2026-06-22 10:02:16,339 INFO Epoch 35 | Batch 1000/1186 | Loss 6.29826 (NLL 4.41252, L1 1.88574) | LR 1.00e-03
2026-06-22 10:02:49,088 INFO Epoch 35 | Batch 1050/1186 | Loss 6.30247 (NLL 4.41568, L1 1.88680) | LR 1.00e-03
2026-06-22 10:03:21,842 INFO Epoch 35 | Batch 1100/1186 | Loss 6.32383 (NLL 4.39605, L1 1.92779) | LR 1.00e-03
2026-06-22 10:03:54,578 INFO Epoch 35 | Batch 1150/1186 | Loss 6.26017 (NLL 4.37956, L1 1.88061) | LR 1.00e-03
2026-06-22 10:05:15,237 INFO Epoch 35 | Val Loss 6.16252
2026-06-22 10:05:48,184 INFO Epoch 36 | Batch 50/1186 | Loss 6.21580 (NLL 4.35158, L1 1.86422) | LR 1.00e-03
2026-06-22 10:06:20,924 INFO Epoch 36 | Batch 100/1186 | Loss 6.11573 (NLL 4.30047, L1 1.81526) | LR 1.00e-03
2026-06-22 10:06:53,622 INFO Epoch 36 | Batch 150/1186 | Loss 6.18673 (NLL 4.33803, L1 1.84869) | LR 1.00e-03
2026-06-22 10:07:26,335 INFO Epoch 36 | Batch 200/1186 | Loss 6.37589 (NLL 4.44749, L1 1.92839) | LR 1.00e-03
2026-06-22 10:07:59,058 INFO Epoch 36 | Batch 250/1186 | Loss 6.24464 (NLL 4.38733, L1 1.85731) | LR 1.00e-03
2026-06-22 10:08:31,780 INFO Epoch 36 | Batch 300/1186 | Loss 6.28472 (NLL 4.38228, L1 1.90244) | LR 1.00e-03
2026-06-22 10:09:04,518 INFO Epoch 36 | Batch 350/1186 | Loss 6.29313 (NLL 4.40979, L1 1.88333) | LR 1.00e-03
2026-06-22 10:09:37,233 INFO Epoch 36 | Batch 400/1186 | Loss 6.31705 (NLL 4.40991, L1 1.90714) | LR 1.00e-03
2026-06-22 10:10:09,923 INFO Epoch 36 | Batch 450/1186 | Loss 6.16659 (NLL 4.34084, L1 1.82575) | LR 1.00e-03
2026-06-22 10:10:42,657 INFO Epoch 36 | Batch 500/1186 | Loss 6.26694 (NLL 4.37877, L1 1.88818) | LR 1.00e-03
2026-06-22 10:11:15,372 INFO Epoch 36 | Batch 550/1186 | Loss 6.26873 (NLL 4.38980, L1 1.87893) | LR 1.00e-03
2026-06-22 10:11:48,100 INFO Epoch 36 | Batch 600/1186 | Loss 6.27470 (NLL 4.37045, L1 1.90425) | LR 1.00e-03
2026-06-22 10:12:20,834 INFO Epoch 36 | Batch 650/1186 | Loss 6.31900 (NLL 4.41533, L1 1.90367) | LR 1.00e-03
2026-06-22 10:12:53,560 INFO Epoch 36 | Batch 700/1186 | Loss 6.23599 (NLL 4.37591, L1 1.86008) | LR 1.00e-03
2026-06-22 10:13:26,277 INFO Epoch 36 | Batch 750/1186 | Loss 6.25284 (NLL 4.38186, L1 1.87098) | LR 1.00e-03
2026-06-22 10:13:58,992 INFO Epoch 36 | Batch 800/1186 | Loss 6.25479 (NLL 4.35828, L1 1.89651) | LR 1.00e-03
2026-06-22 10:14:31,707 INFO Epoch 36 | Batch 850/1186 | Loss 6.22169 (NLL 4.36132, L1 1.86036) | LR 1.00e-03
2026-06-22 10:15:04,425 INFO Epoch 36 | Batch 900/1186 | Loss 6.26037 (NLL 4.36259, L1 1.89779) | LR 1.00e-03
2026-06-22 10:15:37,145 INFO Epoch 36 | Batch 950/1186 | Loss 6.28709 (NLL 4.40730, L1 1.87979) | LR 1.00e-03
2026-06-22 10:16:09,869 INFO Epoch 36 | Batch 1000/1186 | Loss 6.21230 (NLL 4.35707, L1 1.85524) | LR 1.00e-03
2026-06-22 10:16:42,601 INFO Epoch 36 | Batch 1050/1186 | Loss 6.22341 (NLL 4.38797, L1 1.83544) | LR 1.00e-03
2026-06-22 10:17:15,329 INFO Epoch 36 | Batch 1100/1186 | Loss 6.36446 (NLL 4.43624, L1 1.92821) | LR 1.00e-03
