2026-07-30 19:29:45,506 INFO Logging to /home/peytonli/26.6_wind/runs/0729/train_20260730_192945.log
2026-07-30 19:29:45,506 INFO Config:
{
  "seed": 0,
  "paths": {
    "data_dir": "/home/peytonli/26.6_wind/data",
    "log_dir": "/home/peytonli/26.6_wind/runs/0729",
    "splits_path": "/home/peytonli/26.6_wind/data/splits_70_15_15/split_indices.npz"
  },
  "model": {
    "img_size": 200,
    "embed_dim": 96,
    "depths": [
      4,
      4,
      4
    ],
    "num_heads": [
      6,
      6,
      6
    ],
    "window_size": 8,
    "mlp_ratio": 4.0,
    "residual_base": "bicubic",
    "offset_spread_init": 3.0,
    "drop_rate": 0.05,
    "attn_drop_rate": 0.05,
    "drop_path_rate": 0.1,
    "head_dropout": 0.15
  },
  "training": {
    "batch_size": 4,
    "num_epochs": 100,
    "learning_rate": 1e-05,
    "weight_decay": 0.0001,
    "pin_weight": 1.0,
    "ms_weight": 1.0,
    "freq_weight": 0.5,
    "l1_weight": 0.0,
    "spectral_weight": 0.0,
    "gradient_weight": 0.0,
    "spectral_low_freq_cutoff": 0.28,
    "extreme_weight": {
      "enabled": true,
      "alpha": 2.0,
      "apply_to_q10": true
    },
    "multiscale": {
      "n_levels": 5,
      "base_sigma": 2,
      "metric_per_band": [
        "l1",
        "sw",
        "sw",
        "sw",
        "sw"
      ],
      "patch_size": 8,
      "patch_stride": 4,
      "n_projections": 64,
      "sigma_floor": 0.001,
      "sigma_max_samples": 2000,
      "histogram_weight": 0.0,
      "force_recompute_sigma_band": false
    },
    "freq_band": {
      "n_levels": 5,
      "base_sigma": 2,
      "cdf_weight_mode": "down_extremes",
      "sigma_floor": 0.001,
      "sigma_max_samples": 2000,
      "force_recompute_sigma_band": false
    },
    "grad_clip_norm": 1.0,
    "num_workers": 2,
    "val_interval": 1,
    "early_stop_patience": 50,
    "lr_milestone_fractions": [
      0.5,
      0.75,
      0.9
    ],
    "lr_gamma": 0.5
  },
  "logging": {
    "log_every": 50
  }
}
2026-07-30 19:29:45,507 INFO Using device: cuda
2026-07-30 19:29:45,509 INFO Train samples: 4744, Val samples: 1013
2026-07-30 19:29:45,832 INFO Total parameters: 2087058
2026-07-30 19:29:45,833 INFO LR schedule: milestones (steps) = [59300, 88950, 106740] (of 118600 total), gamma = 0.500
2026-07-30 19:29:46,119 INFO Resumed from /home/peytonli/26.6_wind/runs/0729/checkpoints/best.pth at epoch 25 (best_val_loss=4.99496)
2026-07-30 19:29:46,119 INFO Loss weights: {'ms': 1.0, 'freq': 0.5, 'l1': 0.0, 'spectral': 0.0, 'gradient': 0.0, 'pin': 1.0}
2026-07-30 19:29:46,119 INFO Extreme weighting: {'enabled': True, 'alpha': 2.0, 'apply_to_q10': True}
2026-07-30 19:29:46,120 INFO Structural terms computed during training (weight > 0): ['ms', 'freq']
2026-07-30 19:29:46,121 INFO multiscale_loss built (active during training: True): n_levels=5, base_sigma=2.00, metric_per_band=('l1', 'sw', 'sw', 'sw', 'sw'), METRIC_SCALE={'l1': 1.0, 'sw': 2.75} (fixed), sigma_band=[[0.698416531085968, 0.7594446539878845], [0.3979477286338806, 0.42225831747055054], [0.5279598236083984, 0.5658146739006042], [0.80471271276474, 0.8782278895378113], [5.570250034332275, 5.404760837554932]]
2026-07-30 19:29:46,121 INFO freq_band_loss built (active during training: True): n_levels=5, base_sigma=2.00, cdf_weight_mode=down_extremes, sigma_band=[[0.698416531085968, 0.7594446539878845], [0.3979477286338806, 0.42225831747055054], [0.5279598236083984, 0.5658146739006042], [0.80471271276474, 0.8782278895378113], [5.570250034332275, 5.404760837554932]]
2026-07-30 19:29:46,122 INFO Early stop patience: 50 val check(s) without improvement
2026-07-30 19:30:08,707 INFO Epoch 25 | Batch 50/1186 | Loss 4.50309 (Pin 0.81055 [q90 0.39674, q10 0.41382], MS 1.62143, Freq 4.14220) | LR 1.00e-05
2026-07-30 19:30:30,816 INFO Epoch 25 | Batch 100/1186 | Loss 4.45307 (Pin 0.81024 [q90 0.40045, q10 0.40979], MS 1.59925, Freq 4.08717) | LR 1.00e-05
2026-07-30 19:30:52,935 INFO Epoch 25 | Batch 150/1186 | Loss 4.31591 (Pin 0.79249 [q90 0.38696, q10 0.40553], MS 1.50824, Freq 4.03036) | LR 1.00e-05
2026-07-30 19:31:15,048 INFO Epoch 25 | Batch 200/1186 | Loss 4.48675 (Pin 0.82088 [q90 0.40000, q10 0.42088], MS 1.58863, Freq 4.15449) | LR 1.00e-05
2026-07-30 19:31:37,172 INFO Epoch 25 | Batch 250/1186 | Loss 4.55662 (Pin 0.84452 [q90 0.41206, q10 0.43247], MS 1.62370, Freq 4.17681) | LR 1.00e-05
2026-07-30 19:31:59,294 INFO Epoch 25 | Batch 300/1186 | Loss 4.43547 (Pin 0.83424 [q90 0.40423, q10 0.43001], MS 1.54261, Freq 4.11723) | LR 1.00e-05
2026-07-30 19:32:21,406 INFO Epoch 25 | Batch 350/1186 | Loss 4.63305 (Pin 0.84046 [q90 0.41359, q10 0.42687], MS 1.69492, Freq 4.19534) | LR 1.00e-05
2026-07-30 19:32:43,536 INFO Epoch 25 | Batch 400/1186 | Loss 4.60279 (Pin 0.85228 [q90 0.41620, q10 0.43608], MS 1.63658, Freq 4.22786) | LR 1.00e-05
2026-07-30 19:33:05,656 INFO Epoch 25 | Batch 450/1186 | Loss 4.58847 (Pin 0.84443 [q90 0.40987, q10 0.43456], MS 1.63918, Freq 4.20974) | LR 1.00e-05
2026-07-30 19:33:27,798 INFO Epoch 25 | Batch 500/1186 | Loss 4.58973 (Pin 0.86371 [q90 0.42806, q10 0.43565], MS 1.60973, Freq 4.23259) | LR 1.00e-05
2026-07-30 19:33:49,910 INFO Epoch 25 | Batch 550/1186 | Loss 4.70412 (Pin 0.88056 [q90 0.43132, q10 0.44923], MS 1.69408, Freq 4.25896) | LR 1.00e-05
2026-07-30 19:34:12,021 INFO Epoch 25 | Batch 600/1186 | Loss 4.49833 (Pin 0.84393 [q90 0.41646, q10 0.42746], MS 1.55988, Freq 4.18906) | LR 1.00e-05
2026-07-30 19:34:34,134 INFO Epoch 25 | Batch 650/1186 | Loss 4.55934 (Pin 0.85657 [q90 0.42608, q10 0.43049], MS 1.60186, Freq 4.20183) | LR 1.00e-05
2026-07-30 19:34:56,250 INFO Epoch 25 | Batch 700/1186 | Loss 4.50223 (Pin 0.82718 [q90 0.40166, q10 0.42553], MS 1.58563, Freq 4.17883) | LR 1.00e-05
2026-07-30 19:35:18,356 INFO Epoch 25 | Batch 750/1186 | Loss 4.57221 (Pin 0.81298 [q90 0.39853, q10 0.41445], MS 1.68868, Freq 4.14109) | LR 1.00e-05
2026-07-30 19:35:40,469 INFO Epoch 25 | Batch 800/1186 | Loss 4.72098 (Pin 0.84266 [q90 0.41152, q10 0.43114], MS 1.75747, Freq 4.24169) | LR 1.00e-05
2026-07-30 19:36:02,579 INFO Epoch 25 | Batch 850/1186 | Loss 4.63455 (Pin 0.86079 [q90 0.42222, q10 0.43857], MS 1.65063, Freq 4.24626) | LR 1.00e-05
2026-07-30 19:36:24,693 INFO Epoch 25 | Batch 900/1186 | Loss 4.70972 (Pin 0.88151 [q90 0.43187, q10 0.44964], MS 1.67884, Freq 4.29874) | LR 1.00e-05
2026-07-30 19:36:46,786 INFO Epoch 25 | Batch 950/1186 | Loss 4.59996 (Pin 0.85222 [q90 0.41703, q10 0.43519], MS 1.65734, Freq 4.18080) | LR 1.00e-05
2026-07-30 19:37:08,897 INFO Epoch 25 | Batch 1000/1186 | Loss 4.46507 (Pin 0.84715 [q90 0.41179, q10 0.43537], MS 1.53259, Freq 4.17066) | LR 1.00e-05
2026-07-30 19:37:31,005 INFO Epoch 25 | Batch 1050/1186 | Loss 4.56756 (Pin 0.83623 [q90 0.40682, q10 0.42941], MS 1.65653, Freq 4.14960) | LR 1.00e-05
2026-07-30 19:37:53,111 INFO Epoch 25 | Batch 1100/1186 | Loss 4.56798 (Pin 0.83384 [q90 0.41692, q10 0.41692], MS 1.65476, Freq 4.15875) | LR 1.00e-05
2026-07-30 19:38:15,210 INFO Epoch 25 | Batch 1150/1186 | Loss 4.40569 (Pin 0.79434 [q90 0.38299, q10 0.41135], MS 1.59548, Freq 4.03173) | LR 1.00e-05
2026-07-30 19:39:07,690 INFO Epoch 25 | Val Loss 5.01869 (Pin 0.80475 [q90 0.40193, q10 0.40282], MS 2.19312, Freq 4.04163, L1 1.77697, Spectral 0.30449, Gradient 0.49325)
2026-07-30 19:39:07,690 INFO Epoch 25 | Coverage q10/q50/q90 = 0.084/0.501/0.904 (nominal .10/.50/.90) | extreme tail = 0.118/0.464/0.844
2026-07-30 19:39:07,863 INFO Epoch 25 | Val loss did not improve (1/50 val checks since best=4.99496)
2026-07-30 19:39:30,079 INFO Epoch 26 | Batch 50/1186 | Loss 4.54501 (Pin 0.82009 [q90 0.40833, q10 0.41176], MS 1.64384, Freq 4.16216) | LR 1.00e-05
2026-07-30 19:39:52,245 INFO Epoch 26 | Batch 100/1186 | Loss 4.60891 (Pin 0.82677 [q90 0.40647, q10 0.42030], MS 1.71251, Freq 4.13926) | LR 1.00e-05
2026-07-30 19:40:14,407 INFO Epoch 26 | Batch 150/1186 | Loss 4.51020 (Pin 0.81756 [q90 0.39691, q10 0.42065], MS 1.61958, Freq 4.14612) | LR 1.00e-05
2026-07-30 19:40:36,563 INFO Epoch 26 | Batch 200/1186 | Loss 4.47192 (Pin 0.85064 [q90 0.41619, q10 0.43445], MS 1.53213, Freq 4.17831) | LR 1.00e-05
2026-07-30 19:40:58,734 INFO Epoch 26 | Batch 250/1186 | Loss 4.72523 (Pin 0.86526 [q90 0.42099, q10 0.44427], MS 1.71412, Freq 4.29170) | LR 1.00e-05
2026-07-30 19:41:20,890 INFO Epoch 26 | Batch 300/1186 | Loss 4.58816 (Pin 0.83466 [q90 0.39990, q10 0.43476], MS 1.68276, Freq 4.14146) | LR 1.00e-05
2026-07-30 19:41:43,058 INFO Epoch 26 | Batch 350/1186 | Loss 4.51088 (Pin 0.82070 [q90 0.39760, q10 0.42310], MS 1.64478, Freq 4.09080) | LR 1.00e-05
2026-07-30 19:42:05,211 INFO Epoch 26 | Batch 400/1186 | Loss 4.60980 (Pin 0.86622 [q90 0.42732, q10 0.43890], MS 1.61505, Freq 4.25707) | LR 1.00e-05
2026-07-30 19:42:27,377 INFO Epoch 26 | Batch 450/1186 | Loss 4.52093 (Pin 0.82788 [q90 0.40439, q10 0.42348], MS 1.62333, Freq 4.13943) | LR 1.00e-05
2026-07-30 19:42:49,542 INFO Epoch 26 | Batch 500/1186 | Loss 4.59349 (Pin 0.86294 [q90 0.41605, q10 0.44689], MS 1.62911, Freq 4.20288) | LR 1.00e-05
2026-07-30 19:43:11,716 INFO Epoch 26 | Batch 550/1186 | Loss 4.58386 (Pin 0.84013 [q90 0.41019, q10 0.42994], MS 1.63442, Freq 4.21862) | LR 1.00e-05
2026-07-30 19:43:33,867 INFO Epoch 26 | Batch 600/1186 | Loss 4.53406 (Pin 0.85035 [q90 0.42329, q10 0.42706], MS 1.61508, Freq 4.13726) | LR 1.00e-05
2026-07-30 19:43:56,029 INFO Epoch 26 | Batch 650/1186 | Loss 4.52665 (Pin 0.81684 [q90 0.40344, q10 0.41340], MS 1.62527, Freq 4.16909) | LR 1.00e-05
2026-07-30 19:44:18,193 INFO Epoch 26 | Batch 700/1186 | Loss 4.72365 (Pin 0.83633 [q90 0.41147, q10 0.42486], MS 1.78772, Freq 4.19918) | LR 1.00e-05
2026-07-30 19:44:40,357 INFO Epoch 26 | Batch 750/1186 | Loss 4.60555 (Pin 0.83857 [q90 0.40817, q10 0.43040], MS 1.68362, Freq 4.16671) | LR 1.00e-05
2026-07-30 19:45:02,512 INFO Epoch 26 | Batch 800/1186 | Loss 4.38576 (Pin 0.80200 [q90 0.39118, q10 0.41082], MS 1.53235, Freq 4.10282) | LR 1.00e-05
2026-07-30 19:45:24,670 INFO Epoch 26 | Batch 850/1186 | Loss 4.49845 (Pin 0.85305 [q90 0.41585, q10 0.43720], MS 1.57912, Freq 4.13256) | LR 1.00e-05
2026-07-30 19:45:46,849 INFO Epoch 26 | Batch 900/1186 | Loss 4.53947 (Pin 0.84665 [q90 0.41719, q10 0.42946], MS 1.58738, Freq 4.21089) | LR 1.00e-05
2026-07-30 19:46:09,012 INFO Epoch 26 | Batch 950/1186 | Loss 4.58461 (Pin 0.84582 [q90 0.41658, q10 0.42924], MS 1.67339, Freq 4.13080) | LR 1.00e-05
2026-07-30 19:46:31,171 INFO Epoch 26 | Batch 1000/1186 | Loss 4.50193 (Pin 0.83590 [q90 0.40822, q10 0.42768], MS 1.56424, Freq 4.20356) | LR 1.00e-05
2026-07-30 19:46:53,335 INFO Epoch 26 | Batch 1050/1186 | Loss 4.59983 (Pin 0.84932 [q90 0.41815, q10 0.43117], MS 1.65450, Freq 4.19204) | LR 1.00e-05
2026-07-30 19:47:15,507 INFO Epoch 26 | Batch 1100/1186 | Loss 4.46294 (Pin 0.79578 [q90 0.39287, q10 0.40291], MS 1.62542, Freq 4.08349) | LR 1.00e-05
2026-07-30 19:47:37,665 INFO Epoch 26 | Batch 1150/1186 | Loss 4.68625 (Pin 0.86855 [q90 0.42407, q10 0.44448], MS 1.69715, Freq 4.24110) | LR 1.00e-05
2026-07-30 19:48:30,531 INFO Epoch 26 | Val Loss 5.15441 (Pin 0.80757 [q90 0.39977, q10 0.40780], MS 2.23042, Freq 4.23284, L1 1.79687, Spectral 0.30298, Gradient 0.50047)
2026-07-30 19:48:30,532 INFO Epoch 26 | Coverage q10/q50/q90 = 0.073/0.490/0.912 (nominal .10/.50/.90) | extreme tail = 0.101/0.455/0.866
2026-07-30 19:48:30,699 INFO Epoch 26 | Val loss did not improve (2/50 val checks since best=4.99496)
2026-07-30 19:48:52,910 INFO Epoch 27 | Batch 50/1186 | Loss 4.55682 (Pin 0.83251 [q90 0.40751, q10 0.42500], MS 1.62066, Freq 4.20730) | LR 1.00e-05
2026-07-30 19:49:15,079 INFO Epoch 27 | Batch 100/1186 | Loss 4.55823 (Pin 0.84187 [q90 0.40916, q10 0.43270], MS 1.63508, Freq 4.16255) | LR 1.00e-05
2026-07-30 19:49:37,223 INFO Epoch 27 | Batch 150/1186 | Loss 4.55420 (Pin 0.83732 [q90 0.41685, q10 0.42047], MS 1.62519, Freq 4.18339) | LR 1.00e-05
2026-07-30 19:49:59,376 INFO Epoch 27 | Batch 200/1186 | Loss 4.40544 (Pin 0.80021 [q90 0.39283, q10 0.40737], MS 1.55282, Freq 4.10481) | LR 1.00e-05
2026-07-30 19:50:21,534 INFO Epoch 27 | Batch 250/1186 | Loss 4.65028 (Pin 0.86338 [q90 0.42472, q10 0.43866], MS 1.66335, Freq 4.24708) | LR 1.00e-05
2026-07-30 19:50:43,693 INFO Epoch 27 | Batch 300/1186 | Loss 4.53065 (Pin 0.82333 [q90 0.40306, q10 0.42027], MS 1.64594, Freq 4.12275) | LR 1.00e-05
2026-07-30 19:51:05,864 INFO Epoch 27 | Batch 350/1186 | Loss 4.43007 (Pin 0.80369 [q90 0.39855, q10 0.40515], MS 1.57118, Freq 4.11038) | LR 1.00e-05
2026-07-30 19:51:28,020 INFO Epoch 27 | Batch 400/1186 | Loss 4.44758 (Pin 0.84556 [q90 0.41140, q10 0.43416], MS 1.54748, Freq 4.10909) | LR 1.00e-05
2026-07-30 19:51:50,183 INFO Epoch 27 | Batch 450/1186 | Loss 4.47184 (Pin 0.83887 [q90 0.41156, q10 0.42732], MS 1.58173, Freq 4.10247) | LR 1.00e-05
2026-07-30 19:52:12,330 INFO Epoch 27 | Batch 500/1186 | Loss 4.68298 (Pin 0.85628 [q90 0.41295, q10 0.44333], MS 1.69069, Freq 4.27200) | LR 1.00e-05
2026-07-30 19:52:34,500 INFO Epoch 27 | Batch 550/1186 | Loss 4.61838 (Pin 0.85830 [q90 0.42511, q10 0.43319], MS 1.63310, Freq 4.25396) | LR 1.00e-05
2026-07-30 19:52:56,649 INFO Epoch 27 | Batch 600/1186 | Loss 4.59477 (Pin 0.82649 [q90 0.40752, q10 0.41897], MS 1.65685, Freq 4.22286) | LR 1.00e-05
2026-07-30 19:53:18,801 INFO Epoch 27 | Batch 650/1186 | Loss 4.40000 (Pin 0.83345 [q90 0.40995, q10 0.42350], MS 1.53207, Freq 4.06894) | LR 1.00e-05
2026-07-30 19:53:40,971 INFO Epoch 27 | Batch 700/1186 | Loss 4.59959 (Pin 0.84497 [q90 0.40774, q10 0.43723], MS 1.65221, Freq 4.20482) | LR 1.00e-05
2026-07-30 19:54:03,133 INFO Epoch 27 | Batch 750/1186 | Loss 4.57815 (Pin 0.85167 [q90 0.41302, q10 0.43866], MS 1.64286, Freq 4.16721) | LR 1.00e-05
2026-07-30 19:54:25,298 INFO Epoch 27 | Batch 800/1186 | Loss 4.61252 (Pin 0.82573 [q90 0.40648, q10 0.41924], MS 1.71287, Freq 4.14784) | LR 1.00e-05
2026-07-30 19:54:47,453 INFO Epoch 27 | Batch 850/1186 | Loss 4.50094 (Pin 0.81429 [q90 0.40570, q10 0.40860], MS 1.60402, Freq 4.16524) | LR 1.00e-05
2026-07-30 19:55:09,607 INFO Epoch 27 | Batch 900/1186 | Loss 4.52598 (Pin 0.82574 [q90 0.40557, q10 0.42016], MS 1.63551, Freq 4.12947) | LR 1.00e-05
2026-07-30 19:55:31,768 INFO Epoch 27 | Batch 950/1186 | Loss 4.42679 (Pin 0.82244 [q90 0.40219, q10 0.42025], MS 1.54771, Freq 4.11327) | LR 1.00e-05
2026-07-30 19:55:53,931 INFO Epoch 27 | Batch 1000/1186 | Loss 4.54663 (Pin 0.84300 [q90 0.41266, q10 0.43034], MS 1.60015, Freq 4.20695) | LR 1.00e-05
2026-07-30 19:56:16,095 INFO Epoch 27 | Batch 1050/1186 | Loss 4.66505 (Pin 0.83996 [q90 0.41058, q10 0.42938], MS 1.71793, Freq 4.21432) | LR 1.00e-05
2026-07-30 19:56:38,254 INFO Epoch 27 | Batch 1100/1186 | Loss 4.56843 (Pin 0.86161 [q90 0.42176, q10 0.43985], MS 1.59793, Freq 4.21777) | LR 1.00e-05
2026-07-30 19:57:00,412 INFO Epoch 27 | Batch 1150/1186 | Loss 4.48710 (Pin 0.85301 [q90 0.41814, q10 0.43486], MS 1.56461, Freq 4.13895) | LR 1.00e-05
2026-07-30 19:57:53,003 INFO Epoch 27 | Val Loss 5.10338 (Pin 0.80425 [q90 0.39983, q10 0.40442], MS 2.20782, Freq 4.18263, L1 1.79061, Spectral 0.30677, Gradient 0.50227)
2026-07-30 19:57:53,004 INFO Epoch 27 | Coverage q10/q50/q90 = 0.075/0.474/0.907 (nominal .10/.50/.90) | extreme tail = 0.109/0.458/0.866
2026-07-30 19:57:53,177 INFO Epoch 27 | Val loss did not improve (3/50 val checks since best=4.99496)
2026-07-30 19:58:15,388 INFO Epoch 28 | Batch 50/1186 | Loss 4.47689 (Pin 0.82820 [q90 0.40543, q10 0.42277], MS 1.59101, Freq 4.11536) | LR 1.00e-05
2026-07-30 19:58:37,556 INFO Epoch 28 | Batch 100/1186 | Loss 4.68576 (Pin 0.84579 [q90 0.41315, q10 0.43263], MS 1.73244, Freq 4.21507) | LR 1.00e-05
2026-07-30 19:58:59,721 INFO Epoch 28 | Batch 150/1186 | Loss 4.45417 (Pin 0.83085 [q90 0.40725, q10 0.42361], MS 1.57310, Freq 4.10044) | LR 1.00e-05
2026-07-30 19:59:21,886 INFO Epoch 28 | Batch 200/1186 | Loss 4.62974 (Pin 0.82369 [q90 0.40648, q10 0.41721], MS 1.71068, Freq 4.19075) | LR 1.00e-05
2026-07-30 19:59:44,050 INFO Epoch 28 | Batch 250/1186 | Loss 4.53776 (Pin 0.81575 [q90 0.40045, q10 0.41530], MS 1.66686, Freq 4.11031) | LR 1.00e-05
2026-07-30 20:00:06,215 INFO Epoch 28 | Batch 300/1186 | Loss 4.53344 (Pin 0.82918 [q90 0.40660, q10 0.42259], MS 1.63114, Freq 4.14623) | LR 1.00e-05
2026-07-30 20:00:28,386 INFO Epoch 28 | Batch 350/1186 | Loss 4.62678 (Pin 0.83079 [q90 0.41144, q10 0.41935], MS 1.68445, Freq 4.22308) | LR 1.00e-05
2026-07-30 20:00:50,548 INFO Epoch 28 | Batch 400/1186 | Loss 4.47117 (Pin 0.84193 [q90 0.40783, q10 0.43410], MS 1.57579, Freq 4.10689) | LR 1.00e-05
2026-07-30 20:01:12,702 INFO Epoch 28 | Batch 450/1186 | Loss 4.52867 (Pin 0.83938 [q90 0.41426, q10 0.42512], MS 1.60448, Freq 4.16962) | LR 1.00e-05
2026-07-30 20:01:34,872 INFO Epoch 28 | Batch 500/1186 | Loss 4.66154 (Pin 0.86323 [q90 0.42628, q10 0.43695], MS 1.67289, Freq 4.25084) | LR 1.00e-05
2026-07-30 20:01:57,031 INFO Epoch 28 | Batch 550/1186 | Loss 4.43881 (Pin 0.83247 [q90 0.40821, q10 0.42426], MS 1.55016, Freq 4.11235) | LR 1.00e-05
2026-07-30 20:02:19,211 INFO Epoch 28 | Batch 600/1186 | Loss 4.39297 (Pin 0.82121 [q90 0.40581, q10 0.41540], MS 1.51728, Freq 4.10898) | LR 1.00e-05
2026-07-30 20:02:41,369 INFO Epoch 28 | Batch 650/1186 | Loss 4.56656 (Pin 0.86459 [q90 0.42463, q10 0.43997], MS 1.59824, Freq 4.20746) | LR 1.00e-05
2026-07-30 20:03:03,528 INFO Epoch 28 | Batch 700/1186 | Loss 4.49460 (Pin 0.83357 [q90 0.40865, q10 0.42491], MS 1.55211, Freq 4.21785) | LR 1.00e-05
2026-07-30 20:03:25,688 INFO Epoch 28 | Batch 750/1186 | Loss 4.51047 (Pin 0.85687 [q90 0.41403, q10 0.44284], MS 1.57745, Freq 4.15230) | LR 1.00e-05
2026-07-30 20:03:47,860 INFO Epoch 28 | Batch 800/1186 | Loss 4.53308 (Pin 0.83928 [q90 0.41143, q10 0.42785], MS 1.58149, Freq 4.22462) | LR 1.00e-05
2026-07-30 20:04:10,024 INFO Epoch 28 | Batch 850/1186 | Loss 4.64780 (Pin 0.86689 [q90 0.41809, q10 0.44881], MS 1.65940, Freq 4.24302) | LR 1.00e-05
2026-07-30 20:04:32,188 INFO Epoch 28 | Batch 900/1186 | Loss 4.59832 (Pin 0.84814 [q90 0.40350, q10 0.44464], MS 1.63866, Freq 4.22305) | LR 1.00e-05
2026-07-30 20:04:54,351 INFO Epoch 28 | Batch 950/1186 | Loss 4.55271 (Pin 0.83582 [q90 0.41502, q10 0.42079], MS 1.61802, Freq 4.19775) | LR 1.00e-05
2026-07-30 20:05:16,511 INFO Epoch 28 | Batch 1000/1186 | Loss 4.58265 (Pin 0.85038 [q90 0.41676, q10 0.43362], MS 1.62987, Freq 4.20480) | LR 1.00e-05
2026-07-30 20:05:38,669 INFO Epoch 28 | Batch 1050/1186 | Loss 4.51190 (Pin 0.81626 [q90 0.40214, q10 0.41411], MS 1.66548, Freq 4.06033) | LR 1.00e-05
2026-07-30 20:06:00,811 INFO Epoch 28 | Batch 1100/1186 | Loss 4.52212 (Pin 0.83393 [q90 0.40551, q10 0.42842], MS 1.61896, Freq 4.13845) | LR 1.00e-05
2026-07-30 20:06:22,984 INFO Epoch 28 | Batch 1150/1186 | Loss 4.48687 (Pin 0.82059 [q90 0.40642, q10 0.41416], MS 1.59384, Freq 4.14490) | LR 1.00e-05
2026-07-30 20:07:16,251 INFO Epoch 28 | Val Loss 5.09920 (Pin 0.80179 [q90 0.39842, q10 0.40338], MS 2.20340, Freq 4.18801, L1 1.80376, Spectral 0.29857, Gradient 0.49561)
2026-07-30 20:07:16,251 INFO Epoch 28 | Coverage q10/q50/q90 = 0.071/0.448/0.904 (nominal .10/.50/.90) | extreme tail = 0.112/0.449/0.851
2026-07-30 20:07:16,428 INFO Epoch 28 | Val loss did not improve (4/50 val checks since best=4.99496)
2026-07-30 20:07:38,586 INFO Epoch 29 | Batch 50/1186 | Loss 4.57282 (Pin 0.85123 [q90 0.41863, q10 0.43260], MS 1.59500, Freq 4.25317) | LR 1.00e-05
2026-07-30 20:08:00,704 INFO Epoch 29 | Batch 100/1186 | Loss 4.59820 (Pin 0.84516 [q90 0.41631, q10 0.42886], MS 1.66141, Freq 4.18325) | LR 1.00e-05
2026-07-30 20:08:22,818 INFO Epoch 29 | Batch 150/1186 | Loss 4.59902 (Pin 0.83706 [q90 0.42061, q10 0.41646], MS 1.66702, Freq 4.18987) | LR 1.00e-05
2026-07-30 20:08:44,934 INFO Epoch 29 | Batch 200/1186 | Loss 4.50782 (Pin 0.84099 [q90 0.40777, q10 0.43322], MS 1.56200, Freq 4.20967) | LR 1.00e-05
2026-07-30 20:09:07,056 INFO Epoch 29 | Batch 250/1186 | Loss 4.66102 (Pin 0.84566 [q90 0.41015, q10 0.43551], MS 1.74260, Freq 4.14553) | LR 1.00e-05
2026-07-30 20:09:29,174 INFO Epoch 29 | Batch 300/1186 | Loss 4.52875 (Pin 0.84275 [q90 0.41357, q10 0.42918], MS 1.62320, Freq 4.12561) | LR 1.00e-05
2026-07-30 20:09:51,962 INFO Epoch 29 | Batch 350/1186 | Loss 4.49795 (Pin 0.80990 [q90 0.39530, q10 0.41460], MS 1.63741, Freq 4.10128) | LR 1.00e-05
2026-07-30 20:10:14,076 INFO Epoch 29 | Batch 400/1186 | Loss 4.54378 (Pin 0.84084 [q90 0.40645, q10 0.43439], MS 1.60329, Freq 4.19930) | LR 1.00e-05
2026-07-30 20:10:36,195 INFO Epoch 29 | Batch 450/1186 | Loss 4.53231 (Pin 0.83113 [q90 0.40097, q10 0.43016], MS 1.62674, Freq 4.14887) | LR 1.00e-05
2026-07-30 20:10:58,872 INFO Epoch 29 | Batch 500/1186 | Loss 4.57878 (Pin 0.82505 [q90 0.41103, q10 0.41402], MS 1.70100, Freq 4.10546) | LR 1.00e-05
2026-07-30 20:11:20,995 INFO Epoch 29 | Batch 550/1186 | Loss 4.61608 (Pin 0.84225 [q90 0.40410, q10 0.43815], MS 1.66369, Freq 4.22027) | LR 1.00e-05
2026-07-30 20:11:43,116 INFO Epoch 29 | Batch 600/1186 | Loss 4.54498 (Pin 0.83992 [q90 0.41101, q10 0.42891], MS 1.62068, Freq 4.16875) | LR 1.00e-05
2026-07-30 20:12:05,231 INFO Epoch 29 | Batch 650/1186 | Loss 4.45179 (Pin 0.80970 [q90 0.39800, q10 0.41170], MS 1.56691, Freq 4.15034) | LR 1.00e-05
2026-07-30 20:12:27,341 INFO Epoch 29 | Batch 700/1186 | Loss 4.44629 (Pin 0.82174 [q90 0.40409, q10 0.41765], MS 1.55852, Freq 4.13208) | LR 1.00e-05
2026-07-30 20:12:49,455 INFO Epoch 29 | Batch 750/1186 | Loss 4.52383 (Pin 0.84554 [q90 0.41191, q10 0.43362], MS 1.61177, Freq 4.13305) | LR 1.00e-05
2026-07-30 20:13:11,561 INFO Epoch 29 | Batch 800/1186 | Loss 4.54026 (Pin 0.83088 [q90 0.40057, q10 0.43031], MS 1.60541, Freq 4.20794) | LR 1.00e-05
2026-07-30 20:13:33,667 INFO Epoch 29 | Batch 850/1186 | Loss 4.60006 (Pin 0.84536 [q90 0.41600, q10 0.42936], MS 1.69043, Freq 4.12855) | LR 1.00e-05
2026-07-30 20:13:55,779 INFO Epoch 29 | Batch 900/1186 | Loss 4.56213 (Pin 0.84639 [q90 0.41473, q10 0.43166], MS 1.61837, Freq 4.19473) | LR 1.00e-05
2026-07-30 20:14:17,910 INFO Epoch 29 | Batch 950/1186 | Loss 4.41733 (Pin 0.83428 [q90 0.40943, q10 0.42486], MS 1.52571, Freq 4.11466) | LR 1.00e-05
2026-07-30 20:14:40,030 INFO Epoch 29 | Batch 1000/1186 | Loss 4.54943 (Pin 0.84111 [q90 0.40720, q10 0.43392], MS 1.61815, Freq 4.18032) | LR 1.00e-05
2026-07-30 20:15:02,159 INFO Epoch 29 | Batch 1050/1186 | Loss 4.49033 (Pin 0.84232 [q90 0.41325, q10 0.42907], MS 1.57124, Freq 4.15355) | LR 1.00e-05
2026-07-30 20:15:24,271 INFO Epoch 29 | Batch 1100/1186 | Loss 4.49270 (Pin 0.83103 [q90 0.41177, q10 0.41926], MS 1.58781, Freq 4.14773) | LR 1.00e-05
2026-07-30 20:15:46,394 INFO Epoch 29 | Batch 1150/1186 | Loss 4.55043 (Pin 0.85528 [q90 0.42690, q10 0.42838], MS 1.60343, Freq 4.18344) | LR 1.00e-05
2026-07-30 20:16:39,690 INFO Epoch 29 | Val Loss 5.03289 (Pin 0.80106 [q90 0.39876, q10 0.40230], MS 2.16978, Freq 4.12409, L1 1.77299, Spectral 0.30495, Gradient 0.49433)
2026-07-30 20:16:39,691 INFO Epoch 29 | Coverage q10/q50/q90 = 0.079/0.474/0.898 (nominal .10/.50/.90) | extreme tail = 0.116/0.457/0.856
2026-07-30 20:16:39,868 INFO Epoch 29 | Val loss did not improve (5/50 val checks since best=4.99496)
2026-07-30 20:17:02,080 INFO Epoch 30 | Batch 50/1186 | Loss 4.39041 (Pin 0.79982 [q90 0.39217, q10 0.40765], MS 1.56755, Freq 4.04608) | LR 1.00e-05
2026-07-30 20:17:24,223 INFO Epoch 30 | Batch 100/1186 | Loss 4.51746 (Pin 0.83420 [q90 0.40424, q10 0.42996], MS 1.59333, Freq 4.17986) | LR 1.00e-05
2026-07-30 20:17:46,375 INFO Epoch 30 | Batch 150/1186 | Loss 4.45833 (Pin 0.81244 [q90 0.39693, q10 0.41551], MS 1.61502, Freq 4.06174) | LR 1.00e-05
2026-07-30 20:18:08,539 INFO Epoch 30 | Batch 200/1186 | Loss 4.53449 (Pin 0.85637 [q90 0.41842, q10 0.43795], MS 1.59157, Freq 4.17310) | LR 1.00e-05
2026-07-30 20:18:30,692 INFO Epoch 30 | Batch 250/1186 | Loss 4.50929 (Pin 0.81590 [q90 0.40469, q10 0.41121], MS 1.61949, Freq 4.14781) | LR 1.00e-05
2026-07-30 20:18:52,848 INFO Epoch 30 | Batch 300/1186 | Loss 4.54116 (Pin 0.83390 [q90 0.40829, q10 0.42561], MS 1.61438, Freq 4.18575) | LR 1.00e-05
