=== Starting Optuna Bayesian Search (TPE + median pruning) ===
Starting weights: {'l1': 1.0, 'spectral': 0.258, 'quantile': 0.241, 'gradient': 0.25, 'nll': 0.5}
  [trial 0] seed 1/3 epoch 1/7 crps_total=8.15332 running_avg=8.15332
  [trial 0] seed 1/3 epoch 2/7 crps_total=7.96400 running_avg=7.96400
  [trial 0] seed 1/3 epoch 3/7 crps_total=8.03767 running_avg=8.03767
  [trial 0] seed 1/3 epoch 4/7 crps_total=8.00388 running_avg=8.00388
  [trial 0] seed 1/3 epoch 5/7 crps_total=7.89961 running_avg=7.89961
  [trial 0] seed 1/3 epoch 6/7 crps_total=7.92797 running_avg=7.92797
  [trial 0] seed 1/3 epoch 7/7 crps_total=7.95086 running_avg=7.95086
  [trial 0] seed 2/3 epoch 1/7 crps_total=8.06937 running_avg=8.01011
  [trial 0] seed 2/3 epoch 2/7 crps_total=7.97580 running_avg=7.96333
  [trial 0] seed 2/3 epoch 3/7 crps_total=7.97160 running_avg=7.96123
  [trial 0] seed 2/3 epoch 4/7 crps_total=7.97944 running_avg=7.96515
  [trial 0] seed 2/3 epoch 5/7 crps_total=7.97284 running_avg=7.96185
  [trial 0] seed 2/3 epoch 6/7 crps_total=7.92881 running_avg=7.93983
  [trial 0] seed 2/3 epoch 7/7 crps_total=7.96803 running_avg=7.95944
  [trial 0] seed 3/3 epoch 1/7 crps_total=8.01490 running_avg=7.97793
  [trial 0] seed 3/3 epoch 2/7 crps_total=8.02557 running_avg=7.98149
  [trial 0] seed 3/3 epoch 3/7 crps_total=8.07203 running_avg=7.99697
  [trial 0] seed 3/3 epoch 4/7 crps_total=7.99805 running_avg=7.97231
  [trial 0] seed 3/3 epoch 5/7 crps_total=7.99795 running_avg=7.97228
  [trial 0] seed 3/3 epoch 6/7 crps_total=7.90713 running_avg=7.94201
  [trial 0] seed 3/3 epoch 7/7 crps_total=7.92763 running_avg=7.94884
  [trial 0] crps_total=7.94884 +/-0.02028 (sem 0.01171, n=3)
  [trial 0] NEW BEST crps_total=7.94884 weights={'l1': 1.0, 'spectral': 0.258, 'quantile': 0.241, 'gradient': 0.25, 'nll': 0.5}
  [trial 1] seed 1/3 epoch 1/7 crps_total=8.39035 running_avg=8.39035
  [trial 1] seed 1/3 epoch 2/7 crps_total=8.20331 running_avg=8.20331
  [trial 1] seed 1/3 epoch 3/7 crps_total=8.26051 running_avg=8.26051
  [trial 1] seed 1/3 epoch 4/7 crps_total=8.27370 running_avg=8.27370
  [trial 1] seed 1/3 epoch 5/7 crps_total=8.17023 running_avg=8.17023
  [trial 1] seed 1/3 epoch 6/7 crps_total=8.19155 running_avg=8.19155
  [trial 1] seed 1/3 epoch 7/7 crps_total=8.22807 running_avg=8.22807
  [trial 1] seed 2/3 epoch 1/7 crps_total=8.31398 running_avg=8.27102
  [trial 1] seed 2/3 epoch 2/7 crps_total=8.19408 running_avg=8.21107
  [trial 1] seed 2/3 epoch 3/7 crps_total=8.20223 running_avg=8.21515
  [trial 1] seed 2/3 epoch 4/7 crps_total=8.24179 running_avg=8.23493
  [trial 1] seed 2/3 epoch 5/7 crps_total=8.24083 running_avg=8.23445
  [trial 1] seed 2/3 epoch 6/7 crps_total=8.18526 running_avg=8.20667
  [trial 1] seed 2/3 epoch 7/7 crps_total=8.22717 running_avg=8.22762
  [trial 1] seed 3/3 epoch 1/7 crps_total=8.27657 running_avg=8.24393
  [trial 1] seed 3/3 epoch 2/7 crps_total=8.32976 running_avg=8.26166
  [trial 1] seed 3/3 epoch 3/7 crps_total=8.22322 running_avg=8.22615
  [trial 1] seed 3/3 epoch 4/7 crps_total=8.27825 running_avg=8.24449
  [trial 1] seed 3/3 epoch 5/7 crps_total=8.21786 running_avg=8.22436
  [trial 1] seed 3/3 epoch 6/7 crps_total=8.12950 running_avg=8.19491
  [trial 1] seed 3/3 epoch 7/7 crps_total=8.19812 running_avg=8.21779
  [trial 1] crps_total=8.21779 +/-0.01703 (sem 0.00983, n=3)
  [trial 2] seed 1/3 epoch 1/7 crps_total=8.17879 running_avg=8.17879
  [trial 2] seed 1/3 epoch 2/7 crps_total=8.02583 running_avg=8.02583
  [trial 2] seed 1/3 epoch 3/7 crps_total=8.06145 running_avg=8.06145
  [trial 2] seed 1/3 epoch 4/7 crps_total=8.11809 running_avg=8.11809
  [trial 2] seed 1/3 epoch 5/7 crps_total=8.05260 running_avg=8.05260
  [trial 2] seed 1/3 epoch 6/7 crps_total=8.06036 running_avg=8.06036
  [trial 2] seed 1/3 epoch 7/7 crps_total=8.07208 running_avg=8.07208
  [trial 2] seed 2/3 epoch 1/7 crps_total=8.14997 running_avg=8.11103
  [trial 2] seed 2/3 epoch 2/7 crps_total=8.05989 running_avg=8.06599
  [trial 2] seed 2/3 epoch 3/7 crps_total=8.06925 running_avg=8.07067
  [trial 2] seed 2/3 epoch 4/7 crps_total=8.09154 running_avg=8.08181
  [trial 2] seed 2/3 epoch 5/7 crps_total=8.10048 running_avg=8.08628
  [trial 2] seed 2/3 epoch 6/7 crps_total=8.05187 running_avg=8.06198
  [trial 2] seed 2/3 epoch 7/7 crps_total=8.07847 running_avg=8.07527
  [trial 2] seed 3/3 epoch 1/7 crps_total=8.12304 running_avg=8.09120
  [trial 2] seed 3/3 epoch 2/7 crps_total=8.04167 running_avg=8.06407
  [trial 2] seed 3/3 epoch 3/7 crps_total=8.14349 running_avg=8.09801
  [trial 2] seed 3/3 epoch 4/7 crps_total=8.09376 running_avg=8.08144
  [trial 2] seed 3/3 epoch 5/7 crps_total=8.10534 running_avg=8.08530
  [trial 2] seed 3/3 epoch 6/7 crps_total=8.03646 running_avg=8.06234
  [trial 2] seed 3/3 epoch 7/7 crps_total=8.05024 running_avg=8.06693
  [trial 2] crps_total=8.06693 +/-0.01480 (sem 0.00855, n=3)
  [trial 3] seed 1/3 epoch 1/7 crps_total=8.11630 running_avg=8.11630
  [trial 3] seed 1/3 epoch 2/7 crps_total=7.91937 running_avg=7.91937
  [trial 3] seed 1/3 epoch 3/7 crps_total=7.98684 running_avg=7.98684
  [trial 3] seed 1/3 epoch 4/7 crps_total=8.01348 running_avg=8.01348
  [trial 3] seed 1/3 epoch 5/7 crps_total=7.88195 running_avg=7.88195
  [trial 3] seed 1/3 epoch 6/7 crps_total=7.92569 running_avg=7.92569
  [trial 3] seed 1/3 epoch 7/7 crps_total=7.93829 running_avg=7.93829
  [trial 3] seed 2/3 epoch 1/7 crps_total=8.00402 running_avg=7.97115
  [trial 3] seed 2/3 epoch 2/7 crps_total=7.98888 running_avg=7.96358
  [trial 3] seed 2/3 epoch 3/7 crps_total=7.94234 running_avg=7.94031
  [trial 3] seed 2/3 epoch 4/7 crps_total=7.97944 running_avg=7.95886
  [trial 3] seed 2/3 epoch 5/7 crps_total=7.96416 running_avg=7.95123
  [trial 3] seed 2/3 epoch 6/7 crps_total=7.92441 running_avg=7.93135
  [trial 3] seed 2/3 epoch 7/7 crps_total=7.95537 running_avg=7.94683
  [trial 3] seed 3/3 epoch 1/7 crps_total=8.05149 running_avg=7.98172
  [trial 3] seed 3/3 epoch 2/7 crps_total=8.00217 running_avg=7.96528
  [trial 3] seed 3/3 epoch 3/7 crps_total=8.01481 running_avg=7.96949
  [trial 3] seed 3/3 epoch 4/7 crps_total=8.01193 running_avg=7.96853
  [trial 3] seed 3/3 epoch 5/7 crps_total=7.96752 running_avg=7.95373
  [trial 3] seed 3/3 epoch 6/7 crps_total=7.89969 running_avg=7.93112
  [trial 3] seed 3/3 epoch 7/7 crps_total=7.91938 running_avg=7.93768
  [trial 3] crps_total=7.93768 +/-0.01800 (sem 0.01039, n=3)
  [trial 3] NEW BEST crps_total=7.93768 weights={'l1': 1.0, 'spectral': 9.707735846543363, 'quantile': 0.09681849245815684, 'gradient': 2.4502149596921465, 'nll': 0.6268349573393963}
  [trial 4] seed 1/3 epoch 1/7 crps_total=10.56260 running_avg=10.56260
  [trial 4] seed 1/3 epoch 2/7 crps_total=10.56209 running_avg=10.56209
  [trial 4] seed 1/3 epoch 3/7 crps_total=10.51470 running_avg=10.51470
  [trial 4] seed 1/3 epoch 4/7 crps_total=10.61035 running_avg=10.61035
  [trial 4] seed 1/3 epoch 5/7 crps_total=10.35393 running_avg=10.35393
  [trial 4] seed 1/3 epoch 6/7 crps_total=10.30570 running_avg=10.30570
  [trial 4] seed 1/3 epoch 7/7 crps_total=10.60417 running_avg=10.60417
  [trial 4] seed 2/3 epoch 1/7 crps_total=10.62421 running_avg=10.61419
  [trial 4] seed 2/3 epoch 2/7 crps_total=10.34071 running_avg=10.47244
  [trial 4] seed 2/3 epoch 3/7 crps_total=10.19035 running_avg=10.39726
  [trial 4] seed 2/3 epoch 4/7 crps_total=10.59331 running_avg=10.59874
  [trial 4] seed 2/3 epoch 5/7 crps_total=10.45888 running_avg=10.53153
  [trial 4] seed 2/3 epoch 6/7 crps_total=10.42058 running_avg=10.51238
  [trial 4] seed 2/3 epoch 7/7 crps_total=10.43185 running_avg=10.51801
  [trial 4] seed 3/3 epoch 1/7 crps_total=10.45528 running_avg=10.49710
  [trial 4] seed 3/3 epoch 2/7 crps_total=10.55206 running_avg=10.52936
  [trial 4] seed 3/3 epoch 3/7 crps_total=10.30143 running_avg=10.44582
  [trial 4] seed 3/3 epoch 4/7 crps_total=10.60217 running_avg=10.54606
  [trial 4] seed 3/3 epoch 5/7 crps_total=10.26127 running_avg=10.43243
  [trial 4] seed 3/3 epoch 6/7 crps_total=10.15926 running_avg=10.39843
  [trial 4] seed 3/3 epoch 7/7 crps_total=10.39132 running_avg=10.47578
  [trial 4] crps_total=10.47578 +/-0.11302 (sem 0.06525, n=3)
  [trial 5] seed 1/3 epoch 1/7 crps_total=8.25775 running_avg=8.25775
  [trial 5] seed 1/3 epoch 2/7 crps_total=8.09072 running_avg=8.09072
  [trial 6] seed 1/3 epoch 1/7 crps_total=8.31085 running_avg=8.31085
  [trial 6] seed 1/3 epoch 2/7 crps_total=8.13480 running_avg=8.13480
  [trial 7] seed 1/3 epoch 1/7 crps_total=8.18251 running_avg=8.18251
  [trial 7] seed 1/3 epoch 2/7 crps_total=8.02807 running_avg=8.02807
  [trial 8] seed 1/3 epoch 1/7 crps_total=8.18240 running_avg=8.18240
  [trial 8] seed 1/3 epoch 2/7 crps_total=8.00988 running_avg=8.00988
  [trial 8] seed 1/3 epoch 3/7 crps_total=8.06151 running_avg=8.06151
  [trial 8] seed 1/3 epoch 4/7 crps_total=8.09269 running_avg=8.09269
  [trial 8] seed 1/3 epoch 5/7 crps_total=8.02913 running_avg=8.02913
  [trial 8] seed 1/3 epoch 6/7 crps_total=8.04156 running_avg=8.04156
  [trial 8] seed 1/3 epoch 7/7 crps_total=8.05136 running_avg=8.05136
  [trial 8] seed 2/3 epoch 1/7 crps_total=8.13508 running_avg=8.09322
  [trial 8] seed 2/3 epoch 2/7 crps_total=8.04466 running_avg=8.04801
  [trial 8] seed 2/3 epoch 3/7 crps_total=8.04676 running_avg=8.04906
  [trial 8] seed 2/3 epoch 4/7 crps_total=8.05835 running_avg=8.05486
  [trial 8] seed 2/3 epoch 5/7 crps_total=8.06996 running_avg=8.06066
  [trial 8] seed 2/3 epoch 6/7 crps_total=8.02858 running_avg=8.03997
  [trial 8] seed 2/3 epoch 7/7 crps_total=8.05662 running_avg=8.05399
  [trial 8] seed 3/3 epoch 1/7 crps_total=8.09982 running_avg=8.06927
  [trial 8] seed 3/3 epoch 2/7 crps_total=8.02777 running_avg=8.04525
  [trial 8] seed 3/3 epoch 3/7 crps_total=8.13416 running_avg=8.08071
  [trial 8] seed 3/3 epoch 4/7 crps_total=8.06794 running_avg=8.05864
  [trial 8] seed 3/3 epoch 5/7 crps_total=8.08410 running_avg=8.06403
  [trial 8] seed 3/3 epoch 6/7 crps_total=8.01077 running_avg=8.03958
  [trial 8] seed 3/3 epoch 7/7 crps_total=8.02224 running_avg=8.04341
  [trial 8] crps_total=8.04341 +/-0.01852 (sem 0.01069, n=3)
  [trial 9] seed 1/3 epoch 1/7 crps_total=8.17160 running_avg=8.17160
  [trial 9] seed 1/3 epoch 2/7 crps_total=7.99486 running_avg=7.99486
  [trial 9] seed 1/3 epoch 3/7 crps_total=8.04583 running_avg=8.04583
  [trial 9] seed 1/3 epoch 4/7 crps_total=8.07041 running_avg=8.07041
  [trial 9] seed 1/3 epoch 5/7 crps_total=7.99674 running_avg=7.99674
  [trial 9] seed 1/3 epoch 6/7 crps_total=7.99613 running_avg=7.99613
  [trial 9] seed 1/3 epoch 7/7 crps_total=8.00933 running_avg=8.00933
  [trial 9] seed 2/3 epoch 1/7 crps_total=8.09785 running_avg=8.05359
  [trial 9] seed 2/3 epoch 2/7 crps_total=8.01660 running_avg=8.01296
  [trial 9] seed 2/3 epoch 3/7 crps_total=8.02585 running_avg=8.01759
  [trial 9] seed 2/3 epoch 4/7 crps_total=8.02394 running_avg=8.01663
  [trial 9] seed 2/3 epoch 5/7 crps_total=8.03186 running_avg=8.02059
  [trial 9] seed 2/3 epoch 6/7 crps_total=7.97860 running_avg=7.99396
  [trial 9] seed 2/3 epoch 7/7 crps_total=8.02025 running_avg=8.01479
  [trial 9] seed 3/3 epoch 1/7 crps_total=8.05025 running_avg=8.02661
  [trial 9] seed 3/3 epoch 2/7 crps_total=8.04593 running_avg=8.02517
  [trial 9] seed 3/3 epoch 3/7 crps_total=8.09103 running_avg=8.04020
  [trial 9] seed 3/3 epoch 4/7 crps_total=8.04826 running_avg=8.02595
  [trial 9] seed 3/3 epoch 5/7 crps_total=8.04399 running_avg=8.02452
  [trial 9] seed 3/3 epoch 6/7 crps_total=7.96341 running_avg=7.99766
  [trial 9] seed 3/3 epoch 7/7 crps_total=7.98843 running_avg=8.00600
  [trial 9] crps_total=8.00600 +/-0.01616 (sem 0.00933, n=3)
  [trial 10] seed 1/3 epoch 1/7 crps_total=8.14958 running_avg=8.14958
  [trial 10] seed 1/3 epoch 2/7 crps_total=7.96188 running_avg=7.96188
  [trial 10] seed 1/3 epoch 3/7 crps_total=7.99463 running_avg=7.99463
  [trial 10] seed 1/3 epoch 4/7 crps_total=7.97617 running_avg=7.97617
  [trial 10] seed 1/3 epoch 5/7 crps_total=7.87587 running_avg=7.87587
  [trial 10] seed 1/3 epoch 6/7 crps_total=7.94747 running_avg=7.94747
  [trial 10] seed 1/3 epoch 7/7 crps_total=7.94465 running_avg=7.94465
  [trial 10] seed 2/3 epoch 1/7 crps_total=8.05982 running_avg=8.00223
  [trial 10] seed 2/3 epoch 2/7 crps_total=7.98804 running_avg=7.96634
  [trial 10] seed 2/3 epoch 3/7 crps_total=7.95095 running_avg=7.94780
  [trial 10] seed 2/3 epoch 4/7 crps_total=8.01568 running_avg=7.98016
  [trial 10] seed 2/3 epoch 5/7 crps_total=7.99048 running_avg=7.96756
  [trial 10] seed 2/3 epoch 6/7 crps_total=7.96141 running_avg=7.95303
  [trial 10] seed 2/3 epoch 7/7 crps_total=7.98162 running_avg=7.96313
  [trial 10] seed 3/3 epoch 1/7 crps_total=8.05830 running_avg=7.99486
  [trial 10] seed 3/3 epoch 2/7 crps_total=8.01333 running_avg=7.97987
  [trial 10] seed 3/3 epoch 3/7 crps_total=8.04486 running_avg=7.99037
  [trial 10] seed 3/3 epoch 4/7 crps_total=8.02865 running_avg=7.98497
  [trial 10] seed 3/3 epoch 5/7 crps_total=7.99559 running_avg=7.97395
  [trial 10] seed 3/3 epoch 6/7 crps_total=7.92835 running_avg=7.95154
  [trial 10] seed 3/3 epoch 7/7 crps_total=7.95159 running_avg=7.95928
  [trial 10] crps_total=7.95928 +/-0.01965 (sem 0.01135, n=3)
  [trial 11] seed 1/3 epoch 1/7 crps_total=8.13752 running_avg=8.13752
  [trial 11] seed 1/3 epoch 2/7 crps_total=7.91425 running_avg=7.91425
  [trial 11] seed 1/3 epoch 3/7 crps_total=7.97881 running_avg=7.97881
  [trial 11] seed 1/3 epoch 4/7 crps_total=7.98664 running_avg=7.98664
  [trial 11] seed 1/3 epoch 5/7 crps_total=7.87074 running_avg=7.87074
  [trial 11] seed 1/3 epoch 6/7 crps_total=7.91228 running_avg=7.91228
  [trial 11] seed 1/3 epoch 7/7 crps_total=7.92666 running_avg=7.92666
  [trial 11] seed 2/3 epoch 1/7 crps_total=7.98370 running_avg=7.95518
  [trial 11] seed 2/3 epoch 2/7 crps_total=7.97993 running_avg=7.95329
  [trial 11] seed 2/3 epoch 3/7 crps_total=7.95793 running_avg=7.94229
  [trial 11] seed 2/3 epoch 4/7 crps_total=7.95210 running_avg=7.93938
  [trial 11] seed 2/3 epoch 5/7 crps_total=7.94640 running_avg=7.93653
  [trial 11] seed 2/3 epoch 6/7 crps_total=7.91040 running_avg=7.91853
  [trial 11] seed 2/3 epoch 7/7 crps_total=7.94014 running_avg=7.93340
  [trial 11] seed 3/3 epoch 1/7 crps_total=8.02187 running_avg=7.96289
  [trial 11] seed 3/3 epoch 2/7 crps_total=7.98209 running_avg=7.94963
  [trial 11] seed 3/3 epoch 3/7 crps_total=7.99564 running_avg=7.95414
  [trial 11] seed 3/3 epoch 4/7 crps_total=7.98425 running_avg=7.95035
  [trial 11] seed 3/3 epoch 5/7 crps_total=7.95825 running_avg=7.94168
  [trial 11] seed 3/3 epoch 6/7 crps_total=7.87836 running_avg=7.91505
  [trial 11] seed 3/3 epoch 7/7 crps_total=7.90613 running_avg=7.92431
  [trial 11] crps_total=7.92431 +/-0.01712 (sem 0.00989, n=3)
  [trial 11] NEW BEST crps_total=7.92431 weights={'l1': 1.0, 'spectral': 2.9436495458568688, 'quantile': 0.04212153646445721, 'gradient': 1.2868225012691135, 'nll': 0.21790493858765775}
  [trial 12] seed 1/3 epoch 1/7 crps_total=8.09258 running_avg=8.09258
  [trial 12] seed 1/3 epoch 2/7 crps_total=7.89561 running_avg=7.89561
  [trial 12] seed 1/3 epoch 3/7 crps_total=7.95858 running_avg=7.95858
  [trial 12] seed 1/3 epoch 4/7 crps_total=7.98428 running_avg=7.98428
  [trial 12] seed 1/3 epoch 5/7 crps_total=7.86727 running_avg=7.86727
  [trial 12] seed 1/3 epoch 6/7 crps_total=7.91678 running_avg=7.91678
  [trial 12] seed 1/3 epoch 7/7 crps_total=7.92855 running_avg=7.92855
  [trial 12] seed 2/3 epoch 1/7 crps_total=7.96197 running_avg=7.94526
  [trial 12] seed 2/3 epoch 2/7 crps_total=7.98063 running_avg=7.95459
  [trial 12] seed 2/3 epoch 3/7 crps_total=7.97412 running_avg=7.95134
  [trial 12] seed 2/3 epoch 4/7 crps_total=7.95312 running_avg=7.94084
  [trial 12] seed 2/3 epoch 5/7 crps_total=7.95568 running_avg=7.94212
  [trial 12] seed 2/3 epoch 6/7 crps_total=7.91373 running_avg=7.92114
  [trial 12] seed 2/3 epoch 7/7 crps_total=7.93441 running_avg=7.93148
  [trial 12] seed 3/3 epoch 1/7 crps_total=8.02600 running_avg=7.96299
  [trial 12] seed 3/3 epoch 2/7 crps_total=7.97063 running_avg=7.94453
  [trial 12] seed 3/3 epoch 3/7 crps_total=8.01920 running_avg=7.96072
  [trial 12] seed 3/3 epoch 4/7 crps_total=7.99357 running_avg=7.95218
  [trial 12] seed 3/3 epoch 5/7 crps_total=7.95355 running_avg=7.93884
  [trial 12] seed 3/3 epoch 6/7 crps_total=7.88074 running_avg=7.91457
  [trial 12] seed 3/3 epoch 7/7 crps_total=7.91309 running_avg=7.92535
  [trial 12] crps_total=7.92535 +/-0.01102 (sem 0.00636, n=3)
  [trial 13] seed 1/3 epoch 1/7 crps_total=8.12730 running_avg=8.12730
  [trial 13] seed 1/3 epoch 2/7 crps_total=7.89391 running_avg=7.89391
  [trial 13] seed 1/3 epoch 3/7 crps_total=7.96636 running_avg=7.96636
  [trial 13] seed 1/3 epoch 4/7 crps_total=7.97391 running_avg=7.97391
  [trial 13] seed 1/3 epoch 5/7 crps_total=7.86501 running_avg=7.86501
  [trial 13] seed 1/3 epoch 6/7 crps_total=7.91727 running_avg=7.91727
  [trial 13] seed 1/3 epoch 7/7 crps_total=7.92388 running_avg=7.92388
  [trial 13] seed 2/3 epoch 1/7 crps_total=7.96882 running_avg=7.94635
  [trial 13] seed 2/3 epoch 2/7 crps_total=7.99020 running_avg=7.95704
  [trial 13] seed 2/3 epoch 3/7 crps_total=7.97564 running_avg=7.94976
  [trial 13] seed 2/3 epoch 4/7 crps_total=7.94784 running_avg=7.93586
  [trial 13] seed 2/3 epoch 5/7 crps_total=7.94803 running_avg=7.93595
  [trial 13] seed 2/3 epoch 6/7 crps_total=7.91102 running_avg=7.91745
  [trial 13] seed 2/3 epoch 7/7 crps_total=7.93567 running_avg=7.92977
  [trial 13] seed 3/3 epoch 1/7 crps_total=8.02630 running_avg=7.96195
  [trial 13] seed 3/3 epoch 2/7 crps_total=7.97160 running_avg=7.94371
  [trial 13] seed 3/3 epoch 3/7 crps_total=8.01953 running_avg=7.95969
  [trial 13] seed 3/3 epoch 4/7 crps_total=7.98330 running_avg=7.94761
  [trial 13] seed 3/3 epoch 5/7 crps_total=7.95127 running_avg=7.93694
  [trial 13] seed 3/3 epoch 6/7 crps_total=7.87890 running_avg=7.91281
  [trial 13] seed 3/3 epoch 7/7 crps_total=7.90984 running_avg=7.92313
  [trial 13] crps_total=7.92313 +/-0.01293 (sem 0.00747, n=3)
  [trial 13] NEW BEST crps_total=7.92313 weights={'l1': 1.0, 'spectral': 2.5512566407960318, 'quantile': 0.019676231865597877, 'gradient': 1.5058403820910822, 'nll': 0.12679320120696613}
  [trial 14] seed 1/3 epoch 1/7 crps_total=8.13664 running_avg=8.13664
  [trial 14] seed 1/3 epoch 2/7 crps_total=7.93509 running_avg=7.93509
  [trial 14] seed 1/3 epoch 3/7 crps_total=8.00272 running_avg=8.00272
  [trial 14] seed 1/3 epoch 4/7 crps_total=7.97392 running_avg=7.97392
  [trial 14] seed 1/3 epoch 5/7 crps_total=7.86413 running_avg=7.86413
  [trial 14] seed 1/3 epoch 6/7 crps_total=7.90924 running_avg=7.90924
  [trial 14] seed 1/3 epoch 7/7 crps_total=7.92368 running_avg=7.92368
  [trial 14] seed 2/3 epoch 1/7 crps_total=8.01420 running_avg=7.96894
  [trial 14] seed 2/3 epoch 2/7 crps_total=7.99121 running_avg=7.95744
  [trial 14] seed 2/3 epoch 3/7 crps_total=7.95678 running_avg=7.94023
  [trial 14] seed 2/3 epoch 4/7 crps_total=7.94334 running_avg=7.93351
  [trial 14] seed 2/3 epoch 5/7 crps_total=7.94632 running_avg=7.93500
  [trial 14] seed 2/3 epoch 6/7 crps_total=7.90748 running_avg=7.91558
  [trial 14] seed 2/3 epoch 7/7 crps_total=7.94220 running_avg=7.93294
  [trial 14] seed 3/3 epoch 1/7 crps_total=8.02735 running_avg=7.96441
  [trial 14] seed 3/3 epoch 2/7 crps_total=7.97174 running_avg=7.94587
  [trial 14] seed 3/3 epoch 3/7 crps_total=7.98373 running_avg=7.94987
  [trial 14] seed 3/3 epoch 4/7 crps_total=7.97508 running_avg=7.94699
  [trial 14] seed 3/3 epoch 5/7 crps_total=7.95784 running_avg=7.94124
  [trial 14] seed 3/3 epoch 6/7 crps_total=7.88070 running_avg=7.91553
  [trial 14] seed 3/3 epoch 7/7 crps_total=7.90549 running_avg=7.92379
  [trial 14] crps_total=7.92379 +/-0.01836 (sem 0.01060, n=3)
  [trial 15] seed 1/3 epoch 1/7 crps_total=8.15964 running_avg=8.15964
  [trial 15] seed 1/3 epoch 2/7 crps_total=7.97030 running_avg=7.97030
  [trial 16] seed 1/3 epoch 1/7 crps_total=8.12720 running_avg=8.12720
  [trial 16] seed 1/3 epoch 2/7 crps_total=7.95707 running_avg=7.95707
  [trial 16] seed 1/3 epoch 3/7 crps_total=8.01941 running_avg=8.01941
  [trial 16] seed 1/3 epoch 4/7 crps_total=7.96877 running_avg=7.96877
  [trial 16] seed 1/3 epoch 5/7 crps_total=7.86548 running_avg=7.86548
  [trial 16] seed 1/3 epoch 6/7 crps_total=7.90455 running_avg=7.90455
  [trial 16] seed 1/3 epoch 7/7 crps_total=7.92287 running_avg=7.92287
  [trial 16] seed 2/3 epoch 1/7 crps_total=8.01628 running_avg=7.96958
  [trial 16] seed 2/3 epoch 2/7 crps_total=7.95558 running_avg=7.93923
  [trial 16] seed 2/3 epoch 3/7 crps_total=7.96152 running_avg=7.94220
  [trial 16] seed 2/3 epoch 4/7 crps_total=7.93545 running_avg=7.92916
  [trial 16] seed 2/3 epoch 5/7 crps_total=7.95503 running_avg=7.93895
  [trial 16] seed 2/3 epoch 6/7 crps_total=7.90760 running_avg=7.91524
  [trial 16] seed 2/3 epoch 7/7 crps_total=7.93822 running_avg=7.93055
  [trial 16] seed 3/3 epoch 1/7 crps_total=8.02512 running_avg=7.96207
  [trial 16] seed 3/3 epoch 2/7 crps_total=7.97373 running_avg=7.94494
  [trial 16] seed 3/3 epoch 3/7 crps_total=7.98656 running_avg=7.94922
  [trial 16] seed 3/3 epoch 4/7 crps_total=7.97167 running_avg=7.94425
  [trial 16] seed 3/3 epoch 5/7 crps_total=7.96186 running_avg=7.94098
  [trial 16] seed 3/3 epoch 6/7 crps_total=7.88088 running_avg=7.91399
  [trial 16] seed 3/3 epoch 7/7 crps_total=7.90261 running_avg=7.92124
  [trial 16] crps_total=7.92124 +/-0.01786 (sem 0.01031, n=3)
  [trial 16] NEW BEST crps_total=7.92124 weights={'l1': 1.0, 'spectral': 0.9708312684026206, 'quantile': 0.015264025575939633, 'gradient': 0.6343667257682211, 'nll': 0.07106707321375512}
  [trial 17] seed 1/3 epoch 1/7 crps_total=8.12379 running_avg=8.12379
  [trial 17] seed 1/3 epoch 2/7 crps_total=7.94802 running_avg=7.94802
  [trial 17] seed 1/3 epoch 3/7 crps_total=8.06148 running_avg=8.06148
  [trial 17] seed 1/3 epoch 4/7 crps_total=7.99632 running_avg=7.99632
  [trial 17] seed 1/3 epoch 5/7 crps_total=7.88298 running_avg=7.88298
  [trial 18] seed 1/3 epoch 1/7 crps_total=8.13801 running_avg=8.13801
  [trial 18] seed 1/3 epoch 2/7 crps_total=7.91781 running_avg=7.91781
  [trial 18] seed 1/3 epoch 3/7 crps_total=7.97070 running_avg=7.97070
  [trial 18] seed 1/3 epoch 4/7 crps_total=7.95810 running_avg=7.95810
  [trial 18] seed 1/3 epoch 5/7 crps_total=7.86433 running_avg=7.86433
  [trial 18] seed 1/3 epoch 6/7 crps_total=7.92543 running_avg=7.92543
  [trial 18] seed 1/3 epoch 7/7 crps_total=7.93015 running_avg=7.93015
  [trial 18] seed 2/3 epoch 1/7 crps_total=8.00768 running_avg=7.96892
  [trial 18] seed 2/3 epoch 2/7 crps_total=7.92688 running_avg=7.92851
  [trial 18] seed 2/3 epoch 3/7 crps_total=7.98362 running_avg=7.95688
  [trial 18] seed 2/3 epoch 4/7 crps_total=7.98132 running_avg=7.95573
  [trial 18] seed 2/3 epoch 5/7 crps_total=7.96152 running_avg=7.94583
  [trial 18] seed 2/3 epoch 6/7 crps_total=7.92012 running_avg=7.92513
  [trial 18] seed 2/3 epoch 7/7 crps_total=7.95562 running_avg=7.94288
  [trial 18] seed 3/3 epoch 1/7 crps_total=8.03466 running_avg=7.97348
  [trial 18] seed 3/3 epoch 2/7 crps_total=8.00602 running_avg=7.96393
  [trial 18] seed 3/3 epoch 3/7 crps_total=7.99592 running_avg=7.96056
  [trial 18] seed 3/3 epoch 4/7 crps_total=8.00600 running_avg=7.96392
  [trial 18] seed 3/3 epoch 5/7 crps_total=7.95192 running_avg=7.94589
  [trial 18] seed 3/3 epoch 6/7 crps_total=7.89133 running_avg=7.92570
  [trial 18] seed 3/3 epoch 7/7 crps_total=7.92763 running_avg=7.93780
  [trial 18] crps_total=7.93780 +/-0.01548 (sem 0.00894, n=3)
  [trial 19] seed 1/3 epoch 1/7 crps_total=8.14387 running_avg=8.14387
  [trial 19] seed 1/3 epoch 2/7 crps_total=7.95963 running_avg=7.95963
  [trial 20] seed 1/3 epoch 1/7 crps_total=8.15163 running_avg=8.15163
  [trial 20] seed 1/3 epoch 2/7 crps_total=7.94831 running_avg=7.94831
  [trial 20] seed 1/3 epoch 3/7 crps_total=8.02153 running_avg=8.02153
  [trial 20] seed 1/3 epoch 4/7 crps_total=7.96974 running_avg=7.96974
  [trial 20] seed 1/3 epoch 5/7 crps_total=7.87105 running_avg=7.87105
  [trial 20] seed 1/3 epoch 6/7 crps_total=7.91005 running_avg=7.91005
  [trial 20] seed 1/3 epoch 7/7 crps_total=7.92638 running_avg=7.92638
  [trial 20] seed 2/3 epoch 1/7 crps_total=7.98653 running_avg=7.95645
  [trial 20] seed 2/3 epoch 2/7 crps_total=7.98981 running_avg=7.95810
  [trial 20] seed 2/3 epoch 3/7 crps_total=7.96041 running_avg=7.94340
  [trial 20] seed 2/3 epoch 4/7 crps_total=7.94246 running_avg=7.93442
  [trial 20] seed 2/3 epoch 5/7 crps_total=7.95484 running_avg=7.94061
  [trial 20] seed 2/3 epoch 6/7 crps_total=7.90656 running_avg=7.91647
  [trial 20] seed 2/3 epoch 7/7 crps_total=7.93990 running_avg=7.93314
  [trial 20] seed 3/3 epoch 1/7 crps_total=8.03059 running_avg=7.96562
  [trial 20] seed 3/3 epoch 2/7 crps_total=7.97208 running_avg=7.94612
  [trial 20] seed 3/3 epoch 3/7 crps_total=7.97989 running_avg=7.94872
  [trial 20] seed 3/3 epoch 4/7 crps_total=7.96929 running_avg=7.94519
  [trial 20] seed 3/3 epoch 5/7 crps_total=7.96110 running_avg=7.94246
  [trial 20] seed 3/3 epoch 6/7 crps_total=7.87776 running_avg=7.91468
  [trial 20] seed 3/3 epoch 7/7 crps_total=7.90036 running_avg=7.92221
  [trial 20] crps_total=7.92221 +/-0.02010 (sem 0.01160, n=3)
  [trial 21] seed 1/3 epoch 1/7 crps_total=8.15726 running_avg=8.15726
  [trial 21] seed 1/3 epoch 2/7 crps_total=7.94182 running_avg=7.94182
  [trial 21] seed 1/3 epoch 3/7 crps_total=8.02066 running_avg=8.02066
  [trial 21] seed 1/3 epoch 4/7 crps_total=7.96947 running_avg=7.96947
  [trial 21] seed 1/3 epoch 5/7 crps_total=7.87148 running_avg=7.87148
  [trial 21] seed 1/3 epoch 6/7 crps_total=7.91583 running_avg=7.91583
  [trial 21] seed 1/3 epoch 7/7 crps_total=7.92933 running_avg=7.92933
  [trial 21] seed 2/3 epoch 1/7 crps_total=7.96642 running_avg=7.94787
  [trial 21] seed 2/3 epoch 2/7 crps_total=7.98053 running_avg=7.95493
  [trial 21] seed 2/3 epoch 3/7 crps_total=7.96994 running_avg=7.94963
  [trial 21] seed 2/3 epoch 4/7 crps_total=7.94479 running_avg=7.93706
  [trial 21] seed 2/3 epoch 5/7 crps_total=7.95925 running_avg=7.94429
  [trial 21] seed 2/3 epoch 6/7 crps_total=7.90997 running_avg=7.91965
  [trial 21] seed 2/3 epoch 7/7 crps_total=7.94070 running_avg=7.93501
  [trial 21] seed 3/3 epoch 1/7 crps_total=8.02634 running_avg=7.96546
  [trial 21] seed 3/3 epoch 2/7 crps_total=7.97820 running_avg=7.94941
  [trial 21] seed 3/3 epoch 3/7 crps_total=7.99675 running_avg=7.95559
  [trial 21] seed 3/3 epoch 4/7 crps_total=7.97405 running_avg=7.94803
  [trial 21] seed 3/3 epoch 5/7 crps_total=7.95756 running_avg=7.94253
  [trial 21] seed 3/3 epoch 6/7 crps_total=7.87650 running_avg=7.91551
  [trial 21] seed 3/3 epoch 7/7 crps_total=7.90238 running_avg=7.92414
  [trial 21] crps_total=7.92414 +/-0.01968 (sem 0.01136, n=3)
  [trial 22] seed 1/3 epoch 1/7 crps_total=8.13225 running_avg=8.13225
  [trial 22] seed 1/3 epoch 2/7 crps_total=7.98505 running_avg=7.98505
  [trial 23] seed 1/3 epoch 1/7 crps_total=8.13707 running_avg=8.13707
  [trial 23] seed 1/3 epoch 2/7 crps_total=7.93178 running_avg=7.93178
  [trial 23] seed 1/3 epoch 3/7 crps_total=7.96071 running_avg=7.96071
  [trial 23] seed 1/3 epoch 4/7 crps_total=7.97108 running_avg=7.97108
  [trial 23] seed 1/3 epoch 5/7 crps_total=7.86668 running_avg=7.86668
  [trial 23] seed 1/3 epoch 6/7 crps_total=7.92476 running_avg=7.92476
  [trial 23] seed 1/3 epoch 7/7 crps_total=7.92681 running_avg=7.92681
  [trial 23] seed 2/3 epoch 1/7 crps_total=8.02382 running_avg=7.97531
  [trial 23] seed 2/3 epoch 2/7 crps_total=7.94108 running_avg=7.93394
  [trial 23] seed 2/3 epoch 3/7 crps_total=7.95644 running_avg=7.94163
  [trial 23] seed 2/3 epoch 4/7 crps_total=7.99923 running_avg=7.96302
  [trial 23] seed 2/3 epoch 5/7 crps_total=7.96656 running_avg=7.94668
  [trial 23] seed 2/3 epoch 6/7 crps_total=7.93776 running_avg=7.93228
  [trial 23] seed 2/3 epoch 7/7 crps_total=7.96302 running_avg=7.94491
  [trial 23] seed 3/3 epoch 1/7 crps_total=8.02874 running_avg=7.97286
  [trial 23] seed 3/3 epoch 2/7 crps_total=8.00379 running_avg=7.96454
  [trial 23] seed 3/3 epoch 3/7 crps_total=8.00526 running_avg=7.96503
  [trial 23] seed 3/3 epoch 4/7 crps_total=8.00081 running_avg=7.96354
  [trial 23] seed 3/3 epoch 5/7 crps_total=7.96035 running_avg=7.95006
  [trial 23] seed 3/3 epoch 6/7 crps_total=7.89365 running_avg=7.92783
  [trial 23] seed 3/3 epoch 7/7 crps_total=7.92776 running_avg=7.93920
  [trial 23] crps_total=7.93920 +/-0.02064 (sem 0.01192, n=3)
  [trial 24] seed 1/3 epoch 1/7 crps_total=8.15625 running_avg=8.15625
  [trial 24] seed 1/3 epoch 2/7 crps_total=7.93934 running_avg=7.93934
  [trial 24] seed 1/3 epoch 3/7 crps_total=8.01282 running_avg=8.01282
  [trial 24] seed 1/3 epoch 4/7 crps_total=7.97196 running_avg=7.97196
  [trial 24] seed 1/3 epoch 5/7 crps_total=7.86687 running_avg=7.86687
  [trial 24] seed 1/3 epoch 6/7 crps_total=7.90761 running_avg=7.90761
  [trial 24] seed 1/3 epoch 7/7 crps_total=7.92544 running_avg=7.92544
  [trial 24] seed 2/3 epoch 1/7 crps_total=7.98984 running_avg=7.95764
  [trial 24] seed 2/3 epoch 2/7 crps_total=7.97982 running_avg=7.95263
  [trial 24] seed 2/3 epoch 3/7 crps_total=7.96184 running_avg=7.94364
  [trial 24] seed 2/3 epoch 4/7 crps_total=7.93818 running_avg=7.93181
  [trial 24] seed 2/3 epoch 5/7 crps_total=7.95087 running_avg=7.93815
  [trial 24] seed 2/3 epoch 6/7 crps_total=7.90513 running_avg=7.91529
  [trial 24] seed 2/3 epoch 7/7 crps_total=7.93674 running_avg=7.93109
  [trial 24] seed 3/3 epoch 1/7 crps_total=8.03463 running_avg=7.96560
  [trial 24] seed 3/3 epoch 2/7 crps_total=7.96815 running_avg=7.94344
  [trial 24] seed 3/3 epoch 3/7 crps_total=7.98633 running_avg=7.94950
  [trial 24] seed 3/3 epoch 4/7 crps_total=7.97255 running_avg=7.94491
  [trial 24] seed 3/3 epoch 5/7 crps_total=7.95959 running_avg=7.94059
  [trial 24] seed 3/3 epoch 6/7 crps_total=7.87590 running_avg=7.91269
  [trial 24] seed 3/3 epoch 7/7 crps_total=7.90051 running_avg=7.92090
  [trial 24] crps_total=7.92090 +/-0.01854 (sem 0.01070, n=3)
  [trial 24] NEW BEST crps_total=7.92090 weights={'l1': 1.0, 'spectral': 0.8474386577777624, 'quantile': 0.027230182751153423, 'gradient': 0.9735878698198843, 'nll': 0.11589770027237768}
  [trial 25] seed 1/3 epoch 1/7 crps_total=8.13264 running_avg=8.13264
  [trial 25] seed 1/3 epoch 2/7 crps_total=7.94996 running_avg=7.94996
  [trial 26] seed 1/3 epoch 1/7 crps_total=8.13891 running_avg=8.13891
  [trial 26] seed 1/3 epoch 2/7 crps_total=7.93701 running_avg=7.93701
  [trial 26] seed 1/3 epoch 3/7 crps_total=8.01494 running_avg=8.01494
  [trial 26] seed 1/3 epoch 4/7 crps_total=7.96011 running_avg=7.96011
  [trial 26] seed 1/3 epoch 5/7 crps_total=7.86333 running_avg=7.86333
  [trial 26] seed 1/3 epoch 6/7 crps_total=7.90280 running_avg=7.90280
  [trial 26] seed 1/3 epoch 7/7 crps_total=7.92473 running_avg=7.92473
  [trial 26] seed 2/3 epoch 1/7 crps_total=7.99096 running_avg=7.95784
  [trial 26] seed 2/3 epoch 2/7 crps_total=7.98338 running_avg=7.95405
  [trial 26] seed 2/3 epoch 3/7 crps_total=7.96055 running_avg=7.94264
  [trial 26] seed 2/3 epoch 4/7 crps_total=7.93530 running_avg=7.93001
  [trial 26] seed 2/3 epoch 5/7 crps_total=7.94628 running_avg=7.93550
  [trial 26] seed 2/3 epoch 6/7 crps_total=7.90097 running_avg=7.91285
  [trial 26] seed 2/3 epoch 7/7 crps_total=7.93622 running_avg=7.93047
  [trial 26] seed 3/3 epoch 1/7 crps_total=8.00112 running_avg=7.95402
  [trial 26] seed 3/3 epoch 2/7 crps_total=7.96943 running_avg=7.94346
  [trial 26] seed 3/3 epoch 3/7 crps_total=7.97723 running_avg=7.94606
  [trial 26] seed 3/3 epoch 4/7 crps_total=7.96996 running_avg=7.94364
  [trial 26] seed 3/3 epoch 5/7 crps_total=7.95676 running_avg=7.93924
  [trial 26] seed 3/3 epoch 6/7 crps_total=7.86466 running_avg=7.90854
  [trial 26] seed 3/3 epoch 7/7 crps_total=7.89809 running_avg=7.91968
  [trial 26] crps_total=7.91968 +/-0.01956 (sem 0.01129, n=3)
  [trial 26] NEW BEST crps_total=7.91968 weights={'l1': 1.0, 'spectral': 1.3368951783540683, 'quantile': 0.09275772760835202, 'gradient': 0.8882707537426899, 'nll': 0.06932654089952237}
  [trial 27] seed 1/3 epoch 1/7 crps_total=8.12513 running_avg=8.12513
  [trial 27] seed 1/3 epoch 2/7 crps_total=7.95416 running_avg=7.95416
  [trial 28] seed 1/3 epoch 1/7 crps_total=8.16004 running_avg=8.16004
  [trial 28] seed 1/3 epoch 2/7 crps_total=7.96609 running_avg=7.96609
  [trial 29] seed 1/3 epoch 1/7 crps_total=8.14965 running_avg=8.14965
  [trial 29] seed 1/3 epoch 2/7 crps_total=7.95733 running_avg=7.95733
  [trial 30] seed 1/3 epoch 1/7 crps_total=8.12654 running_avg=8.12654
  [trial 30] seed 1/3 epoch 2/7 crps_total=7.95850 running_avg=7.95850
  [trial 31] seed 1/3 epoch 1/7 crps_total=8.14491 running_avg=8.14491
  [trial 31] seed 1/3 epoch 2/7 crps_total=7.94302 running_avg=7.94302
  [trial 32] seed 1/3 epoch 1/7 crps_total=8.13896 running_avg=8.13896
  [trial 32] seed 1/3 epoch 2/7 crps_total=7.94979 running_avg=7.94979
  [trial 33] seed 1/3 epoch 1/7 crps_total=8.14529 running_avg=8.14529
  [trial 33] seed 1/3 epoch 2/7 crps_total=7.95808 running_avg=7.95808
  [trial 34] seed 1/3 epoch 1/7 crps_total=8.11866 running_avg=8.11866
  [trial 34] seed 1/3 epoch 2/7 crps_total=7.89013 running_avg=7.89013
  [trial 34] seed 1/3 epoch 3/7 crps_total=7.99423 running_avg=7.99423
  [trial 34] seed 1/3 epoch 4/7 crps_total=7.95415 running_avg=7.95415
  [trial 34] seed 1/3 epoch 5/7 crps_total=7.85758 running_avg=7.85758
  [trial 34] seed 1/3 epoch 6/7 crps_total=7.91551 running_avg=7.91551
  [trial 34] seed 1/3 epoch 7/7 crps_total=7.92236 running_avg=7.92236
  [trial 34] seed 2/3 epoch 1/7 crps_total=7.96396 running_avg=7.94316
  [trial 34] seed 2/3 epoch 2/7 crps_total=7.94465 running_avg=7.93351
  [trial 34] seed 2/3 epoch 3/7 crps_total=7.95721 running_avg=7.93978
  [trial 34] seed 2/3 epoch 4/7 crps_total=7.95659 running_avg=7.93947
  [trial 34] seed 2/3 epoch 5/7 crps_total=7.93984 running_avg=7.93110
  [trial 34] seed 2/3 epoch 6/7 crps_total=7.90956 running_avg=7.91596
  [trial 34] seed 2/3 epoch 7/7 crps_total=7.93868 running_avg=7.93052
  [trial 34] seed 3/3 epoch 1/7 crps_total=8.02981 running_avg=7.96361
  [trial 34] seed 3/3 epoch 2/7 crps_total=7.98914 running_avg=7.95006
  [trial 34] seed 3/3 epoch 3/7 crps_total=7.97303 running_avg=7.94469
  [trial 34] seed 3/3 epoch 4/7 crps_total=8.00417 running_avg=7.95507
  [trial 34] seed 3/3 epoch 5/7 crps_total=7.95438 running_avg=7.93847
  [trial 34] seed 3/3 epoch 6/7 crps_total=7.88187 running_avg=7.91430
  [trial 34] seed 3/3 epoch 7/7 crps_total=7.91884 running_avg=7.92662
  [trial 34] crps_total=7.92662 +/-0.01059 (sem 0.00611, n=3)
  [trial 35] seed 1/3 epoch 1/7 crps_total=8.14907 running_avg=8.14907
  [trial 35] seed 1/3 epoch 2/7 crps_total=7.95668 running_avg=7.95668
  [trial 36] seed 1/3 epoch 1/7 crps_total=8.13272 running_avg=8.13272
  [trial 36] seed 1/3 epoch 2/7 crps_total=7.94632 running_avg=7.94632
  [trial 37] seed 1/3 epoch 1/7 crps_total=8.14324 running_avg=8.14324
  [trial 37] seed 1/3 epoch 2/7 crps_total=7.93152 running_avg=7.93152
  [trial 37] seed 1/3 epoch 3/7 crps_total=7.99348 running_avg=7.99348
  [trial 37] seed 1/3 epoch 4/7 crps_total=7.94859 running_avg=7.94859
  [trial 37] seed 1/3 epoch 5/7 crps_total=7.85801 running_avg=7.85801
  [trial 37] seed 1/3 epoch 6/7 crps_total=7.90053 running_avg=7.90053
  [trial 37] seed 1/3 epoch 7/7 crps_total=7.91790 running_avg=7.91790
  [trial 37] seed 2/3 epoch 1/7 crps_total=7.95894 running_avg=7.93842
  [trial 37] seed 2/3 epoch 2/7 crps_total=7.96855 running_avg=7.94323
  [trial 37] seed 2/3 epoch 3/7 crps_total=7.97636 running_avg=7.94713
  [trial 37] seed 2/3 epoch 4/7 crps_total=7.93376 running_avg=7.92583
  [trial 37] seed 2/3 epoch 5/7 crps_total=7.94936 running_avg=7.93363
  [trial 37] seed 2/3 epoch 6/7 crps_total=7.89910 running_avg=7.90850
  [trial 37] seed 2/3 epoch 7/7 crps_total=7.93302 running_avg=7.92546
  [trial 37] seed 3/3 epoch 1/7 crps_total=7.99137 running_avg=7.94743
  [trial 37] seed 3/3 epoch 2/7 crps_total=7.97837 running_avg=7.94310
  [trial 37] seed 3/3 epoch 3/7 crps_total=7.98883 running_avg=7.94658
  [trial 37] seed 3/3 epoch 4/7 crps_total=7.96803 running_avg=7.93965
  [trial 37] seed 3/3 epoch 5/7 crps_total=7.94967 running_avg=7.93353
  [trial 37] seed 3/3 epoch 6/7 crps_total=7.86205 running_avg=7.90432
  [trial 37] seed 3/3 epoch 7/7 crps_total=7.89784 running_avg=7.91626
  [trial 37] crps_total=7.91626 +/-0.01765 (sem 0.01019, n=3)
  [trial 37] NEW BEST crps_total=7.91626 weights={'l1': 1.0, 'spectral': 2.1258793444504245, 'quantile': 0.0910226809309505, 'gradient': 1.0363548238055016, 'nll': 0.02982038031172892}
  [trial 38] seed 1/3 epoch 1/7 crps_total=8.12433 running_avg=8.12433
  [trial 38] seed 1/3 epoch 2/7 crps_total=7.88548 running_avg=7.88548
  [trial 38] seed 1/3 epoch 3/7 crps_total=7.95402 running_avg=7.95402
  [trial 38] seed 1/3 epoch 4/7 crps_total=7.94753 running_avg=7.94753
  [trial 38] seed 1/3 epoch 5/7 crps_total=7.85329 running_avg=7.85329
  [trial 38] seed 1/3 epoch 6/7 crps_total=7.91443 running_avg=7.91443
  [trial 38] seed 1/3 epoch 7/7 crps_total=7.92232 running_avg=7.92232
  [trial 38] seed 2/3 epoch 1/7 crps_total=7.95395 running_avg=7.93814
  [trial 38] seed 2/3 epoch 2/7 crps_total=7.95267 running_avg=7.93749
  [trial 38] seed 2/3 epoch 3/7 crps_total=7.96673 running_avg=7.94453
  [trial 38] seed 2/3 epoch 4/7 crps_total=7.95555 running_avg=7.93894
  [trial 38] seed 2/3 epoch 5/7 crps_total=7.94778 running_avg=7.93505
  [trial 38] seed 2/3 epoch 6/7 crps_total=7.91736 running_avg=7.91984
  [trial 38] seed 2/3 epoch 7/7 crps_total=7.93928 running_avg=7.93080
  [trial 38] seed 3/3 epoch 1/7 crps_total=8.01999 running_avg=7.96053
  [trial 38] seed 3/3 epoch 2/7 crps_total=8.00384 running_avg=7.95515
  [trial 38] seed 3/3 epoch 3/7 crps_total=7.96227 running_avg=7.94129
  [trial 38] seed 3/3 epoch 4/7 crps_total=7.98337 running_avg=7.94832
  [trial 38] seed 3/3 epoch 5/7 crps_total=7.94193 running_avg=7.93451
  [trial 38] seed 3/3 epoch 6/7 crps_total=7.86749 running_avg=7.90970
  [trial 38] seed 3/3 epoch 7/7 crps_total=7.90979 running_avg=7.92380
  [trial 38] crps_total=7.92380 +/-0.01480 (sem 0.00855, n=3)
  [trial 39] seed 1/3 epoch 1/7 crps_total=8.13585 running_avg=8.13585
  [trial 39] seed 1/3 epoch 2/7 crps_total=7.93698 running_avg=7.93698
  [trial 39] seed 1/3 epoch 3/7 crps_total=7.98685 running_avg=7.98685
  [trial 39] seed 1/3 epoch 4/7 crps_total=7.98875 running_avg=7.98875
  [trial 39] seed 1/3 epoch 5/7 crps_total=7.89321 running_avg=7.89321
  [trial 40] seed 1/3 epoch 1/7 crps_total=8.12058 running_avg=8.12058
  [trial 40] seed 1/3 epoch 2/7 crps_total=7.93901 running_avg=7.93901
  [trial 41] seed 1/3 epoch 1/7 crps_total=8.14600 running_avg=8.14600
  [trial 41] seed 1/3 epoch 2/7 crps_total=7.94820 running_avg=7.94820
  [trial 42] seed 1/3 epoch 1/7 crps_total=8.17501 running_avg=8.17501
  [trial 42] seed 1/3 epoch 2/7 crps_total=7.94577 running_avg=7.94577
  [trial 43] seed 1/3 epoch 1/7 crps_total=8.28946 running_avg=8.28946
  [trial 43] seed 1/3 epoch 2/7 crps_total=8.09369 running_avg=8.09369
  [trial 44] seed 1/3 epoch 1/7 crps_total=8.09908 running_avg=8.09908
  [trial 44] seed 1/3 epoch 2/7 crps_total=7.91001 running_avg=7.91001
  [trial 44] seed 1/3 epoch 3/7 crps_total=7.98863 running_avg=7.98863
  [trial 44] seed 1/3 epoch 4/7 crps_total=7.98053 running_avg=7.98053
  [trial 44] seed 1/3 epoch 5/7 crps_total=7.86656 running_avg=7.86656
  [trial 44] seed 1/3 epoch 6/7 crps_total=7.92360 running_avg=7.92360
  [trial 44] seed 1/3 epoch 7/7 crps_total=7.92718 running_avg=7.92718
  [trial 44] seed 2/3 epoch 1/7 crps_total=7.95966 running_avg=7.94342
  [trial 44] seed 2/3 epoch 2/7 crps_total=7.96997 running_avg=7.94857
  [trial 44] seed 2/3 epoch 3/7 crps_total=7.98730 running_avg=7.95724
  [trial 44] seed 2/3 epoch 4/7 crps_total=7.95273 running_avg=7.93995
  [trial 44] seed 2/3 epoch 5/7 crps_total=7.96774 running_avg=7.94746
  [trial 44] seed 2/3 epoch 6/7 crps_total=7.91788 running_avg=7.92253
  [trial 44] seed 2/3 epoch 7/7 crps_total=7.94432 running_avg=7.93575
  [trial 44] seed 3/3 epoch 1/7 crps_total=8.00271 running_avg=7.95807
  [trial 44] seed 3/3 epoch 2/7 crps_total=7.96565 running_avg=7.94572
  [trial 44] seed 3/3 epoch 3/7 crps_total=8.02533 running_avg=7.96561
  [trial 44] seed 3/3 epoch 4/7 crps_total=7.99351 running_avg=7.95500
  [trial 44] seed 3/3 epoch 5/7 crps_total=7.95762 running_avg=7.94304
  [trial 44] seed 3/3 epoch 6/7 crps_total=7.88548 running_avg=7.91899
  [trial 44] seed 3/3 epoch 7/7 crps_total=7.91746 running_avg=7.92965
  [trial 44] crps_total=7.92965 +/-0.01360 (sem 0.00785, n=3)
  [trial 45] seed 1/3 epoch 1/7 crps_total=10.12171 running_avg=10.12171
  [trial 45] seed 1/3 epoch 2/7 crps_total=9.94975 running_avg=9.94975
  [trial 46] seed 1/3 epoch 1/7 crps_total=8.13061 running_avg=8.13061
  [trial 46] seed 1/3 epoch 2/7 crps_total=7.95748 running_avg=7.95748
  [trial 47] seed 1/3 epoch 1/7 crps_total=8.10503 running_avg=8.10503
  [trial 47] seed 1/3 epoch 2/7 crps_total=7.89509 running_avg=7.89509
  [trial 47] seed 1/3 epoch 3/7 crps_total=8.00315 running_avg=8.00315
  [trial 47] seed 1/3 epoch 4/7 crps_total=7.97351 running_avg=7.97351
  [trial 47] seed 1/3 epoch 5/7 crps_total=7.86079 running_avg=7.86079
  [trial 47] seed 1/3 epoch 6/7 crps_total=7.91335 running_avg=7.91335
  [trial 47] seed 1/3 epoch 7/7 crps_total=7.91964 running_avg=7.91964
  [trial 47] seed 2/3 epoch 1/7 crps_total=7.97569 running_avg=7.94766
  [trial 47] seed 2/3 epoch 2/7 crps_total=7.96021 running_avg=7.93993
  [trial 47] seed 2/3 epoch 3/7 crps_total=7.95993 running_avg=7.93979
  [trial 47] seed 2/3 epoch 4/7 crps_total=7.96447 running_avg=7.94205
  [trial 47] seed 2/3 epoch 5/7 crps_total=7.94233 running_avg=7.93098
  [trial 47] seed 2/3 epoch 6/7 crps_total=7.91417 running_avg=7.91690
  [trial 47] seed 2/3 epoch 7/7 crps_total=7.93841 running_avg=7.92902
  [trial 47] seed 3/3 epoch 1/7 crps_total=8.04066 running_avg=7.96624
  [trial 47] seed 3/3 epoch 2/7 crps_total=7.98259 running_avg=7.94688
  [trial 47] seed 3/3 epoch 3/7 crps_total=8.00197 running_avg=7.95334
  [trial 47] seed 3/3 epoch 4/7 crps_total=8.00621 running_avg=7.95475
  [trial 47] seed 3/3 epoch 5/7 crps_total=7.95530 running_avg=7.93778
  [trial 47] seed 3/3 epoch 6/7 crps_total=7.88796 running_avg=7.91534
  [trial 47] seed 3/3 epoch 7/7 crps_total=7.92197 running_avg=7.92667
  [trial 47] crps_total=7.92667 +/-0.01023 (sem 0.00591, n=3)
  [trial 48] seed 1/3 epoch 1/7 crps_total=8.10262 running_avg=8.10262
  [trial 48] seed 1/3 epoch 2/7 crps_total=7.87186 running_avg=7.87186
  [trial 48] seed 1/3 epoch 3/7 crps_total=7.96443 running_avg=7.96443
  [trial 48] seed 1/3 epoch 4/7 crps_total=7.96965 running_avg=7.96965
  [trial 48] seed 1/3 epoch 5/7 crps_total=7.85138 running_avg=7.85138
  [trial 48] seed 1/3 epoch 6/7 crps_total=7.91509 running_avg=7.91509
  [trial 48] seed 1/3 epoch 7/7 crps_total=7.92181 running_avg=7.92181
  [trial 48] seed 2/3 epoch 1/7 crps_total=7.96600 running_avg=7.94391
  [trial 48] seed 2/3 epoch 2/7 crps_total=8.01556 running_avg=7.96869
  [trial 48] seed 2/3 epoch 3/7 crps_total=7.97886 running_avg=7.95034
  [trial 48] seed 2/3 epoch 4/7 crps_total=7.96603 running_avg=7.94392
  [trial 48] seed 2/3 epoch 5/7 crps_total=7.96707 running_avg=7.94444
  [trial 48] seed 2/3 epoch 6/7 crps_total=7.92360 running_avg=7.92271
  [trial 48] seed 2/3 epoch 7/7 crps_total=7.93289 running_avg=7.92735
  [trial 48] seed 3/3 epoch 1/7 crps_total=8.04061 running_avg=7.96510
  [trial 48] seed 3/3 epoch 2/7 crps_total=7.99381 running_avg=7.94950
  [trial 48] seed 3/3 epoch 3/7 crps_total=7.99602 running_avg=7.95024
  [trial 48] seed 3/3 epoch 4/7 crps_total=7.97266 running_avg=7.94245
  [trial 48] seed 3/3 epoch 5/7 crps_total=7.93943 running_avg=7.93137
  [trial 48] seed 3/3 epoch 6/7 crps_total=7.87879 running_avg=7.91116
  [trial 48] seed 3/3 epoch 7/7 crps_total=7.91351 running_avg=7.92274
  [trial 48] crps_total=7.92274 +/-0.00972 (sem 0.00561, n=3)
  [trial 49] seed 1/3 epoch 1/7 crps_total=8.14792 running_avg=8.14792
  [trial 49] seed 1/3 epoch 2/7 crps_total=7.90445 running_avg=7.90445
  [trial 49] seed 1/3 epoch 3/7 crps_total=7.98759 running_avg=7.98759
  [trial 49] seed 1/3 epoch 4/7 crps_total=7.97720 running_avg=7.97720
  [trial 49] seed 1/3 epoch 5/7 crps_total=7.85700 running_avg=7.85700
  [trial 49] seed 1/3 epoch 6/7 crps_total=7.91468 running_avg=7.91468
  [trial 49] seed 1/3 epoch 7/7 crps_total=7.92284 running_avg=7.92284
  [trial 49] seed 2/3 epoch 1/7 crps_total=7.98434 running_avg=7.95359
  [trial 49] seed 2/3 epoch 2/7 crps_total=8.08132 running_avg=8.00208
  [trial 49] seed 2/3 epoch 3/7 crps_total=7.95227 running_avg=7.93756
  [trial 49] seed 2/3 epoch 4/7 crps_total=7.96652 running_avg=7.94468
  [trial 49] seed 2/3 epoch 5/7 crps_total=7.96491 running_avg=7.94388
  [trial 49] seed 2/3 epoch 6/7 crps_total=7.91936 running_avg=7.92110
  [trial 49] seed 2/3 epoch 7/7 crps_total=7.93162 running_avg=7.92723
  [trial 49] seed 3/3 epoch 1/7 crps_total=8.02247 running_avg=7.95898
  [trial 49] seed 3/3 epoch 2/7 crps_total=7.99382 running_avg=7.94943
  [trial 49] seed 3/3 epoch 3/7 crps_total=7.99109 running_avg=7.94852
  [trial 49] seed 3/3 epoch 4/7 crps_total=7.96233 running_avg=7.93893
  [trial 49] seed 3/3 epoch 5/7 crps_total=7.93567 running_avg=7.93004
  [trial 49] seed 3/3 epoch 6/7 crps_total=7.88139 running_avg=7.91195
  [trial 49] seed 3/3 epoch 7/7 crps_total=7.90710 running_avg=7.92052
  [trial 49] crps_total=7.92052 +/-0.01243 (sem 0.00718, n=3)
=== Search Complete ===
Best trial: #37
Best weights: {'l1': 1.0, 'spectral': 2.1258793444504245, 'quantile': 0.0910226809309505, 'gradient': 1.0363548238055016, 'nll': 0.02982038031172892}
Best crps_total: 7.91626
