2026-06-28 11:10:06,226 INFO Logging to /home/peytonli/26.6_wind/logs/train_20260628_111006.log
2026-06-28 11:10:06,226 INFO Config:
{
  "seed": 0,
  "paths": {
    "data_dir": "/home/peytonli/26.6_wind/data",
    "log_dir": "/home/peytonli/26.6_wind/logs",
    "splits_path": "/home/peytonli/26.6_wind/data/splits_70_15_15/split_indices.npz"
  },
  "model": {
    "img_size": 200,
    "embed_dim": 96,
    "depths": [
      4,
      4,
      4
    ],
    "num_heads": [
      6,
      6,
      6
    ],
    "window_size": 8,
    "mlp_ratio": 4.0,
    "residual_base": "enscgp",
    "residual_gate_init": 0.1,
    "drop_rate": 0.03,
    "attn_drop_rate": 0.03,
    "drop_path_rate": 0.1,
    "head_dropout": 0.15
  },
  "training": {
    "batch_size": 4,
    "num_epochs": 75,
    "learning_rate": 0.0001,
    "weight_decay": 0.0001,
    "nll_weight": 0.15,
    "ms_weight": 1.0,
    "l1_weight": 0.0,
    "spectral_weight": 0.0,
    "gradient_weight": 0.0,
    "quantile_weight": 0.0,
    "spectral_low_freq_cutoff": 0.28,
    "quantiles": [
      0.95,
      0.99
    ],
    "multiscale": {
      "n_levels": 5,
      "base_sigma": 2,
      "metric_per_band": [
        "l1",
        "sw",
        "sw",
        "sw",
        "l1"
      ],
      "patch_size": 8,
      "patch_stride": 4,
      "n_projections": 64,
      "sigma_floor": 0.001,
      "sigma_max_samples": 2000,
      "histogram_weight": 0.0,
      "force_recompute_sigma_band": false
    },
    "grad_clip_norm": 1.0,
    "num_workers": 2,
    "val_interval": 1,
    "early_stop_patience": 8,
    "lr_milestone_fractions": [
      0.5,
      0.75,
      0.9
    ],
    "lr_gamma": 0.5
  },
  "logging": {
    "log_every": 50
  }
}
2026-06-28 11:10:06,227 INFO Using device: cuda
2026-06-28 11:10:06,230 INFO Train samples: 4744, Val samples: 1013
2026-06-28 11:10:06,574 INFO Total parameters: 2086195
2026-06-28 11:10:06,575 INFO LR schedule: milestones (steps) = [44475, 66712, 80055] (of 88950 total), gamma = 0.500
2026-06-28 11:10:06,576 INFO Loss weights: {'nll': 0.15, 'ms': 1.0, 'l1': 0.0, 'spectral': 0.0, 'gradient': 0.0, 'quantile': 0.0}
2026-06-28 11:10:06,576 INFO Mean-aux loss params: spectral_low_freq_cutoff=0.280, quantiles=[0.95, 0.99]
2026-06-28 11:10:07,009 INFO multiscale_loss enabled: n_levels=5, base_sigma=2.00, metric_per_band=('l1', 'sw', 'sw', 'sw', 'l1'), sigma_band=[[0.698416531085968, 0.7594446539878845], [0.3979477286338806, 0.42225831747055054], [0.5279598236083984, 0.5658146739006042], [0.80471271276474, 0.8782278895378113], [5.570250034332275, 5.404760837554932]]
2026-06-28 11:10:29,714 INFO Epoch 0 | Batch 50/1186 | Loss 2.91810 (NLL 4.71587 [logdet 1.63041, mahal 1.24758], MS 2.21072, L1 2.10845, Spectral 0.27097, Gradient 0.48429, Quantile 0.98606) | LR 1.00e-04
2026-06-28 11:10:51,399 INFO Epoch 0 | Batch 100/1186 | Loss 2.72848 (NLL 4.69115 [logdet 1.84279, mahal 1.01049], MS 2.02481, L1 2.12468, Spectral 0.27330, Gradient 0.50754, Quantile 1.02251) | LR 1.00e-04
2026-06-28 11:11:13,086 INFO Epoch 0 | Batch 150/1186 | Loss 2.62255 (NLL 4.57337 [logdet 1.80147, mahal 0.93402], MS 1.93655, L1 1.99856, Spectral 0.26171, Gradient 0.49379, Quantile 0.98008) | LR 1.00e-04
2026-06-28 11:11:34,765 INFO Epoch 0 | Batch 200/1186 | Loss 2.67796 (NLL 4.69283 [logdet 1.81310, mahal 1.04185], MS 1.97404, L1 2.11757, Spectral 0.26593, Gradient 0.50008, Quantile 1.04294) | LR 1.00e-04
2026-06-28 11:11:56,454 INFO Epoch 0 | Batch 250/1186 | Loss 2.67279 (NLL 4.64318 [logdet 1.87000, mahal 0.93530], MS 1.97631, L1 2.08100, Spectral 0.27858, Gradient 0.50884, Quantile 1.02258) | LR 1.00e-04
2026-06-28 11:12:18,140 INFO Epoch 0 | Batch 300/1186 | Loss 2.57998 (NLL 4.52038 [logdet 1.75265, mahal 0.92985], MS 1.90192, L1 1.96753, Spectral 0.26339, Gradient 0.48762, Quantile 0.96326) | LR 1.00e-04
2026-06-28 11:12:39,807 INFO Epoch 0 | Batch 350/1186 | Loss 2.65153 (NLL 4.61363 [logdet 1.75112, mahal 1.02464], MS 1.95949, L1 2.07149, Spectral 0.26825, Gradient 0.49476, Quantile 1.02127) | LR 1.00e-04
2026-06-28 11:13:01,502 INFO Epoch 0 | Batch 400/1186 | Loss 2.63873 (NLL 4.61289 [logdet 1.80170, mahal 0.97331], MS 1.94680, L1 2.08389, Spectral 0.26573, Gradient 0.49491, Quantile 0.99594) | LR 1.00e-04
2026-06-28 11:13:23,188 INFO Epoch 0 | Batch 450/1186 | Loss 2.63378 (NLL 4.59731 [logdet 1.78886, mahal 0.97057], MS 1.94418, L1 2.04514, Spectral 0.27192, Gradient 0.50493, Quantile 0.98562) | LR 1.00e-04
2026-06-28 11:13:44,888 INFO Epoch 0 | Batch 500/1186 | Loss 2.70169 (NLL 4.64845 [logdet 1.80663, mahal 1.00395], MS 2.00442, L1 2.11325, Spectral 0.27820, Gradient 0.50923, Quantile 1.08815) | LR 1.00e-04
2026-06-28 11:14:06,581 INFO Epoch 0 | Batch 550/1186 | Loss 2.64943 (NLL 4.59245 [logdet 1.78790, mahal 0.96667], MS 1.96056, L1 2.09818, Spectral 0.27121, Gradient 0.49920, Quantile 1.03027) | LR 1.00e-04
2026-06-28 11:14:28,263 INFO Epoch 0 | Batch 600/1186 | Loss 2.65497 (NLL 4.53846 [logdet 1.73686, mahal 0.96372], MS 1.97421, L1 2.00632, Spectral 0.27411, Gradient 0.49864, Quantile 0.97296) | LR 1.00e-04
2026-06-28 11:14:49,947 INFO Epoch 0 | Batch 650/1186 | Loss 2.61733 (NLL 4.56917 [logdet 1.75408, mahal 0.97721], MS 1.93195, L1 2.06662, Spectral 0.26834, Gradient 0.49416, Quantile 0.99732) | LR 1.00e-04
2026-06-28 11:15:11,650 INFO Epoch 0 | Batch 700/1186 | Loss 2.56520 (NLL 4.50699 [logdet 1.73790, mahal 0.93121], MS 1.88915, L1 1.97363, Spectral 0.26063, Gradient 0.48035, Quantile 0.97244) | LR 1.00e-04
2026-06-28 11:15:33,347 INFO Epoch 0 | Batch 750/1186 | Loss 2.55679 (NLL 4.52267 [logdet 1.69922, mahal 0.98557], MS 1.87839, L1 2.01204, Spectral 0.25904, Gradient 0.48026, Quantile 0.97562) | LR 1.00e-04
2026-06-28 11:15:55,048 INFO Epoch 0 | Batch 800/1186 | Loss 2.61516 (NLL 4.56036 [logdet 1.72696, mahal 0.99552], MS 1.93110, L1 2.03913, Spectral 0.26989, Gradient 0.49473, Quantile 1.02806) | LR 1.00e-04
2026-06-28 11:16:16,730 INFO Epoch 0 | Batch 850/1186 | Loss 2.61730 (NLL 4.55465 [logdet 1.69421, mahal 1.02257], MS 1.93410, L1 2.02752, Spectral 0.26259, Gradient 0.48290, Quantile 1.02354) | LR 1.00e-04
2026-06-28 11:16:38,428 INFO Epoch 0 | Batch 900/1186 | Loss 2.63657 (NLL 4.56698 [logdet 1.71400, mahal 1.01510], MS 1.95153, L1 2.04076, Spectral 0.26829, Gradient 0.49640, Quantile 1.01641) | LR 1.00e-04
2026-06-28 11:17:00,115 INFO Epoch 0 | Batch 950/1186 | Loss 2.61281 (NLL 4.57909 [logdet 1.73412, mahal 1.00709], MS 1.92594, L1 2.03372, Spectral 0.26843, Gradient 0.49300, Quantile 1.03031) | LR 1.00e-04
2026-06-28 11:17:21,805 INFO Epoch 0 | Batch 1000/1186 | Loss 2.62316 (NLL 4.54941 [logdet 1.74950, mahal 0.96203], MS 1.94075, L1 2.02558, Spectral 0.26725, Gradient 0.48998, Quantile 1.01817) | LR 1.00e-04
2026-06-28 11:17:43,508 INFO Epoch 0 | Batch 1050/1186 | Loss 2.61039 (NLL 4.58485 [logdet 1.77634, mahal 0.97064], MS 1.92266, L1 2.06355, Spectral 0.26996, Gradient 0.50253, Quantile 1.02234) | LR 1.00e-04
2026-06-28 11:18:05,183 INFO Epoch 0 | Batch 1100/1186 | Loss 2.58550 (NLL 4.53583 [logdet 1.72321, mahal 0.97474], MS 1.90513, L1 2.00064, Spectral 0.26424, Gradient 0.48089, Quantile 1.01743) | LR 1.00e-04
2026-06-28 11:18:26,865 INFO Epoch 0 | Batch 1150/1186 | Loss 2.57991 (NLL 4.49395 [logdet 1.71403, mahal 0.94205], MS 1.90582, L1 2.00770, Spectral 0.26722, Gradient 0.48910, Quantile 0.96935) | LR 1.00e-04
2026-06-28 11:19:18,915 INFO Epoch 0 | Val Loss 2.73911 (NLL 4.47065 [logdet 1.70629, mahal 0.92648], MS 2.06851, L1 1.93472, Spectral 0.26500, Gradient 0.48399, Quantile 1.01090)
2026-06-28 11:19:19,403 INFO New best val loss: 2.73911 (saved checkpoints/best.pth)
2026-06-28 11:19:41,194 INFO Epoch 1 | Batch 50/1186 | Loss 2.57986 (NLL 4.51166 [logdet 1.69465, mahal 0.97913], MS 1.90311, L1 2.00530, Spectral 0.26631, Gradient 0.49121, Quantile 1.01170) | LR 1.00e-04
2026-06-28 11:20:02,912 INFO Epoch 1 | Batch 100/1186 | Loss 2.52742 (NLL 4.46237 [logdet 1.66726, mahal 0.95724], MS 1.85806, L1 1.94628, Spectral 0.26743, Gradient 0.48874, Quantile 0.92656) | LR 1.00e-04
2026-06-28 11:20:24,625 INFO Epoch 1 | Batch 150/1186 | Loss 2.57719 (NLL 4.51951 [logdet 1.61302, mahal 1.06862], MS 1.89926, L1 2.01560, Spectral 0.26515, Gradient 0.48705, Quantile 1.00065) | LR 1.00e-04
2026-06-28 11:20:46,353 INFO Epoch 1 | Batch 200/1186 | Loss 2.53265 (NLL 4.46108 [logdet 1.64017, mahal 0.98303], MS 1.86349, L1 1.96313, Spectral 0.26400, Gradient 0.48084, Quantile 0.96792) | LR 1.00e-04
2026-06-28 11:21:08,071 INFO Epoch 1 | Batch 250/1186 | Loss 2.52639 (NLL 4.46794 [logdet 1.64818, mahal 0.98189], MS 1.85620, L1 1.93732, Spectral 0.26477, Gradient 0.48638, Quantile 0.97386) | LR 1.00e-04
2026-06-28 11:21:29,786 INFO Epoch 1 | Batch 300/1186 | Loss 2.68341 (NLL 4.62170 [logdet 1.68617, mahal 1.09766], MS 1.99016, L1 2.09655, Spectral 0.27835, Gradient 0.50687, Quantile 1.06213) | LR 1.00e-04
2026-06-28 11:21:51,498 INFO Epoch 1 | Batch 350/1186 | Loss 2.62757 (NLL 4.57989 [logdet 1.69748, mahal 1.04453], MS 1.94059, L1 2.05949, Spectral 0.26606, Gradient 0.49856, Quantile 1.04085) | LR 1.00e-04
2026-06-28 11:22:13,218 INFO Epoch 1 | Batch 400/1186 | Loss 2.57236 (NLL 4.52973 [logdet 1.69419, mahal 0.99766], MS 1.89290, L1 1.99426, Spectral 0.26931, Gradient 0.49176, Quantile 0.98406) | LR 1.00e-04
2026-06-28 11:22:34,942 INFO Epoch 1 | Batch 450/1186 | Loss 2.59943 (NLL 4.53027 [logdet 1.70663, mahal 0.98577], MS 1.91988, L1 1.99414, Spectral 0.26660, Gradient 0.48764, Quantile 0.98264) | LR 1.00e-04
2026-06-28 11:22:56,667 INFO Epoch 1 | Batch 500/1186 | Loss 2.56104 (NLL 4.53718 [logdet 1.69166, mahal 1.00764], MS 1.88046, L1 2.00955, Spectral 0.26681, Gradient 0.48483, Quantile 1.00622) | LR 1.00e-04
2026-06-28 11:23:18,391 INFO Epoch 1 | Batch 550/1186 | Loss 2.57091 (NLL 4.49191 [logdet 1.68625, mahal 0.96778], MS 1.89712, L1 2.00713, Spectral 0.26796, Gradient 0.48918, Quantile 1.03383) | LR 1.00e-04
2026-06-28 11:23:40,123 INFO Epoch 1 | Batch 600/1186 | Loss 2.57625 (NLL 4.55918 [logdet 1.68035, mahal 1.04096], MS 1.89237, L1 2.01505, Spectral 0.26560, Gradient 0.48704, Quantile 1.00271) | LR 1.00e-04
2026-06-28 11:24:01,847 INFO Epoch 1 | Batch 650/1186 | Loss 2.59645 (NLL 4.56731 [logdet 1.72346, mahal 1.00597], MS 1.91136, L1 2.06244, Spectral 0.26617, Gradient 0.48986, Quantile 1.02977) | LR 1.00e-04
2026-06-28 11:24:23,603 INFO Epoch 1 | Batch 700/1186 | Loss 2.57761 (NLL 4.54692 [logdet 1.69455, mahal 1.01449], MS 1.89557, L1 2.02347, Spectral 0.26590, Gradient 0.49023, Quantile 0.98110) | LR 1.00e-04
2026-06-28 11:24:45,324 INFO Epoch 1 | Batch 750/1186 | Loss 2.53677 (NLL 4.47649 [logdet 1.68444, mahal 0.95418], MS 1.86530, L1 1.96529, Spectral 0.26596, Gradient 0.48981, Quantile 0.97435) | LR 1.00e-04
2026-06-28 11:25:07,047 INFO Epoch 1 | Batch 800/1186 | Loss 2.58343 (NLL 4.53947 [logdet 1.69144, mahal 1.01015], MS 1.90251, L1 1.98759, Spectral 0.26755, Gradient 0.48647, Quantile 0.95935) | LR 1.00e-04
2026-06-28 11:25:28,788 INFO Epoch 1 | Batch 850/1186 | Loss 2.57392 (NLL 4.50203 [logdet 1.70743, mahal 0.95672], MS 1.89862, L1 1.99977, Spectral 0.26418, Gradient 0.49277, Quantile 0.98110) | LR 1.00e-04
2026-06-28 11:25:50,527 INFO Epoch 1 | Batch 900/1186 | Loss 2.61068 (NLL 4.55914 [logdet 1.68847, mahal 1.03279], MS 1.92681, L1 2.05107, Spectral 0.27187, Gradient 0.49079, Quantile 1.03725) | LR 1.00e-04
2026-06-28 11:26:12,253 INFO Epoch 1 | Batch 950/1186 | Loss 2.59751 (NLL 4.50135 [logdet 1.68522, mahal 0.97826], MS 1.92230, L1 2.03091, Spectral 0.27178, Gradient 0.50055, Quantile 1.03532) | LR 1.00e-04
2026-06-28 11:26:33,975 INFO Epoch 1 | Batch 1000/1186 | Loss 2.61384 (NLL 4.56287 [logdet 1.70174, mahal 1.02326], MS 1.92941, L1 2.03712, Spectral 0.26706, Gradient 0.49308, Quantile 1.00012) | LR 1.00e-04
2026-06-28 11:26:55,689 INFO Epoch 1 | Batch 1050/1186 | Loss 2.60767 (NLL 4.56552 [logdet 1.70414, mahal 1.02351], MS 1.92284, L1 2.08516, Spectral 0.26844, Gradient 0.49833, Quantile 1.00060) | LR 1.00e-04
2026-06-28 11:27:17,433 INFO Epoch 1 | Batch 1100/1186 | Loss 2.61768 (NLL 4.55869 [logdet 1.70038, mahal 1.02043], MS 1.93387, L1 2.06252, Spectral 0.26895, Gradient 0.49358, Quantile 1.02879) | LR 1.00e-04
2026-06-28 11:27:39,170 INFO Epoch 1 | Batch 1150/1186 | Loss 2.60265 (NLL 4.53559 [logdet 1.72464, mahal 0.97307], MS 1.92231, L1 2.02397, Spectral 0.27282, Gradient 0.49431, Quantile 1.02109) | LR 1.00e-04
2026-06-28 11:28:30,412 INFO Epoch 1 | Val Loss 2.74309 (NLL 4.46991 [logdet 1.71750, mahal 0.91454], MS 2.07260, L1 1.92482, Spectral 0.26452, Gradient 0.48521, Quantile 0.96971)
2026-06-28 11:28:52,435 INFO Epoch 2 | Batch 50/1186 | Loss 2.64722 (NLL 4.58019 [logdet 1.73279, mahal 1.00953], MS 1.96019, L1 2.08076, Spectral 0.27040, Gradient 0.49715, Quantile 1.04767) | LR 1.00e-04
2026-06-28 11:29:14,090 INFO Epoch 2 | Batch 100/1186 | Loss 2.53525 (NLL 4.51440 [logdet 1.71507, mahal 0.96145], MS 1.85809, L1 1.98142, Spectral 0.26130, Gradient 0.48320, Quantile 0.96367) | LR 1.00e-04
2026-06-28 11:29:35,751 INFO Epoch 2 | Batch 150/1186 | Loss 2.57151 (NLL 4.54267 [logdet 1.71574, mahal 0.98905], MS 1.89011, L1 2.01032, Spectral 0.26475, Gradient 0.48553, Quantile 0.99220) | LR 1.00e-04
2026-06-28 11:29:57,419 INFO Epoch 2 | Batch 200/1186 | Loss 2.58013 (NLL 4.51056 [logdet 1.71258, mahal 0.96010], MS 1.90354, L1 1.99375, Spectral 0.27106, Gradient 0.48529, Quantile 0.96676) | LR 1.00e-04
2026-06-28 11:30:19,080 INFO Epoch 2 | Batch 250/1186 | Loss 2.63908 (NLL 4.54581 [logdet 1.71230, mahal 0.99563], MS 1.95721, L1 2.04870, Spectral 0.26887, Gradient 0.49090, Quantile 0.96916) | LR 1.00e-04
